<?xml version="1.0" encoding="ISO-8859-1" ?>
<link_info>
   <banner>MSP430 Linker Unix v18.12.3.LTS</banner>
   <copyright>Copyright (c) 2003-2018 Texas Instruments Incorporated</copyright>
   <link_time>0x5d9bf40d</link_time>
   <link_errors>0x0</link_errors>
   <output_file>Blink.out</output_file>
   <entry_point>
      <name>_c_int00_noargs_mpu</name>
      <address>0x99f6</address>
   </entry_point>
   <input_file_list>
      <input_file id="fl-2">
         <path>./</path>
         <kind>object</kind>
         <file>blink.obj</file>
         <name>blink.obj</name>
      </input_file>
      <input_file id="fl-3">
         <path>./FreeRTOS/</path>
         <kind>object</kind>
         <file>croutine.obj</file>
         <name>croutine.obj</name>
      </input_file>
      <input_file id="fl-4">
         <path>./FreeRTOS/</path>
         <kind>object</kind>
         <file>event_groups.obj</file>
         <name>event_groups.obj</name>
      </input_file>
      <input_file id="fl-5">
         <path>./FreeRTOS/</path>
         <kind>object</kind>
         <file>list.obj</file>
         <name>list.obj</name>
      </input_file>
      <input_file id="fl-6">
         <path>./FreeRTOS/</path>
         <kind>object</kind>
         <file>queue.obj</file>
         <name>queue.obj</name>
      </input_file>
      <input_file id="fl-7">
         <path>./FreeRTOS/</path>
         <kind>object</kind>
         <file>stream_buffer.obj</file>
         <name>stream_buffer.obj</name>
      </input_file>
      <input_file id="fl-8">
         <path>./FreeRTOS/</path>
         <kind>object</kind>
         <file>tasks.obj</file>
         <name>tasks.obj</name>
      </input_file>
      <input_file id="fl-9">
         <path>./FreeRTOS/</path>
         <kind>object</kind>
         <file>timers.obj</file>
         <name>timers.obj</name>
      </input_file>
      <input_file id="fl-a">
         <path>./FreeRTOS/portable/</path>
         <kind>object</kind>
         <file>heap_1.obj</file>
         <name>heap_1.obj</name>
      </input_file>
      <input_file id="fl-b">
         <path>./FreeRTOS/portable/</path>
         <kind>object</kind>
         <file>port.obj</file>
         <name>port.obj</name>
      </input_file>
      <input_file id="fl-c">
         <path>./FreeRTOS/portable/</path>
         <kind>object</kind>
         <file>portext.obj</file>
         <name>portext.obj</name>
      </input_file>
      <input_file id="fl-d">
         <path>./driverlib/MSP430FR2xx_4xx/</path>
         <kind>object</kind>
         <file>adc.obj</file>
         <name>adc.obj</name>
      </input_file>
      <input_file id="fl-e">
         <path>./driverlib/MSP430FR2xx_4xx/</path>
         <kind>object</kind>
         <file>crc.obj</file>
         <name>crc.obj</name>
      </input_file>
      <input_file id="fl-f">
         <path>./driverlib/MSP430FR2xx_4xx/</path>
         <kind>object</kind>
         <file>cs.obj</file>
         <name>cs.obj</name>
      </input_file>
      <input_file id="fl-10">
         <path>./driverlib/MSP430FR2xx_4xx/</path>
         <kind>object</kind>
         <file>ecomp.obj</file>
         <name>ecomp.obj</name>
      </input_file>
      <input_file id="fl-11">
         <path>./driverlib/MSP430FR2xx_4xx/</path>
         <kind>object</kind>
         <file>eusci_a_spi.obj</file>
         <name>eusci_a_spi.obj</name>
      </input_file>
      <input_file id="fl-12">
         <path>./driverlib/MSP430FR2xx_4xx/</path>
         <kind>object</kind>
         <file>eusci_a_uart.obj</file>
         <name>eusci_a_uart.obj</name>
      </input_file>
      <input_file id="fl-13">
         <path>./driverlib/MSP430FR2xx_4xx/</path>
         <kind>object</kind>
         <file>eusci_b_i2c.obj</file>
         <name>eusci_b_i2c.obj</name>
      </input_file>
      <input_file id="fl-14">
         <path>./driverlib/MSP430FR2xx_4xx/</path>
         <kind>object</kind>
         <file>eusci_b_spi.obj</file>
         <name>eusci_b_spi.obj</name>
      </input_file>
      <input_file id="fl-15">
         <path>./driverlib/MSP430FR2xx_4xx/</path>
         <kind>object</kind>
         <file>framctl.obj</file>
         <name>framctl.obj</name>
      </input_file>
      <input_file id="fl-16">
         <path>./driverlib/MSP430FR2xx_4xx/</path>
         <kind>object</kind>
         <file>gpio.obj</file>
         <name>gpio.obj</name>
      </input_file>
      <input_file id="fl-17">
         <path>./driverlib/MSP430FR2xx_4xx/</path>
         <kind>object</kind>
         <file>icc.obj</file>
         <name>icc.obj</name>
      </input_file>
      <input_file id="fl-18">
         <path>./driverlib/MSP430FR2xx_4xx/</path>
         <kind>object</kind>
         <file>lcd_e.obj</file>
         <name>lcd_e.obj</name>
      </input_file>
      <input_file id="fl-19">
         <path>./driverlib/MSP430FR2xx_4xx/</path>
         <kind>object</kind>
         <file>mpy32.obj</file>
         <name>mpy32.obj</name>
      </input_file>
      <input_file id="fl-1a">
         <path>./driverlib/MSP430FR2xx_4xx/</path>
         <kind>object</kind>
         <file>pmm.obj</file>
         <name>pmm.obj</name>
      </input_file>
      <input_file id="fl-1b">
         <path>./driverlib/MSP430FR2xx_4xx/</path>
         <kind>object</kind>
         <file>rtc.obj</file>
         <name>rtc.obj</name>
      </input_file>
      <input_file id="fl-1c">
         <path>./driverlib/MSP430FR2xx_4xx/</path>
         <kind>object</kind>
         <file>sac.obj</file>
         <name>sac.obj</name>
      </input_file>
      <input_file id="fl-1d">
         <path>./driverlib/MSP430FR2xx_4xx/</path>
         <kind>object</kind>
         <file>sfr.obj</file>
         <name>sfr.obj</name>
      </input_file>
      <input_file id="fl-1e">
         <path>./driverlib/MSP430FR2xx_4xx/</path>
         <kind>object</kind>
         <file>sysctl.obj</file>
         <name>sysctl.obj</name>
      </input_file>
      <input_file id="fl-1f">
         <path>./driverlib/MSP430FR2xx_4xx/</path>
         <kind>object</kind>
         <file>tia.obj</file>
         <name>tia.obj</name>
      </input_file>
      <input_file id="fl-20">
         <path>./driverlib/MSP430FR2xx_4xx/</path>
         <kind>object</kind>
         <file>timer_a.obj</file>
         <name>timer_a.obj</name>
      </input_file>
      <input_file id="fl-21">
         <path>./driverlib/MSP430FR2xx_4xx/</path>
         <kind>object</kind>
         <file>timer_b.obj</file>
         <name>timer_b.obj</name>
      </input_file>
      <input_file id="fl-22">
         <path>./driverlib/MSP430FR2xx_4xx/</path>
         <kind>object</kind>
         <file>tlv.obj</file>
         <name>tlv.obj</name>
      </input_file>
      <input_file id="fl-23">
         <path>./driverlib/MSP430FR2xx_4xx/</path>
         <kind>object</kind>
         <file>wdt_a.obj</file>
         <name>wdt_a.obj</name>
      </input_file>
      <input_file id="fl-29">
         <kind>object</kind>
         <file>&lt;internal&gt;</file>
         <name>&lt;internal&gt;</name>
      </input_file>
      <input_file id="fl-44">
         <path>/home/evan/ti/ccs910/ccs/tools/compiler/ti-cgt-msp430_18.12.3.LTS/lib/</path>
         <kind>archive</kind>
         <file>rts430x_lc_sd_eabi.lib</file>
         <name>copy_decompress_lzss.c.obj</name>
      </input_file>
      <input_file id="fl-45">
         <path>/home/evan/ti/ccs910/ccs/tools/compiler/ti-cgt-msp430_18.12.3.LTS/lib/</path>
         <kind>archive</kind>
         <file>rts430x_lc_sd_eabi.lib</file>
         <name>copy_decompress_none.c.obj</name>
      </input_file>
      <input_file id="fl-46">
         <path>/home/evan/ti/ccs910/ccs/tools/compiler/ti-cgt-msp430_18.12.3.LTS/lib/</path>
         <kind>archive</kind>
         <file>rts430x_lc_sd_eabi.lib</file>
         <name>int20.asm.obj</name>
      </input_file>
      <input_file id="fl-47">
         <path>/home/evan/ti/ccs910/ccs/tools/compiler/ti-cgt-msp430_18.12.3.LTS/lib/</path>
         <kind>archive</kind>
         <file>rts430x_lc_sd_eabi.lib</file>
         <name>isr_trap.asm.obj</name>
      </input_file>
      <input_file id="fl-48">
         <path>/home/evan/ti/ccs910/ccs/tools/compiler/ti-cgt-msp430_18.12.3.LTS/lib/</path>
         <kind>archive</kind>
         <file>rts430x_lc_sd_eabi.lib</file>
         <name>int21.asm.obj</name>
      </input_file>
      <input_file id="fl-49">
         <path>/home/evan/ti/ccs910/ccs/tools/compiler/ti-cgt-msp430_18.12.3.LTS/lib/</path>
         <kind>archive</kind>
         <file>rts430x_lc_sd_eabi.lib</file>
         <name>int22.asm.obj</name>
      </input_file>
      <input_file id="fl-4a">
         <path>/home/evan/ti/ccs910/ccs/tools/compiler/ti-cgt-msp430_18.12.3.LTS/lib/</path>
         <kind>archive</kind>
         <file>rts430x_lc_sd_eabi.lib</file>
         <name>int23.asm.obj</name>
      </input_file>
      <input_file id="fl-4b">
         <path>/home/evan/ti/ccs910/ccs/tools/compiler/ti-cgt-msp430_18.12.3.LTS/lib/</path>
         <kind>archive</kind>
         <file>rts430x_lc_sd_eabi.lib</file>
         <name>int24.asm.obj</name>
      </input_file>
      <input_file id="fl-4c">
         <path>/home/evan/ti/ccs910/ccs/tools/compiler/ti-cgt-msp430_18.12.3.LTS/lib/</path>
         <kind>archive</kind>
         <file>rts430x_lc_sd_eabi.lib</file>
         <name>int25.asm.obj</name>
      </input_file>
      <input_file id="fl-4d">
         <path>/home/evan/ti/ccs910/ccs/tools/compiler/ti-cgt-msp430_18.12.3.LTS/lib/</path>
         <kind>archive</kind>
         <file>rts430x_lc_sd_eabi.lib</file>
         <name>int26.asm.obj</name>
      </input_file>
      <input_file id="fl-4e">
         <path>/home/evan/ti/ccs910/ccs/tools/compiler/ti-cgt-msp430_18.12.3.LTS/lib/</path>
         <kind>archive</kind>
         <file>rts430x_lc_sd_eabi.lib</file>
         <name>int27.asm.obj</name>
      </input_file>
      <input_file id="fl-4f">
         <path>/home/evan/ti/ccs910/ccs/tools/compiler/ti-cgt-msp430_18.12.3.LTS/lib/</path>
         <kind>archive</kind>
         <file>rts430x_lc_sd_eabi.lib</file>
         <name>int28.asm.obj</name>
      </input_file>
      <input_file id="fl-50">
         <path>/home/evan/ti/ccs910/ccs/tools/compiler/ti-cgt-msp430_18.12.3.LTS/lib/</path>
         <kind>archive</kind>
         <file>rts430x_lc_sd_eabi.lib</file>
         <name>int29.asm.obj</name>
      </input_file>
      <input_file id="fl-51">
         <path>/home/evan/ti/ccs910/ccs/tools/compiler/ti-cgt-msp430_18.12.3.LTS/lib/</path>
         <kind>archive</kind>
         <file>rts430x_lc_sd_eabi.lib</file>
         <name>int30.asm.obj</name>
      </input_file>
      <input_file id="fl-52">
         <path>/home/evan/ti/ccs910/ccs/tools/compiler/ti-cgt-msp430_18.12.3.LTS/lib/</path>
         <kind>archive</kind>
         <file>rts430x_lc_sd_eabi.lib</file>
         <name>int31.asm.obj</name>
      </input_file>
      <input_file id="fl-53">
         <path>/home/evan/ti/ccs910/ccs/tools/compiler/ti-cgt-msp430_18.12.3.LTS/lib/</path>
         <kind>archive</kind>
         <file>rts430x_lc_sd_eabi.lib</file>
         <name>int32.asm.obj</name>
      </input_file>
      <input_file id="fl-54">
         <path>/home/evan/ti/ccs910/ccs/tools/compiler/ti-cgt-msp430_18.12.3.LTS/lib/</path>
         <kind>archive</kind>
         <file>rts430x_lc_sd_eabi.lib</file>
         <name>int33.asm.obj</name>
      </input_file>
      <input_file id="fl-55">
         <path>/home/evan/ti/ccs910/ccs/tools/compiler/ti-cgt-msp430_18.12.3.LTS/lib/</path>
         <kind>archive</kind>
         <file>rts430x_lc_sd_eabi.lib</file>
         <name>int34.asm.obj</name>
      </input_file>
      <input_file id="fl-56">
         <path>/home/evan/ti/ccs910/ccs/tools/compiler/ti-cgt-msp430_18.12.3.LTS/lib/</path>
         <kind>archive</kind>
         <file>rts430x_lc_sd_eabi.lib</file>
         <name>int35.asm.obj</name>
      </input_file>
      <input_file id="fl-57">
         <path>/home/evan/ti/ccs910/ccs/tools/compiler/ti-cgt-msp430_18.12.3.LTS/lib/</path>
         <kind>archive</kind>
         <file>rts430x_lc_sd_eabi.lib</file>
         <name>int36.asm.obj</name>
      </input_file>
      <input_file id="fl-58">
         <path>/home/evan/ti/ccs910/ccs/tools/compiler/ti-cgt-msp430_18.12.3.LTS/lib/</path>
         <kind>archive</kind>
         <file>rts430x_lc_sd_eabi.lib</file>
         <name>int37.asm.obj</name>
      </input_file>
      <input_file id="fl-59">
         <path>/home/evan/ti/ccs910/ccs/tools/compiler/ti-cgt-msp430_18.12.3.LTS/lib/</path>
         <kind>archive</kind>
         <file>rts430x_lc_sd_eabi.lib</file>
         <name>int38.asm.obj</name>
      </input_file>
      <input_file id="fl-5a">
         <path>/home/evan/ti/ccs910/ccs/tools/compiler/ti-cgt-msp430_18.12.3.LTS/lib/</path>
         <kind>archive</kind>
         <file>rts430x_lc_sd_eabi.lib</file>
         <name>int39.asm.obj</name>
      </input_file>
      <input_file id="fl-5b">
         <path>/home/evan/ti/ccs910/ccs/tools/compiler/ti-cgt-msp430_18.12.3.LTS/lib/</path>
         <kind>archive</kind>
         <file>rts430x_lc_sd_eabi.lib</file>
         <name>int40.asm.obj</name>
      </input_file>
      <input_file id="fl-5c">
         <path>/home/evan/ti/ccs910/ccs/tools/compiler/ti-cgt-msp430_18.12.3.LTS/lib/</path>
         <kind>archive</kind>
         <file>rts430x_lc_sd_eabi.lib</file>
         <name>int41.asm.obj</name>
      </input_file>
      <input_file id="fl-5d">
         <path>/home/evan/ti/ccs910/ccs/tools/compiler/ti-cgt-msp430_18.12.3.LTS/lib/</path>
         <kind>archive</kind>
         <file>rts430x_lc_sd_eabi.lib</file>
         <name>int42.asm.obj</name>
      </input_file>
      <input_file id="fl-5e">
         <path>/home/evan/ti/ccs910/ccs/tools/compiler/ti-cgt-msp430_18.12.3.LTS/lib/</path>
         <kind>archive</kind>
         <file>rts430x_lc_sd_eabi.lib</file>
         <name>int44.asm.obj</name>
      </input_file>
      <input_file id="fl-5f">
         <path>/home/evan/ti/ccs910/ccs/tools/compiler/ti-cgt-msp430_18.12.3.LTS/lib/</path>
         <kind>archive</kind>
         <file>rts430x_lc_sd_eabi.lib</file>
         <name>int45.asm.obj</name>
      </input_file>
      <input_file id="fl-60">
         <path>/home/evan/ti/ccs910/ccs/tools/compiler/ti-cgt-msp430_18.12.3.LTS/lib/</path>
         <kind>archive</kind>
         <file>rts430x_lc_sd_eabi.lib</file>
         <name>copy_zero_init.c.obj</name>
      </input_file>
      <input_file id="fl-61">
         <path>/home/evan/ti/ccs910/ccs/tools/compiler/ti-cgt-msp430_18.12.3.LTS/lib/</path>
         <kind>archive</kind>
         <file>rts430x_lc_sd_eabi.lib</file>
         <name>cpy_util.asm.obj</name>
      </input_file>
      <input_file id="fl-62">
         <path>/home/evan/ti/ccs910/ccs/tools/compiler/ti-cgt-msp430_18.12.3.LTS/lib/</path>
         <kind>archive</kind>
         <file>rts430x_lc_sd_eabi.lib</file>
         <name>div16s.asm.obj</name>
      </input_file>
      <input_file id="fl-63">
         <path>/home/evan/ti/ccs910/ccs/tools/compiler/ti-cgt-msp430_18.12.3.LTS/lib/</path>
         <kind>archive</kind>
         <file>rts430x_lc_sd_eabi.lib</file>
         <name>div32s.asm.obj</name>
      </input_file>
      <input_file id="fl-64">
         <path>/home/evan/ti/ccs910/ccs/tools/compiler/ti-cgt-msp430_18.12.3.LTS/lib/</path>
         <kind>archive</kind>
         <file>rts430x_lc_sd_eabi.lib</file>
         <name>div16u.asm.obj</name>
      </input_file>
      <input_file id="fl-65">
         <path>/home/evan/ti/ccs910/ccs/tools/compiler/ti-cgt-msp430_18.12.3.LTS/lib/</path>
         <kind>archive</kind>
         <file>rts430x_lc_sd_eabi.lib</file>
         <name>div32u.asm.obj</name>
      </input_file>
      <input_file id="fl-66">
         <path>/home/evan/ti/ccs910/ccs/tools/compiler/ti-cgt-msp430_18.12.3.LTS/lib/</path>
         <kind>archive</kind>
         <file>rts430x_lc_sd_eabi.lib</file>
         <name>mult16.asm.obj</name>
      </input_file>
      <input_file id="fl-67">
         <path>/home/evan/ti/ccs910/ccs/tools/compiler/ti-cgt-msp430_18.12.3.LTS/lib/</path>
         <kind>archive</kind>
         <file>rts430x_lc_sd_eabi.lib</file>
         <name>mult16_f5hw.asm.obj</name>
      </input_file>
      <input_file id="fl-68">
         <path>/home/evan/ti/ccs910/ccs/tools/compiler/ti-cgt-msp430_18.12.3.LTS/lib/</path>
         <kind>archive</kind>
         <file>rts430x_lc_sd_eabi.lib</file>
         <name>mult32.asm.obj</name>
      </input_file>
      <input_file id="fl-69">
         <path>/home/evan/ti/ccs910/ccs/tools/compiler/ti-cgt-msp430_18.12.3.LTS/lib/</path>
         <kind>archive</kind>
         <file>rts430x_lc_sd_eabi.lib</file>
         <name>mult32_f5hw.asm.obj</name>
      </input_file>
      <input_file id="fl-6a">
         <path>/home/evan/ti/ccs910/ccs/tools/compiler/ti-cgt-msp430_18.12.3.LTS/lib/</path>
         <kind>archive</kind>
         <file>rts430x_lc_sd_eabi.lib</file>
         <name>mult64_f5hw.asm.obj</name>
      </input_file>
      <input_file id="fl-6b">
         <path>/home/evan/ti/ccs910/ccs/tools/compiler/ti-cgt-msp430_18.12.3.LTS/lib/</path>
         <kind>archive</kind>
         <file>rts430x_lc_sd_eabi.lib</file>
         <name>mult1632_f5hw.asm.obj</name>
      </input_file>
      <input_file id="fl-6c">
         <path>/home/evan/ti/ccs910/ccs/tools/compiler/ti-cgt-msp430_18.12.3.LTS/lib/</path>
         <kind>archive</kind>
         <file>rts430x_lc_sd_eabi.lib</file>
         <name>mult3264_f5hw.asm.obj</name>
      </input_file>
      <input_file id="fl-6d">
         <path>/home/evan/ti/ccs910/ccs/tools/compiler/ti-cgt-msp430_18.12.3.LTS/lib/</path>
         <kind>archive</kind>
         <file>rts430x_lc_sd_eabi.lib</file>
         <name>lsl16.asm.obj</name>
      </input_file>
      <input_file id="fl-6e">
         <path>/home/evan/ti/ccs910/ccs/tools/compiler/ti-cgt-msp430_18.12.3.LTS/lib/</path>
         <kind>archive</kind>
         <file>rts430x_lc_sd_eabi.lib</file>
         <name>boot.c.obj</name>
      </input_file>
      <input_file id="fl-6f">
         <path>/home/evan/ti/ccs910/ccs/ccs_base/msp430/lib/FR2xx/</path>
         <kind>archive</kind>
         <file>FRWP_INIT_LIB_CCS_msp430_large_code_small_data.lib</file>
         <name>frwp_init.obj</name>
      </input_file>
      <input_file id="fl-70">
         <path>/home/evan/ti/ccs910/ccs/tools/compiler/ti-cgt-msp430_18.12.3.LTS/lib/</path>
         <kind>archive</kind>
         <file>rts430x_lc_sd_eabi.lib</file>
         <name>args_main.c.obj</name>
      </input_file>
      <input_file id="fl-71">
         <path>/home/evan/ti/ccs910/ccs/tools/compiler/ti-cgt-msp430_18.12.3.LTS/lib/</path>
         <kind>archive</kind>
         <file>rts430x_lc_sd_eabi.lib</file>
         <name>autoinit.c.obj</name>
      </input_file>
      <input_file id="fl-72">
         <path>/home/evan/ti/ccs910/ccs/tools/compiler/ti-cgt-msp430_18.12.3.LTS/lib/</path>
         <kind>archive</kind>
         <file>rts430x_lc_sd_eabi.lib</file>
         <name>startup.c.obj</name>
      </input_file>
      <input_file id="fl-73">
         <path>/home/evan/ti/ccs910/ccs/tools/compiler/ti-cgt-msp430_18.12.3.LTS/lib/</path>
         <kind>archive</kind>
         <file>rts430x_lc_sd_eabi.lib</file>
         <name>pre_init.c.obj</name>
      </input_file>
      <input_file id="fl-74">
         <path>/home/evan/ti/ccs910/ccs/tools/compiler/ti-cgt-msp430_18.12.3.LTS/lib/</path>
         <kind>archive</kind>
         <file>rts430x_lc_sd_eabi.lib</file>
         <name>cpy_tbl.c.obj</name>
      </input_file>
      <input_file id="fl-75">
         <path>/home/evan/ti/ccs910/ccs/tools/compiler/ti-cgt-msp430_18.12.3.LTS/lib/</path>
         <kind>archive</kind>
         <file>rts430x_lc_sd_eabi.lib</file>
         <name>exit.c.obj</name>
      </input_file>
      <input_file id="fl-76">
         <path>/home/evan/ti/ccs910/ccs/tools/compiler/ti-cgt-msp430_18.12.3.LTS/lib/</path>
         <kind>archive</kind>
         <file>rts430x_lc_sd_eabi.lib</file>
         <name>exit_gvars.c.obj</name>
      </input_file>
      <input_file id="fl-77">
         <path>/home/evan/ti/ccs910/ccs/tools/compiler/ti-cgt-msp430_18.12.3.LTS/lib/</path>
         <kind>archive</kind>
         <file>rts430x_lc_sd_eabi.lib</file>
         <name>_lock.c.obj</name>
      </input_file>
      <input_file id="fl-78">
         <path>/home/evan/ti/ccs910/ccs/tools/compiler/ti-cgt-msp430_18.12.3.LTS/lib/</path>
         <kind>archive</kind>
         <file>rts430x_lc_sd_eabi.lib</file>
         <name>memcpy.c.obj</name>
      </input_file>
      <input_file id="fl-79">
         <path>/home/evan/ti/ccs910/ccs/tools/compiler/ti-cgt-msp430_18.12.3.LTS/lib/</path>
         <kind>archive</kind>
         <file>rts430x_lc_sd_eabi.lib</file>
         <name>memset.c.obj</name>
      </input_file>
   </input_file_list>
   <object_component_list>
      <object_component id="oc-8a0">
         <name>__TI_handler_table</name>
         <load_address>0x8000</load_address>
         <run_address>0x8000</run_address>
         <size>0xc</size>
      </object_component>
      <object_component id="oc-8a3">
         <name>.cinit..data.load</name>
         <load_address>0x800c</load_address>
         <run_address>0x800c</run_address>
         <size>0xa</size>
      </object_component>
      <object_component id="oc-8a2">
         <name>.cinit..bss.load</name>
         <load_address>0x8016</load_address>
         <run_address>0x8016</run_address>
         <size>0x6</size>
      </object_component>
      <object_component id="oc-8a1">
         <name>__TI_cinit_table</name>
         <load_address>0x801c</load_address>
         <run_address>0x801c</run_address>
         <size>0x10</size>
      </object_component>
      <object_component id="oc-83e">
         <name>.binit</name>
         <load_address>0x802c</load_address>
         <run_address>0x802c</run_address>
         <size>0x0</size>
      </object_component>
      <object_component id="oc-59d">
         <name>.const:GPIO_PORT_TO_BASE</name>
         <load_address>0x802c</load_address>
         <run_address>0x802c</run_address>
         <size>0x1c</size>
         <input_file_ref idref="fl-16"/>
      </object_component>
      <object_component id="oc-50e">
         <name>.const:.string</name>
         <load_address>0x8048</load_address>
         <run_address>0x8048</run_address>
         <size>0xc</size>
         <input_file_ref idref="fl-2"/>
      </object_component>
      <object_component id="oc-6b5">
         <name>.const:.string</name>
         <load_address>0x8054</load_address>
         <run_address>0x8054</run_address>
         <size>0x8</size>
         <input_file_ref idref="fl-9"/>
      </object_component>
      <object_component id="oc-5d9">
         <name>.const:.string</name>
         <load_address>0x805c</load_address>
         <run_address>0x805c</run_address>
         <size>0x6</size>
         <input_file_ref idref="fl-8"/>
      </object_component>
      <object_component id="oc-7e9">
         <name>.text:xQueueGenericSend</name>
         <load_address>0x8062</load_address>
         <run_address>0x8062</run_address>
         <size>0x196</size>
         <input_file_ref idref="fl-6"/>
      </object_component>
      <object_component id="oc-7b1">
         <name>.text:xQueueReceive</name>
         <load_address>0x81f8</load_address>
         <run_address>0x81f8</run_address>
         <size>0x180</size>
         <input_file_ref idref="fl-6"/>
      </object_component>
      <object_component id="oc-746">
         <name>.text:prvProcessReceivedCommands</name>
         <load_address>0x8378</load_address>
         <run_address>0x8378</run_address>
         <size>0x13a</size>
         <input_file_ref idref="fl-9"/>
      </object_component>
      <object_component id="oc-4e2">
         <name>.text:xTaskIncrementTick</name>
         <load_address>0x84b2</load_address>
         <run_address>0x84b2</run_address>
         <size>0x112</size>
         <input_file_ref idref="fl-8"/>
      </object_component>
      <object_component id="oc-6a">
         <name>.text:decompress:lzss:__TI_decompress_lzss</name>
         <load_address>0x85c4</load_address>
         <run_address>0x85c4</run_address>
         <size>0xee</size>
         <input_file_ref idref="fl-44"/>
      </object_component>
      <object_component id="oc-66a">
         <name>.text:xTaskResumeAll</name>
         <load_address>0x86b2</load_address>
         <run_address>0x86b2</run_address>
         <size>0xd2</size>
         <input_file_ref idref="fl-8"/>
      </object_component>
      <object_component id="oc-5c1">
         <name>.text:prvInitialiseNewTask</name>
         <load_address>0x8784</load_address>
         <run_address>0x8784</run_address>
         <size>0xce</size>
         <input_file_ref idref="fl-8"/>
      </object_component>
      <object_component id="oc-4a8">
         <name>.text</name>
         <load_address>0x8852</load_address>
         <run_address>0x8852</run_address>
         <size>0xa6</size>
         <input_file_ref idref="fl-c"/>
      </object_component>
      <object_component id="oc-7ce">
         <name>.text:prvSwitchTimerLists</name>
         <load_address>0x88f8</load_address>
         <run_address>0x88f8</run_address>
         <size>0x9e</size>
         <input_file_ref idref="fl-9"/>
      </object_component>
      <object_component id="oc-7da">
         <name>.text:prvUnlockQueue</name>
         <load_address>0x8996</load_address>
         <run_address>0x8996</run_address>
         <size>0x9e</size>
         <input_file_ref idref="fl-6"/>
      </object_component>
      <object_component id="oc-808">
         <name>.text:xTaskCheckForTimeOut</name>
         <load_address>0x8a34</load_address>
         <run_address>0x8a34</run_address>
         <size>0x9e</size>
         <input_file_ref idref="fl-8"/>
      </object_component>
      <object_component id="oc-5c7">
         <name>.text:prvAddNewTaskToReadyList</name>
         <load_address>0x8ad2</load_address>
         <run_address>0x8ad2</run_address>
         <size>0x9c</size>
         <input_file_ref idref="fl-8"/>
      </object_component>
      <object_component id="oc-7ba">
         <name>.text:xQueueGenericReset</name>
         <load_address>0x8b6e</load_address>
         <run_address>0x8b6e</run_address>
         <size>0x9c</size>
         <input_file_ref idref="fl-6"/>
      </object_component>
      <object_component id="oc-7ab">
         <name>.text:xTimerGenericCommand</name>
         <load_address>0x8c0a</load_address>
         <run_address>0x8c0a</run_address>
         <size>0x8c</size>
         <input_file_ref idref="fl-9"/>
      </object_component>
      <object_component id="oc-664">
         <name>.text:prvAddCurrentTaskToDelayedList</name>
         <load_address>0x8c96</load_address>
         <run_address>0x8c96</run_address>
         <size>0x88</size>
         <input_file_ref idref="fl-8"/>
      </object_component>
      <object_component id="oc-79e">
         <name>.text:prvProcessExpiredTimer</name>
         <load_address>0x8d1e</load_address>
         <run_address>0x8d1e</run_address>
         <size>0x82</size>
         <input_file_ref idref="fl-9"/>
      </object_component>
      <object_component id="oc-7ef">
         <name>.text:xQueueGenericSendFromISR</name>
         <load_address>0x8da0</load_address>
         <run_address>0x8da0</run_address>
         <size>0x82</size>
         <input_file_ref idref="fl-6"/>
      </object_component>
      <object_component id="oc-814">
         <name>.text:xTaskRemoveFromEventList</name>
         <load_address>0x8e22</load_address>
         <run_address>0x8e22</run_address>
         <size>0x80</size>
         <input_file_ref idref="fl-8"/>
      </object_component>
      <object_component id="oc-50f">
         <name>.text:xTaskCreate</name>
         <load_address>0x8ea2</load_address>
         <run_address>0x8ea2</run_address>
         <size>0x7c</size>
         <input_file_ref idref="fl-8"/>
      </object_component>
      <object_component id="oc-740">
         <name>.text:prvProcessTimerOrBlockTask</name>
         <load_address>0x8f1e</load_address>
         <run_address>0x8f1e</run_address>
         <size>0x7a</size>
         <input_file_ref idref="fl-9"/>
      </object_component>
      <object_component id="oc-7a5">
         <name>.text:prvInsertTimerInActiveList</name>
         <load_address>0x8f98</load_address>
         <run_address>0x8f98</run_address>
         <size>0x76</size>
         <input_file_ref idref="fl-9"/>
      </object_component>
      <object_component id="oc-4f6">
         <name>.text:prvSetupHardware</name>
         <load_address>0x900e</load_address>
         <run_address>0x900e</run_address>
         <size>0x76</size>
         <input_file_ref idref="fl-2"/>
      </object_component>
      <object_component id="oc-82d">
         <name>.text:prvCopyDataToQueue</name>
         <load_address>0x9084</load_address>
         <run_address>0x9084</run_address>
         <size>0x70</size>
         <input_file_ref idref="fl-6"/>
      </object_component>
      <object_component id="oc-4e8">
         <name>.text:vTaskSwitchContext</name>
         <load_address>0x90f4</load_address>
         <run_address>0x90f4</run_address>
         <size>0x70</size>
         <input_file_ref idref="fl-8"/>
      </object_component>
      <object_component id="oc-540">
         <name>.text:__TI_auto_init_nobinit_nopinit_hold_wdt:__TI_auto_init_nobinit_nopinit_hold_wdt</name>
         <load_address>0x9164</load_address>
         <run_address>0x9164</run_address>
         <size>0x6a</size>
         <input_file_ref idref="fl-71"/>
      </object_component>
      <object_component id="oc-68f">
         <name>.text:prvInitialiseTaskLists</name>
         <load_address>0x91ce</load_address>
         <run_address>0x91ce</run_address>
         <size>0x5e</size>
         <input_file_ref idref="fl-8"/>
      </object_component>
      <object_component id="oc-515">
         <name>.text:vTaskStartScheduler</name>
         <load_address>0x922c</load_address>
         <run_address>0x922c</run_address>
         <size>0x56</size>
         <input_file_ref idref="fl-8"/>
      </object_component>
      <object_component id="oc-6a3">
         <name>.text:prvCheckForValidListAndQueue</name>
         <load_address>0x9282</load_address>
         <run_address>0x9282</run_address>
         <size>0x52</size>
         <input_file_ref idref="fl-9"/>
      </object_component>
      <object_component id="oc-5b5">
         <name>.text:pvPortMalloc</name>
         <load_address>0x92d4</load_address>
         <run_address>0x92d4</run_address>
         <size>0x50</size>
         <input_file_ref idref="fl-a"/>
      </object_component>
      <object_component id="oc-6eb">
         <name>.text:vListInsert</name>
         <load_address>0x9324</load_address>
         <run_address>0x9324</run_address>
         <size>0x50</size>
         <input_file_ref idref="fl-5"/>
      </object_component>
      <object_component id="oc-798">
         <name>.text:vQueueWaitForMessageRestricted</name>
         <load_address>0x9374</load_address>
         <run_address>0x9374</run_address>
         <size>0x50</size>
         <input_file_ref idref="fl-6"/>
      </object_component>
      <object_component id="oc-696">
         <name>.text:prvCheckTasksWaitingTermination</name>
         <load_address>0x93c4</load_address>
         <run_address>0x93c4</run_address>
         <size>0x4e</size>
         <input_file_ref idref="fl-8"/>
      </object_component>
      <object_component id="oc-729">
         <name>.text:xQueueGenericCreate</name>
         <load_address>0x9412</load_address>
         <run_address>0x9412</run_address>
         <size>0x4e</size>
         <input_file_ref idref="fl-6"/>
      </object_component>
      <object_component id="oc-5da">
         <name>.text:xTimerCreateTimerTask</name>
         <load_address>0x9460</load_address>
         <run_address>0x9460</run_address>
         <size>0x44</size>
         <input_file_ref idref="fl-9"/>
      </object_component>
      <object_component id="oc-44a">
         <name>.text:__memcpy_far</name>
         <load_address>0x94a4</load_address>
         <run_address>0x94a4</run_address>
         <size>0x40</size>
         <input_file_ref idref="fl-61"/>
      </object_component>
      <object_component id="oc-467">
         <name>.text:decompress:ZI:__TI_zero_init</name>
         <load_address>0x94e4</load_address>
         <run_address>0x94e4</run_address>
         <size>0x3e</size>
         <input_file_ref idref="fl-60"/>
      </object_component>
      <object_component id="oc-4cd">
         <name>.text:__mpu_init</name>
         <load_address>0x9522</load_address>
         <run_address>0x9522</run_address>
         <size>0x3c</size>
         <input_file_ref idref="fl-6f"/>
      </object_component>
      <object_component id="oc-70">
         <name>.text:decompress:none:__TI_decompress_none</name>
         <load_address>0x955e</load_address>
         <run_address>0x955e</run_address>
         <size>0x3c</size>
         <input_file_ref idref="fl-45"/>
      </object_component>
      <object_component id="oc-4bb">
         <name>.text:main</name>
         <load_address>0x959a</load_address>
         <run_address>0x959a</run_address>
         <size>0x38</size>
         <input_file_ref idref="fl-2"/>
      </object_component>
      <object_component id="oc-796">
         <name>.text:prvSampleTimeNow</name>
         <load_address>0x95d2</load_address>
         <run_address>0x95d2</run_address>
         <size>0x38</size>
         <input_file_ref idref="fl-9"/>
      </object_component>
      <object_component id="oc-7d4">
         <name>.text:vTaskPlaceOnEventListRestricted</name>
         <load_address>0x960a</load_address>
         <run_address>0x960a</run_address>
         <size>0x38</size>
         <input_file_ref idref="fl-8"/>
      </object_component>
      <object_component id="oc-5ad">
         <name>.text:vTaskDelay</name>
         <load_address>0x9642</load_address>
         <run_address>0x9642</run_address>
         <size>0x34</size>
         <input_file_ref idref="fl-8"/>
      </object_component>
      <object_component id="oc-579">
         <name>.text:uxListRemove</name>
         <load_address>0x9676</load_address>
         <run_address>0x9676</run_address>
         <size>0x30</size>
         <input_file_ref idref="fl-5"/>
      </object_component>
      <object_component id="oc-73a">
         <name>.text:prvGetNextExpireTime</name>
         <load_address>0x96a6</load_address>
         <run_address>0x96a6</run_address>
         <size>0x2e</size>
         <input_file_ref idref="fl-9"/>
      </object_component>
      <object_component id="oc-827">
         <name>.text:prvIsQueueFull</name>
         <load_address>0x96d4</load_address>
         <run_address>0x96d4</run_address>
         <size>0x2e</size>
         <input_file_ref idref="fl-6"/>
      </object_component>
      <object_component id="oc-573">
         <name>.text:prvResetNextTaskUnblockTime</name>
         <load_address>0x9702</load_address>
         <run_address>0x9702</run_address>
         <size>0x2e</size>
         <input_file_ref idref="fl-8"/>
      </object_component>
      <object_component id="oc-7fc">
         <name>.text:vTaskPlaceOnEventList</name>
         <load_address>0x9730</load_address>
         <run_address>0x9730</run_address>
         <size>0x2e</size>
         <input_file_ref idref="fl-8"/>
      </object_component>
      <object_component id="oc-7f6">
         <name>.text:prvIsQueueEmpty</name>
         <load_address>0x975e</load_address>
         <run_address>0x975e</run_address>
         <size>0x2c</size>
         <input_file_ref idref="fl-6"/>
      </object_component>
      <object_component id="oc-80e">
         <name>.text:prvCopyDataFromQueue</name>
         <load_address>0x978a</load_address>
         <run_address>0x978a</run_address>
         <size>0x2a</size>
         <input_file_ref idref="fl-6"/>
      </object_component>
      <object_component id="oc-77c">
         <name>.text:prvInitialiseNewQueue</name>
         <load_address>0x97b4</load_address>
         <run_address>0x97b4</run_address>
         <size>0x2a</size>
         <input_file_ref idref="fl-6"/>
      </object_component>
      <object_component id="oc-7c8">
         <name>.text:xTaskGetTickCount</name>
         <load_address>0x97de</load_address>
         <run_address>0x97de</run_address>
         <size>0x28</size>
         <input_file_ref idref="fl-8"/>
      </object_component>
      <object_component id="oc-4ee">
         <name>.text:vApplicationSetupTimerInterrupt</name>
         <load_address>0x9806</load_address>
         <run_address>0x9806</run_address>
         <size>0x26</size>
         <input_file_ref idref="fl-2"/>
      </object_component>
      <object_component id="oc-708">
         <name>.text:vListInitialise</name>
         <load_address>0x982c</load_address>
         <run_address>0x982c</run_address>
         <size>0x26</size>
         <input_file_ref idref="fl-5"/>
      </object_component>
      <object_component id="oc-587">
         <name>.text:vListInsertEnd</name>
         <load_address>0x9852</load_address>
         <run_address>0x9852</run_address>
         <size>0x24</size>
         <input_file_ref idref="fl-5"/>
      </object_component>
      <object_component id="oc-688">
         <name>.text:pxPortInitialiseStack</name>
         <load_address>0x9876</load_address>
         <run_address>0x9876</run_address>
         <size>0x20</size>
         <input_file_ref idref="fl-b"/>
      </object_component>
      <object_component id="oc-502">
         <name>.text:GPIO_setAsOutputPin</name>
         <load_address>0x9896</load_address>
         <run_address>0x9896</run_address>
         <size>0x1e</size>
         <input_file_ref idref="fl-16"/>
      </object_component>
      <object_component id="oc-57f">
         <name>.text</name>
         <load_address>0x98b4</load_address>
         <run_address>0x98b4</run_address>
         <size>0x18</size>
         <input_file_ref idref="fl-67"/>
      </object_component>
      <object_component id="oc-7e3">
         <name>.text:xTaskGetSchedulerState</name>
         <load_address>0x98cc</load_address>
         <run_address>0x98cc</run_address>
         <size>0x18</size>
         <input_file_ref idref="fl-8"/>
      </object_component>
      <object_component id="oc-4fc">
         <name>.text:GPIO_setOutputLowOnPin</name>
         <load_address>0x98e4</load_address>
         <run_address>0x98e4</run_address>
         <size>0x16</size>
         <input_file_ref idref="fl-16"/>
      </object_component>
      <object_component id="oc-5a7">
         <name>.text:GPIO_toggleOutputOnPin</name>
         <load_address>0x98fa</load_address>
         <run_address>0x98fa</run_address>
         <size>0x16</size>
         <input_file_ref idref="fl-16"/>
      </object_component>
      <object_component id="oc-590">
         <name>.text:WDT_A_hold</name>
         <load_address>0x9910</load_address>
         <run_address>0x9910</run_address>
         <size>0x16</size>
         <input_file_ref idref="fl-23"/>
      </object_component>
      <object_component id="oc-718">
         <name>.text:prvDeleteTCB</name>
         <load_address>0x9926</load_address>
         <run_address>0x9926</run_address>
         <size>0x16</size>
         <input_file_ref idref="fl-8"/>
      </object_component>
      <object_component id="oc-5d3">
         <name>.text:prvIdleTask</name>
         <load_address>0x993c</load_address>
         <run_address>0x993c</run_address>
         <size>0x16</size>
         <input_file_ref idref="fl-8"/>
      </object_component>
      <object_component id="oc-6af">
         <name>.text:prvTimerTask</name>
         <load_address>0x9952</load_address>
         <run_address>0x9952</run_address>
         <size>0x16</size>
         <input_file_ref idref="fl-9"/>
      </object_component>
      <object_component id="oc-508">
         <name>.text:taskBlinkLight</name>
         <load_address>0x9968</load_address>
         <run_address>0x9968</run_address>
         <size>0x16</size>
         <input_file_ref idref="fl-2"/>
      </object_component>
      <object_component id="oc-67c">
         <name>.text:memset</name>
         <load_address>0x997e</load_address>
         <run_address>0x997e</run_address>
         <size>0x14</size>
         <input_file_ref idref="fl-79"/>
      </object_component>
      <object_component id="oc-802">
         <name>.text:vTaskInternalSetTimeOutState</name>
         <load_address>0x9992</load_address>
         <run_address>0x9992</run_address>
         <size>0x14</size>
         <input_file_ref idref="fl-8"/>
      </object_component>
      <object_component id="oc-6d8">
         <name>.text:memcpy</name>
         <load_address>0x99a6</load_address>
         <run_address>0x99a6</run_address>
         <size>0x12</size>
         <input_file_ref idref="fl-78"/>
      </object_component>
      <object_component id="oc-5bb">
         <name>.text:vPortFree</name>
         <load_address>0x99b8</load_address>
         <run_address>0x99b8</run_address>
         <size>0xe</size>
         <input_file_ref idref="fl-a"/>
      </object_component>
      <object_component id="oc-69c">
         <name>.text:vApplicationIdleHook</name>
         <load_address>0x99c6</load_address>
         <run_address>0x99c6</run_address>
         <size>0xc</size>
         <input_file_ref idref="fl-2"/>
      </object_component>
      <object_component id="oc-596">
         <name>.text:PMM_unlockLPM5</name>
         <load_address>0x99d2</load_address>
         <run_address>0x99d2</run_address>
         <size>0x6</size>
         <input_file_ref idref="fl-1a"/>
      </object_component>
      <object_component id="oc-51c">
         <name>.text:abort</name>
         <load_address>0x99d8</load_address>
         <run_address>0x99d8</run_address>
         <size>0x6</size>
         <input_file_ref idref="fl-75"/>
      </object_component>
      <object_component id="oc-682">
         <name>.text:vListInitialiseItem</name>
         <load_address>0x99de</load_address>
         <run_address>0x99de</run_address>
         <size>0x6</size>
         <input_file_ref idref="fl-5"/>
      </object_component>
      <object_component id="oc-81f">
         <name>.text:vTaskMissedYield</name>
         <load_address>0x99e4</load_address>
         <run_address>0x99e4</run_address>
         <size>0x6</size>
         <input_file_ref idref="fl-8"/>
      </object_component>
      <object_component id="oc-65e">
         <name>.text:vTaskSuspendAll</name>
         <load_address>0x99ea</load_address>
         <run_address>0x99ea</run_address>
         <size>0x6</size>
         <input_file_ref idref="fl-8"/>
      </object_component>
      <object_component id="oc-4b5">
         <name>.text:_system_pre_init</name>
         <load_address>0x99f0</load_address>
         <run_address>0x99f0</run_address>
         <size>0x4</size>
         <input_file_ref idref="fl-73"/>
      </object_component>
      <object_component id="oc-5f3">
         <name>.text:_system_post_cinit</name>
         <load_address>0x99f4</load_address>
         <run_address>0x99f4</run_address>
         <size>0x2</size>
         <input_file_ref idref="fl-72"/>
      </object_component>
      <object_component id="oc-48b">
         <name>.text:_isr:_c_int00_noargs_mpu</name>
         <load_address>0x99f6</load_address>
         <run_address>0x99f6</run_address>
         <size>0x20</size>
         <input_file_ref idref="fl-6e"/>
      </object_component>
      <object_component id="oc-45b">
         <name>.text:_isr:vTickISREntry</name>
         <load_address>0x9a16</load_address>
         <run_address>0x9a16</run_address>
         <size>0x10</size>
         <input_file_ref idref="fl-b"/>
      </object_component>
      <object_component id="oc-456">
         <name>.text:_isr:__TI_ISR_TRAP</name>
         <load_address>0x9a26</load_address>
         <run_address>0x9a26</run_address>
         <size>0x8</size>
         <input_file_ref idref="fl-47"/>
      </object_component>
      <object_component id="oc-584">
         <name>.bss:pxReadyTasksLists</name>
         <uninitialized>true</uninitialized>
         <run_address>0x2800</run_address>
         <size>0x3c</size>
         <input_file_ref idref="fl-8"/>
      </object_component>
      <object_component id="oc-70e">
         <name>.bss:xDelayedTaskList1</name>
         <uninitialized>true</uninitialized>
         <run_address>0x2854</run_address>
         <size>0xc</size>
         <input_file_ref idref="fl-8"/>
      </object_component>
      <object_component id="oc-711">
         <name>.bss:xDelayedTaskList2</name>
         <uninitialized>true</uninitialized>
         <run_address>0x2860</run_address>
         <size>0xc</size>
         <input_file_ref idref="fl-8"/>
      </object_component>
      <object_component id="oc-570">
         <name>.bss</name>
         <uninitialized>true</uninitialized>
         <run_address>0x2890</run_address>
         <size>0x4</size>
         <input_file_ref idref="fl-8"/>
      </object_component>
      <object_component id="oc-6f5">
         <name>.bss:xPendingReadyList</name>
         <uninitialized>true</uninitialized>
         <run_address>0x286c</run_address>
         <size>0xc</size>
         <input_file_ref idref="fl-8"/>
      </object_component>
      <object_component id="oc-714">
         <name>.bss:xTasksWaitingTermination</name>
         <uninitialized>true</uninitialized>
         <run_address>0x2884</run_address>
         <size>0xc</size>
         <input_file_ref idref="fl-8"/>
      </object_component>
      <object_component id="oc-6f1">
         <name>.bss:xSuspendedTaskList</name>
         <uninitialized>true</uninitialized>
         <run_address>0x2878</run_address>
         <size>0xc</size>
         <input_file_ref idref="fl-8"/>
      </object_component>
      <object_component id="oc-720">
         <name>.bss:xActiveTimerList1</name>
         <uninitialized>true</uninitialized>
         <run_address>0x283c</run_address>
         <size>0xc</size>
         <input_file_ref idref="fl-9"/>
      </object_component>
      <object_component id="oc-723">
         <name>.bss:xActiveTimerList2</name>
         <uninitialized>true</uninitialized>
         <run_address>0x2848</run_address>
         <size>0xc</size>
         <input_file_ref idref="fl-9"/>
      </object_component>
      <object_component id="oc-726">
         <name>.bss</name>
         <uninitialized>true</uninitialized>
         <run_address>0x2894</run_address>
         <size>0x4</size>
         <input_file_ref idref="fl-9"/>
      </object_component>
      <object_component id="oc-676">
         <name>.bss:ucHeap</name>
         <uninitialized>true</uninitialized>
         <run_address>0x2000</run_address>
         <size>0x800</size>
         <input_file_ref idref="fl-a"/>
      </object_component>
      <object_component id="oc-4df">
         <name>.data</name>
         <load_address>0x2898</load_address>
         <run_address>0x2898</run_address>
         <size>0x1e</size>
         <input_file_ref idref="fl-8"/>
      </object_component>
      <object_component id="oc-6a9">
         <name>.data</name>
         <load_address>0x28b6</load_address>
         <run_address>0x28b6</run_address>
         <size>0x8</size>
         <input_file_ref idref="fl-9"/>
      </object_component>
      <object_component id="oc-673">
         <name>.data</name>
         <load_address>0x28be</load_address>
         <run_address>0x28be</run_address>
         <size>0x4</size>
         <input_file_ref idref="fl-a"/>
      </object_component>
      <object_component id="oc-4dc">
         <name>.data</name>
         <load_address>0x28c2</load_address>
         <run_address>0x28c2</run_address>
         <size>0x2</size>
         <input_file_ref idref="fl-b"/>
      </object_component>
      <object_component id="oc-43b">
         <name>.stack</name>
         <uninitialized>true</uninitialized>
         <run_address>0x3f60</run_address>
         <size>0x2</size>
         <input_file_ref idref="fl-6e"/>
      </object_component>
      <object_component id="oc-8a4">
         <name>.stack</name>
         <uninitialized>true</uninitialized>
         <run_address>0x3f60</run_address>
         <size>0x0</size>
      </object_component>
      <object_component id="oc-76">
         <name>.int20</name>
         <load_address>0xffca</load_address>
         <run_address>0xffca</run_address>
         <size>0x2</size>
         <input_file_ref idref="fl-46"/>
      </object_component>
      <object_component id="oc-77">
         <name>.int21</name>
         <load_address>0xffcc</load_address>
         <run_address>0xffcc</run_address>
         <size>0x2</size>
         <input_file_ref idref="fl-48"/>
      </object_component>
      <object_component id="oc-78">
         <name>.int22</name>
         <load_address>0xffce</load_address>
         <run_address>0xffce</run_address>
         <size>0x2</size>
         <input_file_ref idref="fl-49"/>
      </object_component>
      <object_component id="oc-79">
         <name>.int23</name>
         <load_address>0xffd0</load_address>
         <run_address>0xffd0</run_address>
         <size>0x2</size>
         <input_file_ref idref="fl-4a"/>
      </object_component>
      <object_component id="oc-7a">
         <name>.int24</name>
         <load_address>0xffd2</load_address>
         <run_address>0xffd2</run_address>
         <size>0x2</size>
         <input_file_ref idref="fl-4b"/>
      </object_component>
      <object_component id="oc-7b">
         <name>.int25</name>
         <load_address>0xffd4</load_address>
         <run_address>0xffd4</run_address>
         <size>0x2</size>
         <input_file_ref idref="fl-4c"/>
      </object_component>
      <object_component id="oc-7c">
         <name>.int26</name>
         <load_address>0xffd6</load_address>
         <run_address>0xffd6</run_address>
         <size>0x2</size>
         <input_file_ref idref="fl-4d"/>
      </object_component>
      <object_component id="oc-7d">
         <name>.int27</name>
         <load_address>0xffd8</load_address>
         <run_address>0xffd8</run_address>
         <size>0x2</size>
         <input_file_ref idref="fl-4e"/>
      </object_component>
      <object_component id="oc-7e">
         <name>.int28</name>
         <load_address>0xffda</load_address>
         <run_address>0xffda</run_address>
         <size>0x2</size>
         <input_file_ref idref="fl-4f"/>
      </object_component>
      <object_component id="oc-7f">
         <name>.int29</name>
         <load_address>0xffdc</load_address>
         <run_address>0xffdc</run_address>
         <size>0x2</size>
         <input_file_ref idref="fl-50"/>
      </object_component>
      <object_component id="oc-80">
         <name>.int30</name>
         <load_address>0xffde</load_address>
         <run_address>0xffde</run_address>
         <size>0x2</size>
         <input_file_ref idref="fl-51"/>
      </object_component>
      <object_component id="oc-81">
         <name>.int31</name>
         <load_address>0xffe0</load_address>
         <run_address>0xffe0</run_address>
         <size>0x2</size>
         <input_file_ref idref="fl-52"/>
      </object_component>
      <object_component id="oc-82">
         <name>.int32</name>
         <load_address>0xffe2</load_address>
         <run_address>0xffe2</run_address>
         <size>0x2</size>
         <input_file_ref idref="fl-53"/>
      </object_component>
      <object_component id="oc-83">
         <name>.int33</name>
         <load_address>0xffe4</load_address>
         <run_address>0xffe4</run_address>
         <size>0x2</size>
         <input_file_ref idref="fl-54"/>
      </object_component>
      <object_component id="oc-84">
         <name>.int34</name>
         <load_address>0xffe6</load_address>
         <run_address>0xffe6</run_address>
         <size>0x2</size>
         <input_file_ref idref="fl-55"/>
      </object_component>
      <object_component id="oc-85">
         <name>.int35</name>
         <load_address>0xffe8</load_address>
         <run_address>0xffe8</run_address>
         <size>0x2</size>
         <input_file_ref idref="fl-56"/>
      </object_component>
      <object_component id="oc-86">
         <name>.int36</name>
         <load_address>0xffea</load_address>
         <run_address>0xffea</run_address>
         <size>0x2</size>
         <input_file_ref idref="fl-57"/>
      </object_component>
      <object_component id="oc-87">
         <name>.int37</name>
         <load_address>0xffec</load_address>
         <run_address>0xffec</run_address>
         <size>0x2</size>
         <input_file_ref idref="fl-58"/>
      </object_component>
      <object_component id="oc-88">
         <name>.int38</name>
         <load_address>0xffee</load_address>
         <run_address>0xffee</run_address>
         <size>0x2</size>
         <input_file_ref idref="fl-59"/>
      </object_component>
      <object_component id="oc-89">
         <name>.int39</name>
         <load_address>0xfff0</load_address>
         <run_address>0xfff0</run_address>
         <size>0x2</size>
         <input_file_ref idref="fl-5a"/>
      </object_component>
      <object_component id="oc-8a">
         <name>.int40</name>
         <load_address>0xfff2</load_address>
         <run_address>0xfff2</run_address>
         <size>0x2</size>
         <input_file_ref idref="fl-5b"/>
      </object_component>
      <object_component id="oc-8b">
         <name>.int41</name>
         <load_address>0xfff4</load_address>
         <run_address>0xfff4</run_address>
         <size>0x2</size>
         <input_file_ref idref="fl-5c"/>
      </object_component>
      <object_component id="oc-8c">
         <name>.int42</name>
         <load_address>0xfff6</load_address>
         <run_address>0xfff6</run_address>
         <size>0x2</size>
         <input_file_ref idref="fl-5d"/>
      </object_component>
      <object_component id="oc-8d">
         <name>.int43</name>
         <load_address>0xfff8</load_address>
         <run_address>0xfff8</run_address>
         <size>0x2</size>
         <input_file_ref idref="fl-b"/>
      </object_component>
      <object_component id="oc-8e">
         <name>.int44</name>
         <load_address>0xfffa</load_address>
         <run_address>0xfffa</run_address>
         <size>0x2</size>
         <input_file_ref idref="fl-5e"/>
      </object_component>
      <object_component id="oc-8f">
         <name>.int45</name>
         <load_address>0xfffc</load_address>
         <run_address>0xfffc</run_address>
         <size>0x2</size>
         <input_file_ref idref="fl-5f"/>
      </object_component>
      <object_component id="oc-43e">
         <name>.reset</name>
         <load_address>0xfffe</load_address>
         <run_address>0xfffe</run_address>
         <size>0x2</size>
         <input_file_ref idref="fl-6e"/>
      </object_component>
      <object_component id="oc-5b4">
         <name>.debug_info</name>
         <load_address>0x0</load_address>
         <run_address>0x0</run_address>
         <size>0x488</size>
         <input_file_ref idref="fl-2"/>
      </object_component>
      <object_component id="oc-4ef">
         <name>.debug_info</name>
         <load_address>0x488</load_address>
         <run_address>0x488</run_address>
         <size>0x125</size>
         <input_file_ref idref="fl-2"/>
      </object_component>
      <object_component id="oc-69d">
         <name>.debug_info</name>
         <load_address>0x5ad</load_address>
         <run_address>0x5ad</run_address>
         <size>0x10f</size>
         <input_file_ref idref="fl-2"/>
      </object_component>
      <object_component id="oc-509">
         <name>.debug_info</name>
         <load_address>0x6bc</load_address>
         <run_address>0x6bc</run_address>
         <size>0x14c</size>
         <input_file_ref idref="fl-2"/>
      </object_component>
      <object_component id="oc-4f7">
         <name>.debug_info</name>
         <load_address>0x808</load_address>
         <run_address>0x808</run_address>
         <size>0x23f</size>
         <input_file_ref idref="fl-2"/>
      </object_component>
      <object_component id="oc-4bc">
         <name>.debug_info</name>
         <load_address>0xa47</load_address>
         <run_address>0xa47</run_address>
         <size>0x169</size>
         <input_file_ref idref="fl-2"/>
      </object_component>
      <object_component id="oc-620">
         <name>.debug_info</name>
         <load_address>0xbb0</load_address>
         <run_address>0xbb0</run_address>
         <size>0x315</size>
         <input_file_ref idref="fl-2"/>
      </object_component>
      <object_component id="oc-61b">
         <name>.debug_info</name>
         <load_address>0xec5</load_address>
         <run_address>0xec5</run_address>
         <size>0x26b</size>
         <input_file_ref idref="fl-2"/>
      </object_component>
      <object_component id="oc-62a">
         <name>.debug_info</name>
         <load_address>0x1130</load_address>
         <run_address>0x1130</run_address>
         <size>0x44c</size>
         <input_file_ref idref="fl-2"/>
      </object_component>
      <object_component id="oc-645">
         <name>.debug_info</name>
         <load_address>0x157c</load_address>
         <run_address>0x157c</run_address>
         <size>0x8b</size>
         <input_file_ref idref="fl-2"/>
      </object_component>
      <object_component id="oc-5ce">
         <name>.debug_info</name>
         <load_address>0x1607</load_address>
         <run_address>0x1607</run_address>
         <size>0x2c</size>
         <input_file_ref idref="fl-2"/>
      </object_component>
      <object_component id="oc-658">
         <name>.debug_info</name>
         <load_address>0x1633</load_address>
         <run_address>0x1633</run_address>
         <size>0x275</size>
         <input_file_ref idref="fl-2"/>
      </object_component>
      <object_component id="oc-5a1">
         <name>.debug_info</name>
         <load_address>0x18a8</load_address>
         <run_address>0x18a8</run_address>
         <size>0xbb</size>
         <input_file_ref idref="fl-2"/>
      </object_component>
      <object_component id="oc-566">
         <name>.debug_info</name>
         <load_address>0x1963</load_address>
         <run_address>0x1963</run_address>
         <size>0x53</size>
         <input_file_ref idref="fl-2"/>
      </object_component>
      <object_component id="oc-616">
         <name>.debug_info</name>
         <load_address>0x19b6</load_address>
         <run_address>0x19b6</run_address>
         <size>0x53</size>
         <input_file_ref idref="fl-2"/>
      </object_component>
      <object_component id="oc-625">
         <name>.debug_info</name>
         <load_address>0x1a09</load_address>
         <run_address>0x1a09</run_address>
         <size>0x14c</size>
         <input_file_ref idref="fl-2"/>
      </object_component>
      <object_component id="oc-445">
         <name>.debug_info</name>
         <load_address>0x1b55</load_address>
         <run_address>0x1b55</run_address>
         <size>0x84</size>
         <input_file_ref idref="fl-3"/>
      </object_component>
      <object_component id="oc-6e5">
         <name>.debug_info</name>
         <load_address>0x1bd9</load_address>
         <run_address>0x1bd9</run_address>
         <size>0x592</size>
         <input_file_ref idref="fl-4"/>
      </object_component>
      <object_component id="oc-636">
         <name>.debug_info</name>
         <load_address>0x216b</load_address>
         <run_address>0x216b</run_address>
         <size>0x110</size>
         <input_file_ref idref="fl-4"/>
      </object_component>
      <object_component id="oc-640">
         <name>.debug_info</name>
         <load_address>0x227b</load_address>
         <run_address>0x227b</run_address>
         <size>0x44c</size>
         <input_file_ref idref="fl-4"/>
      </object_component>
      <object_component id="oc-75d">
         <name>.debug_info</name>
         <load_address>0x26c7</load_address>
         <run_address>0x26c7</run_address>
         <size>0x76</size>
         <input_file_ref idref="fl-4"/>
      </object_component>
      <object_component id="oc-762">
         <name>.debug_info</name>
         <load_address>0x273d</load_address>
         <run_address>0x273d</run_address>
         <size>0x39</size>
         <input_file_ref idref="fl-4"/>
      </object_component>
      <object_component id="oc-631">
         <name>.debug_info</name>
         <load_address>0x2776</load_address>
         <run_address>0x2776</run_address>
         <size>0x4f</size>
         <input_file_ref idref="fl-4"/>
      </object_component>
      <object_component id="oc-64e">
         <name>.debug_info</name>
         <load_address>0x27c5</load_address>
         <run_address>0x27c5</run_address>
         <size>0x242</size>
         <input_file_ref idref="fl-5"/>
      </object_component>
      <object_component id="oc-588">
         <name>.debug_info</name>
         <load_address>0x2a07</load_address>
         <run_address>0x2a07</run_address>
         <size>0x1a2</size>
         <input_file_ref idref="fl-5"/>
      </object_component>
      <object_component id="oc-6ec">
         <name>.debug_info</name>
         <load_address>0x2ba9</load_address>
         <run_address>0x2ba9</run_address>
         <size>0x1d2</size>
         <input_file_ref idref="fl-5"/>
      </object_component>
      <object_component id="oc-683">
         <name>.debug_info</name>
         <load_address>0x2d7b</load_address>
         <run_address>0x2d7b</run_address>
         <size>0x14f</size>
         <input_file_ref idref="fl-5"/>
      </object_component>
      <object_component id="oc-709">
         <name>.debug_info</name>
         <load_address>0x2eca</load_address>
         <run_address>0x2eca</run_address>
         <size>0x147</size>
         <input_file_ref idref="fl-5"/>
      </object_component>
      <object_component id="oc-57a">
         <name>.debug_info</name>
         <load_address>0x3011</load_address>
         <run_address>0x3011</run_address>
         <size>0x17a</size>
         <input_file_ref idref="fl-5"/>
      </object_component>
      <object_component id="oc-788">
         <name>.debug_info</name>
         <load_address>0x318b</load_address>
         <run_address>0x318b</run_address>
         <size>0x640</size>
         <input_file_ref idref="fl-6"/>
      </object_component>
      <object_component id="oc-7f7">
         <name>.debug_info</name>
         <load_address>0x37cb</load_address>
         <run_address>0x37cb</run_address>
         <size>0x16b</size>
         <input_file_ref idref="fl-6"/>
      </object_component>
      <object_component id="oc-7db">
         <name>.debug_info</name>
         <load_address>0x3936</load_address>
         <run_address>0x3936</run_address>
         <size>0x1e8</size>
         <input_file_ref idref="fl-6"/>
      </object_component>
      <object_component id="oc-80f">
         <name>.debug_info</name>
         <load_address>0x3b1e</load_address>
         <run_address>0x3b1e</run_address>
         <size>0x199</size>
         <input_file_ref idref="fl-6"/>
      </object_component>
      <object_component id="oc-7b2">
         <name>.debug_info</name>
         <load_address>0x3cb7</load_address>
         <run_address>0x3cb7</run_address>
         <size>0x3d9</size>
         <input_file_ref idref="fl-6"/>
      </object_component>
      <object_component id="oc-82e">
         <name>.debug_info</name>
         <load_address>0x4090</load_address>
         <run_address>0x4090</run_address>
         <size>0x20f</size>
         <input_file_ref idref="fl-6"/>
      </object_component>
      <object_component id="oc-7f0">
         <name>.debug_info</name>
         <load_address>0x429f</load_address>
         <run_address>0x429f</run_address>
         <size>0x2e2</size>
         <input_file_ref idref="fl-6"/>
      </object_component>
      <object_component id="oc-828">
         <name>.debug_info</name>
         <load_address>0x4581</load_address>
         <run_address>0x4581</run_address>
         <size>0x169</size>
         <input_file_ref idref="fl-6"/>
      </object_component>
      <object_component id="oc-7ea">
         <name>.debug_info</name>
         <load_address>0x46ea</load_address>
         <run_address>0x46ea</run_address>
         <size>0x42e</size>
         <input_file_ref idref="fl-6"/>
      </object_component>
      <object_component id="oc-7bb">
         <name>.debug_info</name>
         <load_address>0x4b18</load_address>
         <run_address>0x4b18</run_address>
         <size>0x226</size>
         <input_file_ref idref="fl-6"/>
      </object_component>
      <object_component id="oc-77d">
         <name>.debug_info</name>
         <load_address>0x4d3e</load_address>
         <run_address>0x4d3e</run_address>
         <size>0x267</size>
         <input_file_ref idref="fl-6"/>
      </object_component>
      <object_component id="oc-72a">
         <name>.debug_info</name>
         <load_address>0x4fa5</load_address>
         <run_address>0x4fa5</run_address>
         <size>0x29f</size>
         <input_file_ref idref="fl-6"/>
      </object_component>
      <object_component id="oc-799">
         <name>.debug_info</name>
         <load_address>0x5244</load_address>
         <run_address>0x5244</run_address>
         <size>0x20e</size>
         <input_file_ref idref="fl-6"/>
      </object_component>
      <object_component id="oc-7c3">
         <name>.debug_info</name>
         <load_address>0x5452</load_address>
         <run_address>0x5452</run_address>
         <size>0x1ef</size>
         <input_file_ref idref="fl-6"/>
      </object_component>
      <object_component id="oc-783">
         <name>.debug_info</name>
         <load_address>0x5641</load_address>
         <run_address>0x5641</run_address>
         <size>0x46</size>
         <input_file_ref idref="fl-6"/>
      </object_component>
      <object_component id="oc-701">
         <name>.debug_info</name>
         <load_address>0x5687</load_address>
         <run_address>0x5687</run_address>
         <size>0x2c</size>
         <input_file_ref idref="fl-7"/>
      </object_component>
      <object_component id="oc-565">
         <name>.debug_info</name>
         <load_address>0x56b3</load_address>
         <run_address>0x56b3</run_address>
         <size>0x6be</size>
         <input_file_ref idref="fl-8"/>
      </object_component>
      <object_component id="oc-4e0">
         <name>.debug_info</name>
         <load_address>0x5d71</load_address>
         <run_address>0x5d71</run_address>
         <size>0x33f</size>
         <input_file_ref idref="fl-8"/>
      </object_component>
      <object_component id="oc-585">
         <name>.debug_info</name>
         <load_address>0x60b0</load_address>
         <run_address>0x60b0</run_address>
         <size>0xe6</size>
         <input_file_ref idref="fl-8"/>
      </object_component>
      <object_component id="oc-70f">
         <name>.debug_info</name>
         <load_address>0x6196</load_address>
         <run_address>0x6196</run_address>
         <size>0xe6</size>
         <input_file_ref idref="fl-8"/>
      </object_component>
      <object_component id="oc-712">
         <name>.debug_info</name>
         <load_address>0x627c</load_address>
         <run_address>0x627c</run_address>
         <size>0xe6</size>
         <input_file_ref idref="fl-8"/>
      </object_component>
      <object_component id="oc-571">
         <name>.debug_info</name>
         <load_address>0x6362</load_address>
         <run_address>0x6362</run_address>
         <size>0x129</size>
         <input_file_ref idref="fl-8"/>
      </object_component>
      <object_component id="oc-6f6">
         <name>.debug_info</name>
         <load_address>0x648b</load_address>
         <run_address>0x648b</run_address>
         <size>0xe6</size>
         <input_file_ref idref="fl-8"/>
      </object_component>
      <object_component id="oc-715">
         <name>.debug_info</name>
         <load_address>0x6571</load_address>
         <run_address>0x6571</run_address>
         <size>0xf4</size>
         <input_file_ref idref="fl-8"/>
      </object_component>
      <object_component id="oc-6f2">
         <name>.debug_info</name>
         <load_address>0x6665</load_address>
         <run_address>0x6665</run_address>
         <size>0xe8</size>
         <input_file_ref idref="fl-8"/>
      </object_component>
      <object_component id="oc-574">
         <name>.debug_info</name>
         <load_address>0x674d</load_address>
         <run_address>0x674d</run_address>
         <size>0x14d</size>
         <input_file_ref idref="fl-8"/>
      </object_component>
      <object_component id="oc-4e3">
         <name>.debug_info</name>
         <load_address>0x689a</load_address>
         <run_address>0x689a</run_address>
         <size>0x24f</size>
         <input_file_ref idref="fl-8"/>
      </object_component>
      <object_component id="oc-66b">
         <name>.debug_info</name>
         <load_address>0x6ae9</load_address>
         <run_address>0x6ae9</run_address>
         <size>0x21f</size>
         <input_file_ref idref="fl-8"/>
      </object_component>
      <object_component id="oc-815">
         <name>.debug_info</name>
         <load_address>0x6d08</load_address>
         <run_address>0x6d08</run_address>
         <size>0x217</size>
         <input_file_ref idref="fl-8"/>
      </object_component>
      <object_component id="oc-665">
         <name>.debug_info</name>
         <load_address>0x6f1f</load_address>
         <run_address>0x6f1f</run_address>
         <size>0x28e</size>
         <input_file_ref idref="fl-8"/>
      </object_component>
      <object_component id="oc-7c9">
         <name>.debug_info</name>
         <load_address>0x71ad</load_address>
         <run_address>0x71ad</run_address>
         <size>0x145</size>
         <input_file_ref idref="fl-8"/>
      </object_component>
      <object_component id="oc-7e4">
         <name>.debug_info</name>
         <load_address>0x72f2</load_address>
         <run_address>0x72f2</run_address>
         <size>0x14c</size>
         <input_file_ref idref="fl-8"/>
      </object_component>
      <object_component id="oc-5c2">
         <name>.debug_info</name>
         <load_address>0x743e</load_address>
         <run_address>0x743e</run_address>
         <size>0x377</size>
         <input_file_ref idref="fl-8"/>
      </object_component>
      <object_component id="oc-690">
         <name>.debug_info</name>
         <load_address>0x77b5</load_address>
         <run_address>0x77b5</run_address>
         <size>0x1e5</size>
         <input_file_ref idref="fl-8"/>
      </object_component>
      <object_component id="oc-5c8">
         <name>.debug_info</name>
         <load_address>0x799a</load_address>
         <run_address>0x799a</run_address>
         <size>0x1bd</size>
         <input_file_ref idref="fl-8"/>
      </object_component>
      <object_component id="oc-510">
         <name>.debug_info</name>
         <load_address>0x7b57</load_address>
         <run_address>0x7b57</run_address>
         <size>0x341</size>
         <input_file_ref idref="fl-8"/>
      </object_component>
      <object_component id="oc-803">
         <name>.debug_info</name>
         <load_address>0x7e98</load_address>
         <run_address>0x7e98</run_address>
         <size>0x173</size>
         <input_file_ref idref="fl-8"/>
      </object_component>
      <object_component id="oc-809">
         <name>.debug_info</name>
         <load_address>0x800b</load_address>
         <run_address>0x800b</run_address>
         <size>0x239</size>
         <input_file_ref idref="fl-8"/>
      </object_component>
      <object_component id="oc-4e9">
         <name>.debug_info</name>
         <load_address>0x8244</load_address>
         <run_address>0x8244</run_address>
         <size>0x193</size>
         <input_file_ref idref="fl-8"/>
      </object_component>
      <object_component id="oc-65f">
         <name>.debug_info</name>
         <load_address>0x83d7</load_address>
         <run_address>0x83d7</run_address>
         <size>0x123</size>
         <input_file_ref idref="fl-8"/>
      </object_component>
      <object_component id="oc-516">
         <name>.debug_info</name>
         <load_address>0x84fa</load_address>
         <run_address>0x84fa</run_address>
         <size>0x18a</size>
         <input_file_ref idref="fl-8"/>
      </object_component>
      <object_component id="oc-7d5">
         <name>.debug_info</name>
         <load_address>0x8684</load_address>
         <run_address>0x8684</run_address>
         <size>0x25d</size>
         <input_file_ref idref="fl-8"/>
      </object_component>
      <object_component id="oc-7fd">
         <name>.debug_info</name>
         <load_address>0x88e1</load_address>
         <run_address>0x88e1</run_address>
         <size>0x1f0</size>
         <input_file_ref idref="fl-8"/>
      </object_component>
      <object_component id="oc-820">
         <name>.debug_info</name>
         <load_address>0x8ad1</load_address>
         <run_address>0x8ad1</run_address>
         <size>0x125</size>
         <input_file_ref idref="fl-8"/>
      </object_component>
      <object_component id="oc-719">
         <name>.debug_info</name>
         <load_address>0x8bf6</load_address>
         <run_address>0x8bf6</run_address>
         <size>0x162</size>
         <input_file_ref idref="fl-8"/>
      </object_component>
      <object_component id="oc-5ae">
         <name>.debug_info</name>
         <load_address>0x8d58</load_address>
         <run_address>0x8d58</run_address>
         <size>0x1f1</size>
         <input_file_ref idref="fl-8"/>
      </object_component>
      <object_component id="oc-697">
         <name>.debug_info</name>
         <load_address>0x8f49</load_address>
         <run_address>0x8f49</run_address>
         <size>0x17b</size>
         <input_file_ref idref="fl-8"/>
      </object_component>
      <object_component id="oc-5d4">
         <name>.debug_info</name>
         <load_address>0x90c4</load_address>
         <run_address>0x90c4</run_address>
         <size>0x187</size>
         <input_file_ref idref="fl-8"/>
      </object_component>
      <object_component id="oc-56b">
         <name>.debug_info</name>
         <load_address>0x924b</load_address>
         <run_address>0x924b</run_address>
         <size>0x30c</size>
         <input_file_ref idref="fl-8"/>
      </object_component>
      <object_component id="oc-63b">
         <name>.debug_info</name>
         <load_address>0x9557</load_address>
         <run_address>0x9557</run_address>
         <size>0x11a</size>
         <input_file_ref idref="fl-8"/>
      </object_component>
      <object_component id="oc-739">
         <name>.debug_info</name>
         <load_address>0x9671</load_address>
         <run_address>0x9671</run_address>
         <size>0x731</size>
         <input_file_ref idref="fl-9"/>
      </object_component>
      <object_component id="oc-721">
         <name>.debug_info</name>
         <load_address>0x9da2</load_address>
         <run_address>0x9da2</run_address>
         <size>0xe6</size>
         <input_file_ref idref="fl-9"/>
      </object_component>
      <object_component id="oc-724">
         <name>.debug_info</name>
         <load_address>0x9e88</load_address>
         <run_address>0x9e88</run_address>
         <size>0xe6</size>
         <input_file_ref idref="fl-9"/>
      </object_component>
      <object_component id="oc-727">
         <name>.debug_info</name>
         <load_address>0x9f6e</load_address>
         <run_address>0x9f6e</run_address>
         <size>0x11e</size>
         <input_file_ref idref="fl-9"/>
      </object_component>
      <object_component id="oc-6aa">
         <name>.debug_info</name>
         <load_address>0xa08c</load_address>
         <run_address>0xa08c</run_address>
         <size>0x10a</size>
         <input_file_ref idref="fl-9"/>
      </object_component>
      <object_component id="oc-7ac">
         <name>.debug_info</name>
         <load_address>0xa196</load_address>
         <run_address>0xa196</run_address>
         <size>0x348</size>
         <input_file_ref idref="fl-9"/>
      </object_component>
      <object_component id="oc-6a4">
         <name>.debug_info</name>
         <load_address>0xa4de</load_address>
         <run_address>0xa4de</run_address>
         <size>0x185</size>
         <input_file_ref idref="fl-9"/>
      </object_component>
      <object_component id="oc-5db">
         <name>.debug_info</name>
         <load_address>0xa663</load_address>
         <run_address>0xa663</run_address>
         <size>0x180</size>
         <input_file_ref idref="fl-9"/>
      </object_component>
      <object_component id="oc-73b">
         <name>.debug_info</name>
         <load_address>0xa7e3</load_address>
         <run_address>0xa7e3</run_address>
         <size>0x1a9</size>
         <input_file_ref idref="fl-9"/>
      </object_component>
      <object_component id="oc-7cf">
         <name>.debug_info</name>
         <load_address>0xa98c</load_address>
         <run_address>0xa98c</run_address>
         <size>0x1f0</size>
         <input_file_ref idref="fl-9"/>
      </object_component>
      <object_component id="oc-6ac">
         <name>.debug_info</name>
         <load_address>0xab7c</load_address>
         <run_address>0xab7c</run_address>
         <size>0x20e</size>
         <input_file_ref idref="fl-9"/>
      </object_component>
      <object_component id="oc-7a6">
         <name>.debug_info</name>
         <load_address>0xad8a</load_address>
         <run_address>0xad8a</run_address>
         <size>0x295</size>
         <input_file_ref idref="fl-9"/>
      </object_component>
      <object_component id="oc-79f">
         <name>.debug_info</name>
         <load_address>0xb01f</load_address>
         <run_address>0xb01f</run_address>
         <size>0x234</size>
         <input_file_ref idref="fl-9"/>
      </object_component>
      <object_component id="oc-741">
         <name>.debug_info</name>
         <load_address>0xb253</load_address>
         <run_address>0xb253</run_address>
         <size>0x2ee</size>
         <input_file_ref idref="fl-9"/>
      </object_component>
      <object_component id="oc-747">
         <name>.debug_info</name>
         <load_address>0xb541</load_address>
         <run_address>0xb541</run_address>
         <size>0x274</size>
         <input_file_ref idref="fl-9"/>
      </object_component>
      <object_component id="oc-6b0">
         <name>.debug_info</name>
         <load_address>0xb7b5</load_address>
         <run_address>0xb7b5</run_address>
         <size>0x1bb</size>
         <input_file_ref idref="fl-9"/>
      </object_component>
      <object_component id="oc-790">
         <name>.debug_info</name>
         <load_address>0xb970</load_address>
         <run_address>0xb970</run_address>
         <size>0x1ce</size>
         <input_file_ref idref="fl-9"/>
      </object_component>
      <object_component id="oc-732">
         <name>.debug_info</name>
         <load_address>0xbb3e</load_address>
         <run_address>0xbb3e</run_address>
         <size>0x4f</size>
         <input_file_ref idref="fl-9"/>
      </object_component>
      <object_component id="oc-78b">
         <name>.debug_info</name>
         <load_address>0xbb8d</load_address>
         <run_address>0xbb8d</run_address>
         <size>0x46</size>
         <input_file_ref idref="fl-9"/>
      </object_component>
[...]
         <value>0x58a</value>
      </symbol>
      <symbol id="sm-382">
         <name>UCB1TBCNT_L</name>
         <value>0x58a</value>
      </symbol>
      <symbol id="sm-383">
         <name>UCB1TBCNT_H</name>
         <value>0x58b</value>
      </symbol>
      <symbol id="sm-384">
         <name>UCB1RXBUF</name>
         <value>0x58c</value>
      </symbol>
      <symbol id="sm-385">
         <name>UCB1RXBUF_L</name>
         <value>0x58c</value>
      </symbol>
      <symbol id="sm-386">
         <name>UCB1RXBUF_H</name>
         <value>0x58d</value>
      </symbol>
      <symbol id="sm-387">
         <name>UCB1TXBUF</name>
         <value>0x58e</value>
      </symbol>
      <symbol id="sm-388">
         <name>UCB1TXBUF_L</name>
         <value>0x58e</value>
      </symbol>
      <symbol id="sm-389">
         <name>UCB1TXBUF_H</name>
         <value>0x58f</value>
      </symbol>
      <symbol id="sm-38a">
         <name>UCB1I2COA0</name>
         <value>0x594</value>
      </symbol>
      <symbol id="sm-38b">
         <name>UCB1I2COA0_L</name>
         <value>0x594</value>
      </symbol>
      <symbol id="sm-38c">
         <name>UCB1I2COA0_H</name>
         <value>0x595</value>
      </symbol>
      <symbol id="sm-38d">
         <name>UCB1I2COA1</name>
         <value>0x596</value>
      </symbol>
      <symbol id="sm-38e">
         <name>UCB1I2COA1_L</name>
         <value>0x596</value>
      </symbol>
      <symbol id="sm-38f">
         <name>UCB1I2COA1_H</name>
         <value>0x597</value>
      </symbol>
      <symbol id="sm-390">
         <name>UCB1I2COA2</name>
         <value>0x598</value>
      </symbol>
      <symbol id="sm-391">
         <name>UCB1I2COA2_L</name>
         <value>0x598</value>
      </symbol>
      <symbol id="sm-392">
         <name>UCB1I2COA2_H</name>
         <value>0x599</value>
      </symbol>
      <symbol id="sm-393">
         <name>UCB1I2COA3</name>
         <value>0x59a</value>
      </symbol>
      <symbol id="sm-394">
         <name>UCB1I2COA3_L</name>
         <value>0x59a</value>
      </symbol>
      <symbol id="sm-395">
         <name>UCB1I2COA3_H</name>
         <value>0x59b</value>
      </symbol>
      <symbol id="sm-396">
         <name>UCB1ADDRX</name>
         <value>0x59c</value>
      </symbol>
      <symbol id="sm-397">
         <name>UCB1ADDRX_L</name>
         <value>0x59c</value>
      </symbol>
      <symbol id="sm-398">
         <name>UCB1ADDRX_H</name>
         <value>0x59d</value>
      </symbol>
      <symbol id="sm-399">
         <name>UCB1ADDMASK</name>
         <value>0x59e</value>
      </symbol>
      <symbol id="sm-39a">
         <name>UCB1ADDMASK_L</name>
         <value>0x59e</value>
      </symbol>
      <symbol id="sm-39b">
         <name>UCB1ADDMASK_H</name>
         <value>0x59f</value>
      </symbol>
      <symbol id="sm-39c">
         <name>UCB1I2CSA</name>
         <value>0x5a0</value>
      </symbol>
      <symbol id="sm-39d">
         <name>UCB1I2CSA_L</name>
         <value>0x5a0</value>
      </symbol>
      <symbol id="sm-39e">
         <name>UCB1I2CSA_H</name>
         <value>0x5a1</value>
      </symbol>
      <symbol id="sm-39f">
         <name>UCB1IE</name>
         <value>0x5aa</value>
      </symbol>
      <symbol id="sm-3a0">
         <name>UCB1IE_L</name>
         <value>0x5aa</value>
      </symbol>
      <symbol id="sm-3a1">
         <name>UCB1IE_H</name>
         <value>0x5ab</value>
      </symbol>
      <symbol id="sm-3a2">
         <name>UCB1IFG</name>
         <value>0x5ac</value>
      </symbol>
      <symbol id="sm-3a3">
         <name>UCB1IFG_L</name>
         <value>0x5ac</value>
      </symbol>
      <symbol id="sm-3a4">
         <name>UCB1IFG_H</name>
         <value>0x5ad</value>
      </symbol>
      <symbol id="sm-3a5">
         <name>UCB1IV</name>
         <value>0x5ae</value>
      </symbol>
      <symbol id="sm-3a6">
         <name>UCB1IV_L</name>
         <value>0x5ae</value>
      </symbol>
      <symbol id="sm-3a7">
         <name>UCB1IV_H</name>
         <value>0x5af</value>
      </symbol>
      <symbol id="sm-3a8">
         <name>fram_rw_start</name>
         <value>0x8000</value>
      </symbol>
      <symbol id="sm-3a9">
         <name>fram_rx_start</name>
         <value>0x8000</value>
      </symbol>
      <symbol id="sm-3aa">
         <name>__TI_CINIT_Base</name>
         <value>0x801c</value>
      </symbol>
      <symbol id="sm-3ab">
         <name>__TI_CINIT_Limit</name>
         <value>0x802c</value>
      </symbol>
      <symbol id="sm-3ac">
         <name>__TI_Handler_Table_Base</name>
         <value>0x8000</value>
      </symbol>
      <symbol id="sm-3ad">
         <name>__TI_Handler_Table_Limit</name>
         <value>0x800c</value>
      </symbol>
      <symbol id="sm-3ae">
         <name>__STACK_SIZE</name>
         <value>0xa0</value>
      </symbol>
      <symbol id="sm-3af">
         <name>__STACK_END</name>
         <value>0x4000</value>
      </symbol>
      <symbol id="sm-3b0">
         <name>__c_args__</name>
         <value>0xffffffff</value>
      </symbol>
      <symbol id="sm-3b1">
         <name>__TI_pprof_out_hndl</name>
         <value>0xffffffff</value>
      </symbol>
      <symbol id="sm-3b2">
         <name>__TI_prof_data_start</name>
         <value>0xffffffff</value>
      </symbol>
      <symbol id="sm-3b3">
         <name>__TI_prof_data_size</name>
         <value>0xffffffff</value>
      </symbol>
      <symbol id="sm-462">
         <name>vApplicationIdleHook</name>
         <value>0x99c6</value>
         <object_component_ref idref="oc-69c"/>
      </symbol>
      <symbol id="sm-463">
         <name>taskBlinkLight</name>
         <value>0x9968</value>
         <object_component_ref idref="oc-508"/>
      </symbol>
      <symbol id="sm-464">
         <name>vApplicationSetupTimerInterrupt</name>
         <value>0x9806</value>
         <object_component_ref idref="oc-4ee"/>
      </symbol>
      <symbol id="sm-465">
         <name>main</name>
         <value>0x959a</value>
         <object_component_ref idref="oc-4bb"/>
      </symbol>
      <symbol id="sm-4b6">
         <name>uxListRemove</name>
         <value>0x9676</value>
         <object_component_ref idref="oc-579"/>
      </symbol>
      <symbol id="sm-4b7">
         <name>vListInsert</name>
         <value>0x9324</value>
         <object_component_ref idref="oc-6eb"/>
      </symbol>
      <symbol id="sm-4b8">
         <name>vListInitialiseItem</name>
         <value>0x99de</value>
         <object_component_ref idref="oc-682"/>
      </symbol>
      <symbol id="sm-4b9">
         <name>vListInsertEnd</name>
         <value>0x9852</value>
         <object_component_ref idref="oc-587"/>
      </symbol>
      <symbol id="sm-4ba">
         <name>vListInitialise</name>
         <value>0x982c</value>
         <object_component_ref idref="oc-708"/>
      </symbol>
      <symbol id="sm-583">
         <name>xQueueGenericSendFromISR</name>
         <value>0x8da0</value>
         <object_component_ref idref="oc-7ef"/>
      </symbol>
      <symbol id="sm-584">
         <name>xQueueGenericCreate</name>
         <value>0x9412</value>
         <object_component_ref idref="oc-729"/>
      </symbol>
      <symbol id="sm-585">
         <name>xQueueGenericSend</name>
         <value>0x8062</value>
         <object_component_ref idref="oc-7e9"/>
      </symbol>
      <symbol id="sm-586">
         <name>xQueueGenericReset</name>
         <value>0x8b6e</value>
         <object_component_ref idref="oc-7ba"/>
      </symbol>
      <symbol id="sm-587">
         <name>vQueueWaitForMessageRestricted</name>
         <value>0x9374</value>
         <object_component_ref idref="oc-798"/>
      </symbol>
      <symbol id="sm-588">
         <name>xQueueReceive</name>
         <value>0x81f8</value>
         <object_component_ref idref="oc-7b1"/>
      </symbol>
      <symbol id="sm-6ec">
         <name>vTaskDelay</name>
         <value>0x9642</value>
         <object_component_ref idref="oc-5ad"/>
      </symbol>
      <symbol id="sm-6ed">
         <name>vTaskSuspendAll</name>
         <value>0x99ea</value>
         <object_component_ref idref="oc-65e"/>
      </symbol>
      <symbol id="sm-6ee">
         <name>vTaskPlaceOnEventList</name>
         <value>0x9730</value>
         <object_component_ref idref="oc-7fc"/>
      </symbol>
      <symbol id="sm-6ef">
         <name>xTaskCheckForTimeOut</name>
         <value>0x8a34</value>
         <object_component_ref idref="oc-808"/>
      </symbol>
      <symbol id="sm-6f0">
         <name>vTaskStartScheduler</name>
         <value>0x922c</value>
         <object_component_ref idref="oc-515"/>
      </symbol>
      <symbol id="sm-6f1">
         <name>vTaskInternalSetTimeOutState</name>
         <value>0x9992</value>
         <object_component_ref idref="oc-802"/>
      </symbol>
      <symbol id="sm-6f2">
         <name>xTaskCreate</name>
         <value>0x8ea2</value>
         <object_component_ref idref="oc-50f"/>
      </symbol>
      <symbol id="sm-6f3">
         <name>vTaskMissedYield</name>
         <value>0x99e4</value>
         <object_component_ref idref="oc-81f"/>
      </symbol>
      <symbol id="sm-6f4">
         <name>xTaskResumeAll</name>
         <value>0x86b2</value>
         <object_component_ref idref="oc-66a"/>
      </symbol>
      <symbol id="sm-6f5">
         <name>xTaskGetTickCount</name>
         <value>0x97de</value>
         <object_component_ref idref="oc-7c8"/>
      </symbol>
      <symbol id="sm-6f6">
         <name>pxCurrentTCB</name>
         <value>0x2898</value>
         <object_component_ref idref="oc-4df"/>
      </symbol>
      <symbol id="sm-6f7">
         <name>vTaskPlaceOnEventListRestricted</name>
         <value>0x960a</value>
         <object_component_ref idref="oc-7d4"/>
      </symbol>
      <symbol id="sm-6f8">
         <name>xTaskIncrementTick</name>
         <value>0x84b2</value>
         <object_component_ref idref="oc-4e2"/>
      </symbol>
      <symbol id="sm-6f9">
         <name>vTaskSwitchContext</name>
         <value>0x90f4</value>
         <object_component_ref idref="oc-4e8"/>
      </symbol>
      <symbol id="sm-6fa">
         <name>xTaskGetSchedulerState</name>
         <value>0x98cc</value>
         <object_component_ref idref="oc-7e3"/>
      </symbol>
      <symbol id="sm-6fb">
         <name>xTaskRemoveFromEventList</name>
         <value>0x8e22</value>
         <object_component_ref idref="oc-814"/>
      </symbol>
      <symbol id="sm-7b4">
         <name>xTimerCreateTimerTask</name>
         <value>0x9460</value>
         <object_component_ref idref="oc-5da"/>
      </symbol>
      <symbol id="sm-7b5">
         <name>xTimerGenericCommand</name>
         <value>0x8c0a</value>
         <object_component_ref idref="oc-7ab"/>
      </symbol>
      <symbol id="sm-7da">
         <name>pvPortMalloc</name>
         <value>0x92d4</value>
         <object_component_ref idref="oc-5b5"/>
      </symbol>
      <symbol id="sm-7db">
         <name>vPortFree</name>
         <value>0x99b8</value>
         <object_component_ref idref="oc-5bb"/>
      </symbol>
      <symbol id="sm-7f4">
         <name>__TI_int43</name>
         <value>0xfff8</value>
         <object_component_ref idref="oc-8d"/>
      </symbol>
      <symbol id="sm-7f5">
         <name>vTickISREntry</name>
         <value>0x9a16</value>
         <object_component_ref idref="oc-45b"/>
      </symbol>
      <symbol id="sm-7f6">
         <name>usCriticalNesting</name>
         <value>0x28c2</value>
         <object_component_ref idref="oc-4dc"/>
      </symbol>
      <symbol id="sm-7f7">
         <name>pxPortInitialiseStack</name>
         <value>0x9876</value>
         <object_component_ref idref="oc-688"/>
      </symbol>
      <symbol id="sm-7ff">
         <name>vPortCooperativeTickISR</name>
         <value>0x8882</value>
         <object_component_ref idref="oc-4a8"/>
      </symbol>
      <symbol id="sm-800">
         <name>vPortPreemptiveTickISR</name>
         <value>0x8852</value>
         <object_component_ref idref="oc-4a8"/>
      </symbol>
      <symbol id="sm-801">
         <name>vPortYield</name>
         <value>0x88ae</value>
         <object_component_ref idref="oc-4a8"/>
      </symbol>
      <symbol id="sm-802">
         <name>xPortStartScheduler</name>
         <value>0x88de</value>
         <object_component_ref idref="oc-4a8"/>
      </symbol>
      <symbol id="sm-82e">
         <name>GPIO_setAsOutputPin</name>
         <value>0x9896</value>
         <object_component_ref idref="oc-502"/>
      </symbol>
      <symbol id="sm-82f">
         <name>GPIO_setOutputLowOnPin</name>
         <value>0x98e4</value>
         <object_component_ref idref="oc-4fc"/>
      </symbol>
      <symbol id="sm-830">
         <name>GPIO_toggleOutputOnPin</name>
         <value>0x98fa</value>
         <object_component_ref idref="oc-5a7"/>
      </symbol>
      <symbol id="sm-83c">
         <name>PMM_unlockLPM5</name>
         <value>0x99d2</value>
         <object_component_ref idref="oc-596"/>
      </symbol>
      <symbol id="sm-84d">
         <name>WDT_A_hold</name>
         <value>0x9910</value>
         <object_component_ref idref="oc-590"/>
      </symbol>
      <symbol id="sm-86e">
         <name>__TI_decompress_lzss</name>
         <value>0x85c4</value>
         <object_component_ref idref="oc-6a"/>
      </symbol>
      <symbol id="sm-87f">
         <name>__TI_decompress_none</name>
         <value>0x955e</value>
         <object_component_ref idref="oc-70"/>
      </symbol>
      <symbol id="sm-882">
         <name>__TI_int20</name>
         <value>0xffca</value>
         <object_component_ref idref="oc-76"/>
      </symbol>
      <symbol id="sm-88a">
         <name>__TI_ISR_TRAP</name>
         <value>0x9a26</value>
         <object_component_ref idref="oc-456"/>
      </symbol>
      <symbol id="sm-88d">
         <name>__TI_int21</name>
         <value>0xffcc</value>
         <object_component_ref idref="oc-77"/>
      </symbol>
      <symbol id="sm-890">
         <name>__TI_int22</name>
         <value>0xffce</value>
         <object_component_ref idref="oc-78"/>
      </symbol>
      <symbol id="sm-893">
         <name>__TI_int23</name>
         <value>0xffd0</value>
         <object_component_ref idref="oc-79"/>
      </symbol>
      <symbol id="sm-896">
         <name>__TI_int24</name>
         <value>0xffd2</value>
         <object_component_ref idref="oc-7a"/>
      </symbol>
      <symbol id="sm-899">
         <name>__TI_int25</name>
         <value>0xffd4</value>
         <object_component_ref idref="oc-7b"/>
      </symbol>
      <symbol id="sm-89c">
         <name>__TI_int26</name>
         <value>0xffd6</value>
         <object_component_ref idref="oc-7c"/>
      </symbol>
      <symbol id="sm-89f">
         <name>__TI_int27</name>
         <value>0xffd8</value>
         <object_component_ref idref="oc-7d"/>
      </symbol>
      <symbol id="sm-8a2">
         <name>__TI_int28</name>
         <value>0xffda</value>
         <object_component_ref idref="oc-7e"/>
      </symbol>
      <symbol id="sm-8a5">
         <name>__TI_int29</name>
         <value>0xffdc</value>
         <object_component_ref idref="oc-7f"/>
      </symbol>
      <symbol id="sm-8a8">
         <name>__TI_int30</name>
         <value>0xffde</value>
         <object_component_ref idref="oc-80"/>
      </symbol>
      <symbol id="sm-8ab">
         <name>__TI_int31</name>
         <value>0xffe0</value>
         <object_component_ref idref="oc-81"/>
      </symbol>
      <symbol id="sm-8ae">
         <name>__TI_int32</name>
         <value>0xffe2</value>
         <object_component_ref idref="oc-82"/>
      </symbol>
      <symbol id="sm-8b1">
         <name>__TI_int33</name>
         <value>0xffe4</value>
         <object_component_ref idref="oc-83"/>
      </symbol>
      <symbol id="sm-8b4">
         <name>__TI_int34</name>
         <value>0xffe6</value>
         <object_component_ref idref="oc-84"/>
      </symbol>
      <symbol id="sm-8b7">
         <name>__TI_int35</name>
         <value>0xffe8</value>
         <object_component_ref idref="oc-85"/>
      </symbol>
      <symbol id="sm-8ba">
         <name>__TI_int36</name>
         <value>0xffea</value>
         <object_component_ref idref="oc-86"/>
      </symbol>
      <symbol id="sm-8bd">
         <name>__TI_int37</name>
         <value>0xffec</value>
         <object_component_ref idref="oc-87"/>
      </symbol>
      <symbol id="sm-8c0">
         <name>__TI_int38</name>
         <value>0xffee</value>
         <object_component_ref idref="oc-88"/>
      </symbol>
      <symbol id="sm-8c3">
         <name>__TI_int39</name>
         <value>0xfff0</value>
         <object_component_ref idref="oc-89"/>
      </symbol>
      <symbol id="sm-8c6">
         <name>__TI_int40</name>
         <value>0xfff2</value>
         <object_component_ref idref="oc-8a"/>
      </symbol>
      <symbol id="sm-8c9">
         <name>__TI_int41</name>
         <value>0xfff4</value>
         <object_component_ref idref="oc-8b"/>
      </symbol>
      <symbol id="sm-8cc">
         <name>__TI_int42</name>
         <value>0xfff6</value>
         <object_component_ref idref="oc-8c"/>
      </symbol>
      <symbol id="sm-8cf">
         <name>__TI_int44</name>
         <value>0xfffa</value>
         <object_component_ref idref="oc-8e"/>
      </symbol>
      <symbol id="sm-8d2">
         <name>__TI_int45</name>
         <value>0xfffc</value>
         <object_component_ref idref="oc-8f"/>
      </symbol>
      <symbol id="sm-8e2">
         <name>__TI_zero_init</name>
         <value>0x94e4</value>
         <object_component_ref idref="oc-467"/>
      </symbol>
      <symbol id="sm-8ed">
         <name>__memcpy_far</name>
         <value>0x94a4</value>
         <object_component_ref idref="oc-44a"/>
      </symbol>
      <symbol id="sm-8fa">
         <name>__mspabi_mpyi_f5hw</name>
         <value>0x98b4</value>
         <object_component_ref idref="oc-57f"/>
      </symbol>
      <symbol id="sm-910">
         <name>_c_int00_noargs_mpu</name>
         <value>0x99f6</value>
         <object_component_ref idref="oc-48b"/>
      </symbol>
      <symbol id="sm-911">
         <name>_stack</name>
         <value>0x3f60</value>
         <object_component_ref idref="oc-43b"/>
      </symbol>
      <symbol id="sm-912">
         <name>_reset_vector</name>
         <value>0xfffe</value>
         <object_component_ref idref="oc-43e"/>
      </symbol>
      <symbol id="sm-920">
         <name>__mpu_init</name>
         <value>0x9522</value>
         <object_component_ref idref="oc-4cd"/>
      </symbol>
      <symbol id="sm-943">
         <name>__TI_auto_init_nobinit_nopinit_hold_wdt</name>
         <value>0x9164</value>
         <object_component_ref idref="oc-540"/>
      </symbol>
      <symbol id="sm-94c">
         <name>_system_post_cinit</name>
         <value>0x99f4</value>
         <object_component_ref idref="oc-5f3"/>
      </symbol>
      <symbol id="sm-955">
         <name>_system_pre_init</name>
         <value>0x99f0</value>
         <object_component_ref idref="oc-4b5"/>
      </symbol>
      <symbol id="sm-960">
         <name>C$$EXIT</name>
         <value>0x99d8</value>
         <object_component_ref idref="oc-51c"/>
      </symbol>
      <symbol id="sm-961">
         <name>abort</name>
         <value>0x99d8</value>
         <object_component_ref idref="oc-51c"/>
      </symbol>
      <symbol id="sm-971">
         <name>memcpy</name>
         <value>0x99a6</value>
         <object_component_ref idref="oc-6d8"/>
      </symbol>
      <symbol id="sm-97f">
         <name>memset</name>
         <value>0x997e</value>
         <object_component_ref idref="oc-67c"/>
      </symbol>
      <symbol id="sm-986">
         <name>vPortSetupTimerInterrupt</name>
         <value>0x9806</value>
      </symbol>
   </symbol_table>
   <title>Link successful</title>
</link_info>
