******************************************************************************
                  MSP430 Linker Unix v18.12.2                  
******************************************************************************
>> Linked Wed Nov  6 20:01:23 2019

OUTPUT FILE NAME:   <Blink.out>
ENTRY POINT SYMBOL: "_c_int00_noargs_mpu"  address: 00009cec


MEMORY CONFIGURATION

         name            origin    length      used     unused   attr    fill
----------------------  --------  ---------  --------  --------  ----  --------
  TINYRAM               00000006   0000001a  00000000  0000001a  RWIX
  BSL0                  00001000   00000800  00000000  00000800  RWIX
  INFO                  00001800   00000200  00000000  00000200  RWIX
  TLVMEM                00001a00   00000200  00000000  00000200  RWIX
  BOOTCODE              00001c00   00000400  00000000  00000400  RWIX
  RAM                   00002000   00002000  00001f8e  00000072  RWIX
  FRAM                  00008000   00007f80  00007077  00000f09  RWIX
  JTAGSIGNATURE         0000ff80   00000004  00000004  00000000  RWIX  ffff 
  BSLSIGNATURE          0000ff84   00000004  00000004  00000000  RWIX  ffff 
  BSLCONFIGURATIONSIGNA 0000ff88   00000002  00000002  00000000  RWIX  ffff 
  BSLCONFIGURATION      0000ff8a   00000002  00000002  00000000  RWIX  ffff 
  BSLI2CADDRESS         0000ffa0   00000002  00000002  00000000  RWIX  ffff 
  INT00                 0000ffa2   00000002  00000000  00000002  RWIX
  INT01                 0000ffa4   00000002  00000000  00000002  RWIX
  INT02                 0000ffa6   00000002  00000000  00000002  RWIX
  INT03                 0000ffa8   00000002  00000000  00000002  RWIX
  INT04                 0000ffaa   00000002  00000000  00000002  RWIX
  INT05                 0000ffac   00000002  00000000  00000002  RWIX
  INT06                 0000ffae   00000002  00000000  00000002  RWIX
  INT07                 0000ffb0   00000002  00000000  00000002  RWIX
  INT08                 0000ffb2   00000002  00000000  00000002  RWIX
  INT09                 0000ffb4   00000002  00000000  00000002  RWIX
  INT10                 0000ffb6   00000002  00000000  00000002  RWIX
  INT11                 0000ffb8   00000002  00000000  00000002  RWIX
  INT12                 0000ffba   00000002  00000000  00000002  RWIX
  INT13                 0000ffbc   00000002  00000000  00000002  RWIX
  INT14                 0000ffbe   00000002  00000000  00000002  RWIX
  INT15                 0000ffc0   00000002  00000000  00000002  RWIX
  INT16                 0000ffc2   00000002  00000000  00000002  RWIX
  INT17                 0000ffc4   00000002  00000000  00000002  RWIX
  INT18                 0000ffc6   00000002  00000000  00000002  RWIX
  INT19                 0000ffc8   00000002  00000000  00000002  RWIX
  INT20                 0000ffca   00000002  00000002  00000000  RWIX
  INT21                 0000ffcc   00000002  00000002  00000000  RWIX
  INT22                 0000ffce   00000002  00000002  00000000  RWIX
  INT23                 0000ffd0   00000002  00000002  00000000  RWIX
  INT24                 0000ffd2   00000002  00000002  00000000  RWIX
  INT25                 0000ffd4   00000002  00000002  00000000  RWIX
  INT26                 0000ffd6   00000002  00000002  00000000  RWIX
  INT27                 0000ffd8   00000002  00000002  00000000  RWIX
  INT28                 0000ffda   00000002  00000002  00000000  RWIX
  INT29                 0000ffdc   00000002  00000002  00000000  RWIX
  INT30                 0000ffde   00000002  00000002  00000000  RWIX
  INT31                 0000ffe0   00000002  00000002  00000000  RWIX
  INT32                 0000ffe2   00000002  00000002  00000000  RWIX
  INT33                 0000ffe4   00000002  00000002  00000000  RWIX
  INT34                 0000ffe6   00000002  00000002  00000000  RWIX
  INT35                 0000ffe8   00000002  00000002  00000000  RWIX
  INT36                 0000ffea   00000002  00000002  00000000  RWIX
  INT37                 0000ffec   00000002  00000002  00000000  RWIX
  INT38                 0000ffee   00000002  00000002  00000000  RWIX
  INT39                 0000fff0   00000002  00000002  00000000  RWIX
  INT40                 0000fff2   00000002  00000002  00000000  RWIX
  INT41                 0000fff4   00000002  00000002  00000000  RWIX
  INT42                 0000fff6   00000002  00000002  00000000  RWIX
  INT43                 0000fff8   00000002  00000002  00000000  RWIX
  INT44                 0000fffa   00000002  00000002  00000000  RWIX
  INT45                 0000fffc   00000002  00000002  00000000  RWIX
  RESET                 0000fffe   00000002  00000002  00000000  RWIX
  FRAM2                 00010000   00008000  00008000  00000000  RWIX
  ROMLIB                000c0000   00004000  00000000  00004000  RWIX
  BSL1                  000ffc00   00000400  00000000  00000400  RWIX


SECTION ALLOCATION MAP

 output                                  attributes/
section   page    origin      length       input sections
--------  ----  ----------  ----------   ----------------
.TI.persistent 
*          0    00008000    00000000     UNINITIALIZED

.cio       0    00008000    00000000     UNINITIALIZED

.sysmem    0    00008000    00001b58     UNINITIALIZED
                  00008000    00000008     rts430x_lc_sd_eabi.lib : memory.c.obj (.sysmem)
                  00008008    00001b50     --HOLE--

.text:_isr 
*          0    00009c00    0000013c     
                  00009c00    0000004c     usci_isr_handler.obj (.text:_isr:USCIA1_ISR)
                  00009c4c    00000042     usci_isr_handler.obj (.text:_isr:USCIB1_ISR)
                  00009c8e    0000003e     usci_isr_handler.obj (.text:_isr:USCIB0_ISR)
                  00009ccc    00000020     usci_isr_handler.obj (.text:_isr:USCIA0_ISR)
                  00009cec    00000020     rts430x_lc_sd_eabi.lib : boot.c.obj (.text:_isr:_c_int00_noargs_mpu)
                  00009d0c    00000018     blink.obj (.text:_isr:_Z6P1_ISRv)
                  00009d24    00000010     port.obj (.text:_isr:vTickISREntry)
                  00009d34    00000008     rts430x_lc_sd_eabi.lib : isr_trap.asm.obj (.text:_isr:__TI_ISR_TRAP)

.cinit     0    0000dc56    000004da     
                  0000dc56    000004b6     (.cinit..data.load) [load image]
                  0000e10e    0000000c     (__TI_handler_table)
                  0000e11a    00000006     (.cinit..bss.load) [load image, compression = zero_init]
                  0000e120    00000010     (__TI_cinit_table)

.pinit     0    0000e130    00000000     UNINITIALIZED

.binit     0    0000e130    00000000     

.init_array 
*          0    0000e130    00000008     
                  0000e130    00000004     HardwareSerial.obj (.init_array)
                  0000e134    00000004     blink.obj (.init_array)

.mspabi.exidx 
*          0    0000e138    00000000     UNINITIALIZED

.mspabi.extab 
*          0    0000e138    00000000     UNINITIALIZED

.const     0    0000e138    00000f3f     
                  0000e138    00000a50     font20.obj (.const:.string:Font20_Table)
                  0000eb88    00000108     rts430x_lc_sd_eabi.lib : k_rem_pio2.c.obj (.const:ipio2)
                  0000ec90    0000005a     blink.obj (.const:.string)
                  0000ecea    00000058     rts430x_lc_sd_eabi.lib : s_atan.c.obj (.const:aT)
                  0000ed42    00000048     magnetometer.obj (.const:.string)
                  0000ed8a    00000040     rts430x_lc_sd_eabi.lib : k_rem_pio2.c.obj (.const:PIo2)
                  0000edca    0000003c     GUI_Paint.obj (.const:.string)
                  0000ee06    0000002d     HardwareSerial.obj (.const:.string:digital_pin_to_bit_mask)
                  0000ee33    00000001     --HOLE-- [fill = 0]
                  0000ee34    0000002d     HardwareSerial.obj (.const:.string:digital_pin_to_port)
                  0000ee61    00000001     --HOLE-- [fill = 0]
                  0000ee62    00000025     rts430x_lc_sd_eabi.lib : typeinfo.c.obj (.const:.typeinfo:_ZTSN10__cxxabiv120__si_class_type_infoE)
                  0000ee87    00000001     --HOLE-- [fill = 0]
                  0000ee88    00000022                            : typeinfo.c.obj (.const:.typeinfo:_ZTSN10__cxxabiv117__class_type_infoE)
                  0000eeaa    00000020                            : s_atan.c.obj (.const:atanhi)
                  0000eeca    00000020                            : s_atan.c.obj (.const:atanlo)
                  0000eeea    0000001e     display.obj (.const:.string:EPD_1IN54_lut_full_update)
                  0000ef08    0000001e     display.obj (.const:.string:EPD_1IN54_lut_partial_update)
                  0000ef26    0000001c     gpio.obj (.const:GPIO_PORT_TO_BASE)
                  0000ef42    0000001c     HardwareSerial.obj (.const:_ZTV14HardwareSerial)
                  0000ef5e    00000018     HardwareSerial.obj (.const:port_to_dir)
                  0000ef76    00000018     HardwareSerial.obj (.const:port_to_output)
                  0000ef8e    00000018     HardwareSerial.obj (.const:port_to_ren)
                  0000efa6    00000018     HardwareSerial.obj (.const:port_to_sel0)
                  0000efbe    00000018     HardwareSerial.obj (.const:port_to_sel1)
                  0000efd6    00000012     display.obj (.const:$P$T0$1)
                  0000efe8    00000012     magnetometer.obj (.const:$P$T0$1)
                  0000effa    00000011     HardwareSerial.obj (.const:.typeinfo:_ZTS14HardwareSerial)
                  0000f00b    00000001     --HOLE-- [fill = 0]
                  0000f00c    00000010     rts430x_lc_sd_eabi.lib : typeinfo.c.obj (.const:_ZTVN10__cxxabiv117__class_type_infoE)
                  0000f01c    00000010                            : typeinfo.c.obj (.const:_ZTVN10__cxxabiv120__si_class_type_infoE)
                  0000f02c    0000000d                            : stdlib_typeinfo.cpp.obj (.const:.typeinfo:_ZTSSt9type_info)
                  0000f039    00000001     --HOLE-- [fill = 0]
                  0000f03a    0000000a     GUI_Paint.obj (.const:.string:num)
                  0000f044    00000008     timers.obj (.const:.string)
                  0000f04c    00000008     rts430x_lc_sd_eabi.lib : k_rem_pio2.c.obj (.const:init_jk)
                  0000f054    00000006     blink.obj (.const:.string:$P$T0$1)
                  0000f05a    00000006     tasks.obj (.const:.string)
                  0000f060    00000006     rts430x_lc_sd_eabi.lib : typeinfo.c.obj (.const:.typeinfo:_ZTIN10__cxxabiv117__class_type_infoE)
                  0000f066    00000006                            : typeinfo.c.obj (.const:.typeinfo:_ZTIN10__cxxabiv120__si_class_type_infoE)
                  0000f06c    00000004     HardwareSerial.obj (.const:.typeinfo:_ZTI14HardwareSerial)
                  0000f070    00000004     rts430x_lc_sd_eabi.lib : stdlib_typeinfo.cpp.obj (.const:.typeinfo:_ZTISt9type_info)
                  0000f074    00000003     blink.obj (.const:.string:$P$T1$2)

.bss       0    00002000    00001a3e     UNINITIALIZED
                  00002000    00001800     heap_1.obj (.bss:ucHeap)
                  00003800    00000144     blink.obj (.bss:myGPS)
                  00003944    0000003c     tasks.obj (.bss:pxReadyTasksLists)
                  00003980    0000001a     (.common:calData)
                  0000399a    00000016     (.common:Paint)
                  000039b0    00000010     HardwareSerial.obj (.bss:Serial1)
                  000039c0    00000010     HardwareSerial.obj (.bss:Serial)
                  000039d0    0000000c     timers.obj (.bss:xActiveTimerList1)
                  000039dc    0000000c     timers.obj (.bss:xActiveTimerList2)
                  000039e8    0000000c     tasks.obj (.bss:xDelayedTaskList1)
                  000039f4    0000000c     tasks.obj (.bss:xDelayedTaskList2)
                  00003a00    0000000c     tasks.obj (.bss:xPendingReadyList)
                  00003a0c    0000000c     tasks.obj (.bss:xSuspendedTaskList)
                  00003a18    0000000c     tasks.obj (.bss:xTasksWaitingTermination)
                  00003a24    00000004     tasks.obj (.bss)
                  00003a28    00000004     timers.obj (.bss)
                  00003a2c    00000004     (.common:altitude)
                  00003a30    00000004     (.common:latitude)
                  00003a34    00000004     (.common:longitude)
                  00003a38    00000002     rts430x_lc_sd_eabi.lib : memory.c.obj (.bss)
                  00003a3a    00000002     (.common:xActiveSemaphore)
                  00003a3c    00000002     (.common:xReceiveSemaphore)

.data      0    00003a3e    000004b0     UNINITIALIZED
                  00003a3e    00000400     blink.obj (.data:coords)
                  00003e3e    0000001e     blink.obj (.data)
                  00003e5c    0000001e     tasks.obj (.data)
                  00003e7a    00000014     HardwareSerial.obj (.data:rx_buffer1)
                  00003e8e    00000014     HardwareSerial.obj (.data:rx_buffer)
                  00003ea2    00000014     HardwareSerial.obj (.data:tx_buffer1)
                  00003eb6    00000014     HardwareSerial.obj (.data:tx_buffer)
                  00003eca    00000008     timers.obj (.data)
                  00003ed2    00000006     font20.obj (.data:Font20)
                  00003ed8    00000004     rts430x_lc_sd_eabi.lib : _lock.c.obj (.data:_lock)
                  00003edc    00000004                            : _lock.c.obj (.data:_unlock)
                  00003ee0    00000004     cs.obj (.data)
                  00003ee4    00000004     heap_1.obj (.data)
                  00003ee8    00000002     port.obj (.data)
                  00003eea    00000002     rts430x_lc_sd_eabi.lib : errno.c.obj (.data)
                  00003eec    00000002                            : memory.c.obj (.data)

.stack     0    00003f60    000000a0     UNINITIALIZED
                  00003f60    00000002     rts430x_lc_sd_eabi.lib : boot.c.obj (.stack)
                  00003f62    0000009e     --HOLE--

$fill000   0    0000ff80    00000004     
                  0000ff80    00000004     --HOLE-- [fill = ffff]

$fill001   0    0000ff84    00000004     
                  0000ff84    00000004     --HOLE-- [fill = ffff]

$fill002   0    0000ff88    00000002     
                  0000ff88    00000002     --HOLE-- [fill = ffff]

$fill003   0    0000ff8a    00000002     
                  0000ff8a    00000002     --HOLE-- [fill = ffff]

$fill004   0    0000ffa0    00000002     
                  0000ffa0    00000002     --HOLE-- [fill = ffff]

ECOMP0     0    0000ffca    00000002     
                  0000ffca    00000002     rts430x_lc_sd_eabi.lib : int20.asm.obj (.int20)

PORT6      0    0000ffcc    00000002     
                  0000ffcc    00000002     rts430x_lc_sd_eabi.lib : int21.asm.obj (.int21)

PORT5      0    0000ffce    00000002     
                  0000ffce    00000002     rts430x_lc_sd_eabi.lib : int22.asm.obj (.int22)

PORT4      0    0000ffd0    00000002     
                  0000ffd0    00000002     rts430x_lc_sd_eabi.lib : int23.asm.obj (.int23)

PORT3      0    0000ffd2    00000002     
                  0000ffd2    00000002     rts430x_lc_sd_eabi.lib : int24.asm.obj (.int24)

PORT2      0    0000ffd4    00000002     
                  0000ffd4    00000002     rts430x_lc_sd_eabi.lib : int25.asm.obj (.int25)

PORT1      0    0000ffd6    00000002     
                  0000ffd6    00000002     blink.obj (.int26)

ADC        0    0000ffd8    00000002     
                  0000ffd8    00000002     rts430x_lc_sd_eabi.lib : int27.asm.obj (.int27)

EUSCI_B1   0    0000ffda    00000002     
                  0000ffda    00000002     usci_isr_handler.obj (.int28)

EUSCI_B0   0    0000ffdc    00000002     
                  0000ffdc    00000002     usci_isr_handler.obj (.int29)

EUSCI_A1   0    0000ffde    00000002     
                  0000ffde    00000002     usci_isr_handler.obj (.int30)

EUSCI_A0   0    0000ffe0    00000002     
                  0000ffe0    00000002     usci_isr_handler.obj (.int31)

WDT        0    0000ffe2    00000002     
                  0000ffe2    00000002     rts430x_lc_sd_eabi.lib : int32.asm.obj (.int32)

RTC        0    0000ffe4    00000002     
                  0000ffe4    00000002     rts430x_lc_sd_eabi.lib : int33.asm.obj (.int33)

TIMER0_B1 
*          0    0000ffe6    00000002     
                  0000ffe6    00000002     rts430x_lc_sd_eabi.lib : int34.asm.obj (.int34)

TIMER0_B0 
*          0    0000ffe8    00000002     
                  0000ffe8    00000002     rts430x_lc_sd_eabi.lib : int35.asm.obj (.int35)

TIMER3_A1 
*          0    0000ffea    00000002     
                  0000ffea    00000002     rts430x_lc_sd_eabi.lib : int36.asm.obj (.int36)

TIMER3_A0 
*          0    0000ffec    00000002     
                  0000ffec    00000002     rts430x_lc_sd_eabi.lib : int37.asm.obj (.int37)

TIMER2_A1 
*          0    0000ffee    00000002     
                  0000ffee    00000002     rts430x_lc_sd_eabi.lib : int38.asm.obj (.int38)

TIMER2_A0 
*          0    0000fff0    00000002     
                  0000fff0    00000002     rts430x_lc_sd_eabi.lib : int39.asm.obj (.int39)

TIMER1_A1 
*          0    0000fff2    00000002     
                  0000fff2    00000002     rts430x_lc_sd_eabi.lib : int40.asm.obj (.int40)

TIMER1_A0 
*          0    0000fff4    00000002     
                  0000fff4    00000002     rts430x_lc_sd_eabi.lib : int41.asm.obj (.int41)

TIMER0_A1 
*          0    0000fff6    00000002     
                  0000fff6    00000002     rts430x_lc_sd_eabi.lib : int42.asm.obj (.int42)

TIMER0_A0 
*          0    0000fff8    00000002     
                  0000fff8    00000002     port.obj (.int43)

UNMI       0    0000fffa    00000002     
                  0000fffa    00000002     rts430x_lc_sd_eabi.lib : int44.asm.obj (.int44)

SYSNMI     0    0000fffc    00000002     
                  0000fffc    00000002     rts430x_lc_sd_eabi.lib : int45.asm.obj (.int45)

.reset     0    0000fffe    00000002     
                  0000fffe    00000002     rts430x_lc_sd_eabi.lib : boot.c.obj (.reset)

.text.1    0    00009d3c    00003f1a     
                  00009d3c    00000106     HardwareSerial.obj (.text:_ZN14HardwareSerial5beginEmh)
                  00009e42    00000102     display.obj (.text:_Z14display_wakeupP9display_t)
                  00009f44    00000100     GUI_Paint.obj (.text:_Z14Paint_DrawLinejjjjj9DOT_PIXEL10LINE_STYLE)
                  0000a044    000000ee     cs.obj (.text:CS_initClockSignal)
                  0000a132    000000ee     rts430x_lc_sd_eabi.lib : copy_decompress_lzss.c.obj (.text:decompress:lzss:__TI_decompress_lzss)
                  0000a220    000000e0                            : memory.c.obj (.text:aligned_alloc)
                  0000a300    000000dc     Ublox_GPS.obj (.text:_ZN13SFE_UBLOX_GPS17sendSerialCommandE9ubxPacket)
                  0000a3dc    000000d8     rts430x_lc_sd_eabi.lib : cmpd.c.obj (.text:__mspabi_cmpd)
                  0000a4b4    000000d6     Ublox_GPS.obj (.text:_ZN13SFE_UBLOX_GPS10processUBXEhP9ubxPacket)
                  0000a58a    000000d2     display.obj (.text:_ZN33_INTERNAL_11_display_cpp_b82e4bcc16display_init_spiEP9display_t)
                  0000a65c    000000d2     tasks.obj (.text:xTaskResumeAll)
                  0000a72e    000000ce     Ublox_GPS.obj (.text:_ZN13SFE_UBLOX_GPS7processEh)
                  0000a7fc    000000ce     tasks.obj (.text:prvInitialiseNewTask)
                  0000a8ca    000000ca     cs.obj (.text:CS_initFLL)
                  0000a994    000000ca     rts430x_lc_sd_eabi.lib : memory.c.obj (.text:free)
                  0000aa5e    000000c8     tasks.obj (.text:vTaskSwitchContext)
                  0000ab26    000000c0     display.obj (.text:_Z12display_initP9display_t8io_pin_tS1_S1_S1_S1_S1_jjj)
                  0000abe6    000000ba     tasks.obj (.text:vTaskSuspend)
                  0000aca0    000000b8     rts430x_lc_sd_eabi.lib : fs_mpy.asm.obj (.text)
                  0000ad58    000000b4     Ublox_GPS.obj (.text:_ZN13SFE_UBLOX_GPSC1Ev)
                  0000ae0c    000000b2     rts430x_lc_sd_eabi.lib : renormd.c.obj (.text:__TI_renormd)
                  0000aebe    000000b0     cs.obj (.text:privateCSComputeCLKFrequency)
                  0000af6e    000000a8     magnetometer.obj (.text:_Z19mag_exitCalibrationv)
                  0000b016    000000a6     portext.obj (.text)
                  0000b0bc    0000009e     rts430x_lc_sd_eabi.lib : fltlid.c.obj (.text:__mspabi_fltlid)
                  0000b15a    0000009e     timers.obj (.text:prvSwitchTimerLists)
                  0000b1f8    0000009e     queue.obj (.text:prvUnlockQueue)
                  0000b296    0000009e     tasks.obj (.text:xTaskCheckForTimeOut)
                  0000b334    0000009c     GUI_Paint.obj (.text:_Z14Paint_DrawTempjji)
                  0000b3d0    0000009c     tasks.obj (.text:prvAddNewTaskToReadyList)
                  0000b46c    0000009c     queue.obj (.text:xQueueGenericReset)
                  0000b508    00000094     magnetometer.obj (.text:_Z11mag_initSPIv)
                  0000b59c    00000090     cs.obj (.text:privateCSSourceClockFromDCO)
                  0000b62c    00000090     rts430x_lc_sd_eabi.lib : fs_div.asm.obj (.text)
                  0000b6bc    0000008e     magnetometer.obj (.text:_Z12mag_readAxish)
                  0000b74a    0000008c     HardwareSerial.obj (.text:_Z11pinMode_inthj)
                  0000b7d6    0000008c     rts430x_lc_sd_eabi.lib : cvtdf.c.obj (.text:__mspabi_cvtdf)
                  0000b862    0000008c     timers.obj (.text:xTimerGenericCommand)
                  0000b8ee    00000088     Ublox_GPS.obj (.text:_ZN13SFE_UBLOX_GPS15waitForResponseEhhj)
                  0000b976    00000088     tasks.obj (.text:prvAddCurrentTaskToDelayedList)
                  0000b9fe    00000084     rts430x_lc_sd_eabi.lib : autoinit.c.obj (.text:__TI_auto_init_nobinit_hold_wdt:__TI_auto_init_nobinit_hold_wdt)
                  0000ba82    00000082     timers.obj (.text:prvProcessExpiredTimer)
                  0000bb04    00000082     queue.obj (.text:xQueueGenericSendFromISR)
                  0000bb86    00000080     GUI_Paint.obj (.text:_Z15Paint_DrawPointjjj9DOT_PIXEL9DOT_STYLE)
                  0000bc06    00000080     tasks.obj (.text:xTaskRemoveFromEventList)
                  0000bc86    0000007e     magnetometer.obj (.text:_Z4itoalPci)
                  0000bd04    0000007c     cs.obj (.text:privateDCORange)
                  0000bd80    0000007c     tasks.obj (.text:xTaskCreate)
                  0000bdfc    0000007a     timers.obj (.text:prvProcessTimerOrBlockTask)
                  0000be76    0000007a     queue.obj (.text:xQueueGiveFromISR)
                  0000bef0    00000078     GUI_Paint.obj (.text:_Z19Paint_DrawString_ENjjPKcP6_tFontjj)
                  0000bf68    00000076     timers.obj (.text:prvInsertTimerInActiveList)
                  0000bfde    00000070     display.obj (.text:_Z18display_draw_imageP9display_t)
                  0000c04e    00000070     queue.obj (.text:prvCopyDataToQueue)
                  0000c0be    0000006e     GUI_Paint.obj (.text:_Z18Paint_DrawDistancejji)
                  0000c12c    0000006a     rts430x_lc_sd_eabi.lib : memory.c.obj (.text:split)
                  0000c196    00000068     display.obj (.text:_ZN33_INTERNAL_11_display_cpp_b82e4bcc18display_set_windowEP9display_tjjjj)
                  0000c1fe    00000068     rts430x_lc_sd_eabi.lib : fs_toi.asm.obj (.text)
                  0000c266    00000066     magnetometer.obj (.text:_Z19mag_calibrationStepv)
                  0000c2cc    00000066     rts430x_lc_sd_eabi.lib : fixdli.c.obj (.text:__mspabi_fixdli)
                  0000c332    00000062     display.obj (.text:_Z13display_clearP9display_t)
                  0000c394    00000062     GUI_Paint.obj (.text:_Z8inttostriPc)
                  0000c3f6    0000005e     HardwareSerial.obj (.text:__sti___18_HardwareSerial_cpp_12ecbdd7)
                  0000c454    0000005e     tasks.obj (.text:prvInitialiseTaskLists)
                  0000c4b2    0000005c     rts430x_lc_sd_eabi.lib : cvtfd.c.obj (.text:__mspabi_cvtfd)
                  0000c50e    0000005a     magnetometer.obj (.text:_Z11mag_readRegh)
                  0000c568    00000058     GUI_Paint.obj (.text:_Z14Paint_NewImagePhjjjj)
                  0000c5c0    00000058     heap_1.obj (.text:pvPortMalloc)
                  0000c618    00000058     rts430x_lc_sd_eabi.lib : div32u.asm.obj (.text)
                  0000c670    00000056     tasks.obj (.text:vTaskStartScheduler)
                  0000c6c6    00000054     Ublox_GPS.obj (.text:_ZN13SFE_UBLOX_GPS12calcChecksumEP9ubxPacket)
                  0000c71a    00000052     timers.obj (.text:prvCheckForValidListAndQueue)
                  0000c76c    00000050     eusci_b_spi.obj (.text:EUSCI_B_SPI_initMaster)
                  0000c7bc    00000050     list.obj (.text:vListInsert)
                  0000c80c    00000050     queue.obj (.text:vQueueWaitForMessageRestricted)
                  0000c85c    0000004e     tasks.obj (.text:prvCheckTasksWaitingTermination)
                  0000c8aa    0000004e     queue.obj (.text:xQueueGenericCreate)
                  0000c8f8    0000004a     display.obj (.text:_Z13display_resetP9display_t)
                  0000c942    0000004a     Ublox_GPS.obj (.text:_ZN13SFE_UBLOX_GPS6getPVTEj)
                  0000c98c    00000046     magnetometer.obj (.text:_Z12mag_writeReghh)
                  0000c9d2    00000046     rts430x_lc_sd_eabi.lib : fs_tou.asm.obj (.text)
                  0000ca18    00000046     HardwareSerial.obj (.text:uart_rx_isr)
                  0000ca5e    00000044     blink.obj (.text:_Z15taskFullRefreshPv)
                  0000caa2    00000044     Ublox_GPS.obj (.text:_ZN13SFE_UBLOX_GPS11extractLongEh)
                  0000cae6    00000044     Ublox_GPS.obj (.text:_ZN13SFE_UBLOX_GPS11sendCommandE9ubxPacketj)
                  0000cb2a    00000044     Ublox_GPS.obj (.text:_ZN13SFE_UBLOX_GPS16processRTCMframeEh)
                  0000cb6e    00000044     timers.obj (.text:xTimerCreateTimerTask)
                  0000cbb2    00000042     GUI_Paint.obj (.text:_Z13Paint_DrawNumjjlP6_tFontjj)
                  0000cbf4    00000042     Ublox_GPS.obj (.text:_ZN13SFE_UBLOX_GPS11setInactiveEj)
                  0000cc36    00000040     gpio.obj (.text:GPIO_setAsPeripheralModuleFunctionInputPin)
                  0000cc76    00000040     gpio.obj (.text:GPIO_setAsPeripheralModuleFunctionOutputPin)
                  0000ccb6    00000040     magnetometer.obj (.text:_Z11mag_getTempv)
                  0000ccf6    00000040     display.obj (.text:_ZN33_INTERNAL_11_display_cpp_b82e4bcc18display_set_cursorEP9display_tjj)
                  0000cd36    00000040     display.obj (.text:_ZN33_INTERNAL_11_display_cpp_b82e4bcc20display_wait_on_busyEP9display_t)
                  0000cd76    00000040     rts430x_lc_sd_eabi.lib : cpy_util.asm.obj (.text:__memcpy_far)
                  0000cdb6    00000040                            : div32s.asm.obj (.text)
                  0000cdf6    0000003e                            : copy_zero_init.c.obj (.text:decompress:ZI:__TI_zero_init)
                  0000ce34    0000003e                            : asr32.asm.obj (.text:l_asr_const)
                  0000ce72    0000003e                            : lsl32.asm.obj (.text:l_lsl_const)
                  0000ceb0    0000003e                            : lsr32.asm.obj (.text:l_lsr_const)
                  0000ceee    0000003c     magnetometer.obj (.text:_Z13mag_calibratev)
                  0000cf2a    0000003c     HardwareSerial.obj (.text:_ZN14HardwareSerial4readEv)
                  0000cf66    0000003c     HardwareSerial.obj (.text:_ZN14HardwareSerial5writeEh)
                  0000cfa2    0000003c     FRWP_INIT_LIB_CCS_msp430_large_code_small_data.lib : frwp_init.obj (.text:__mpu_init)
                  0000cfde    0000003c     rts430x_lc_sd_eabi.lib : copy_decompress_none.c.obj (.text:decompress:none:__TI_decompress_none)
                  0000d01a    0000003c     HardwareSerial.obj (.text:uart_tx_isr)
                  0000d056    00000038     blink.obj (.text:_ZN30_INTERNAL_9_blink_cpp_614cbe3d16prvSetupHardwareEv)
                  0000d08e    00000038     timers.obj (.text:prvSampleTimeNow)
                  0000d0c6    00000038     tasks.obj (.text:vTaskPlaceOnEventListRestricted)
                  0000d0fe    00000036     cs.obj (.text:CS_initFLLSettle)
                  0000d134    00000036     GUI_Paint.obj (.text:_Z7reversePc)
                  0000d16a    00000036     Ublox_GPS.obj (.text:_ZN13SFE_UBLOX_GPS16checkUbloxSerialEv)
                  0000d1a0    00000036     rts430x_lc_sd_eabi.lib : fs_itof.asm.obj (.text)
                  0000d1d6    00000034     GUI_Paint.obj (.text:_Z11Paint_Clearj)
                  0000d20a    00000034     display.obj (.text:_ZN33_INTERNAL_11_display_cpp_b82e4bcc16display_send_cmdEP9display_th)
                  0000d23e    00000034     display.obj (.text:_ZN33_INTERNAL_11_display_cpp_b82e4bcc17display_send_dataEP9display_th)
                  0000d272    00000034     tasks.obj (.text:vTaskDelay)
                  0000d2a6    00000032     GUI_Paint.obj (.text:_Z18Paint_ClearWindowsjjjjj)
                  0000d2d8    00000032     display.obj (.text:_ZN33_INTERNAL_11_display_cpp_b82e4bcc15display_turn_onEP9display_t)
                  0000d30a    00000030     blink.obj (.text:main)
                  0000d33a    00000030     list.obj (.text:uxListRemove)
                  0000d36a    0000002e     magnetometer.obj (.text:_Z11mag_initMagv)
                  0000d398    0000002e     Ublox_GPS.obj (.text:_ZN13SFE_UBLOX_GPS14getAltitudeMSLEj)
                  0000d3c6    0000002e     rts430x_lc_sd_eabi.lib : subd.c.obj (.text:__mspabi_subd)
                  0000d3f4    0000002e                            : s_copysign.c.obj (.text:copysign)
                  0000d422    0000002e     timers.obj (.text:prvGetNextExpireTime)
                  0000d450    0000002e     queue.obj (.text:prvIsQueueFull)
                  0000d47e    0000002e     tasks.obj (.text:prvResetNextTaskUnblockTime)
                  0000d4ac    0000002e     tasks.obj (.text:vTaskPlaceOnEventList)
                  0000d4da    0000002c     Ublox_GPS.obj (.text:_ZN13SFE_UBLOX_GPS12getLongitudeEj)
                  0000d506    0000002c     queue.obj (.text:prvIsQueueEmpty)
                  0000d532    0000002c     rts430x_lc_sd_eabi.lib : div16s.asm.obj (.text)
                  0000d55e    0000002a                            : negd.c.obj (.text:__mspabi_negd)
                  0000d588    0000002a     queue.obj (.text:prvCopyDataFromQueue)
                  0000d5b2    0000002a     queue.obj (.text:prvInitialiseNewQueue)
                  0000d5dc    00000028     GUI_Paint.obj (.text:_Z17Paint_DrawOutlinev)
                  0000d604    00000028     Ublox_GPS.obj (.text:_ZN13SFE_UBLOX_GPS11getLatitudeEj)
                  0000d62c    00000028     rts430x_lc_sd_eabi.lib : fixdi.c.obj (.text:__mspabi_fixdi)
                  0000d654    00000028                            : memory.c.obj (.text:free_list_insert)
                  0000d67c    00000028     tasks.obj (.text:xTaskGetTickCount)
                  0000d6a4    00000026     blink.obj (.text:vApplicationSetupTimerInterrupt)
                  0000d6ca    00000026     list.obj (.text:vListInitialise)
                  0000d6f0    00000024     HardwareSerial.obj (.text:_ZN14HardwareSerial4peekEv)
                  0000d714    00000024     rts430x_lc_sd_eabi.lib : fs_utof.asm.obj (.text)
                  0000d738    00000024                            : mult32_f5hw.asm.obj (.text)
                  0000d75c    00000024     list.obj (.text:vListInsertEnd)
                  0000d780    00000022     gpio.obj (.text:GPIO_setAsInputPin)
                  0000d7a2    00000022     blink.obj (.text:_Z12taskPeriodicPv)
                  0000d7c4    00000022     Ublox_GPS.obj (.text:_ZN13SFE_UBLOX_GPS11isConnectedEv)
                  0000d7e6    00000020     gpio.obj (.text:GPIO_selectInterruptEdge)
                  0000d806    00000020     display.obj (.text:_Z19display_fullrefreshP9display_t)
                  0000d826    00000020     port.obj (.text:pxPortInitialiseStack)
                  0000d846    0000001e     gpio.obj (.text:GPIO_setAsOutputPin)
                  0000d864    0000001e     common.obj (.text:_Z10gpio_write8io_pin_th)
                  0000d882    0000001c     Ublox_GPS.obj (.text:_ZN13SFE_UBLOX_GPS10extractIntEh)
                  0000d89e    0000001c     rts430x_lc_sd_eabi.lib : mult1632_f5hw.asm.obj (.text:__mpysl)
                  0000d8ba    0000001c                            : memory.c.obj (.text:free_list_remove)
                  0000d8d6    0000001a     cs.obj (.text:CS_getSMCLK)
                  0000d8f0    0000001a     gpio.obj (.text:GPIO_getInputPinValue)
                  0000d90a    0000001a     blink.obj (.text:_Z8printStrPc)
                  0000d924    0000001a     display.obj (.text:_ZN33_INTERNAL_11_display_cpp_b82e4bcc8delay_msEm)
                  0000d93e    00000018     Ublox_GPS.obj (.text:_ZN13SFE_UBLOX_GPS11processNMEAEc)
                  0000d956    00000018     rts430x_lc_sd_eabi.lib : mult16_f5hw.asm.obj (.text)
                  0000d96e    00000018     tasks.obj (.text:xTaskGetSchedulerState)
                  0000d986    00000016     gpio.obj (.text:GPIO_clearInterrupt)
                  0000d99c    00000016     gpio.obj (.text:GPIO_enableInterrupt)
                  0000d9b2    00000016     gpio.obj (.text:GPIO_setOutputHighOnPin)
                  0000d9c8    00000016     gpio.obj (.text:GPIO_setOutputLowOnPin)
                  0000d9de    00000016     wdt_a.obj (.text:WDT_A_hold)
                  0000d9f4    00000016     rts430x_lc_sd_eabi.lib : typeinfo.c.obj (.text:_ZN10__cxxabiv120__si_class_type_infoD0Ev)
                  0000da0a    00000016     HardwareSerial.obj (.text:_ZN14HardwareSerial9availableEv)
                  0000da20    00000016     tasks.obj (.text:prvDeleteTCB)
                  0000da36    00000016     tasks.obj (.text:prvIdleTask)
                  0000da4c    00000016     timers.obj (.text:prvTimerTask)
                  0000da62    00000016     rts430x_lc_sd_eabi.lib : div16u.asm.obj (.text)
                  0000da78    00000014                            : typeinfo.c.obj (.text:_ZN10__cxxabiv117__class_type_infoD0Ev)
                  0000da8c    00000014                            : memset.c.obj (.text:memset)
                  0000daa0    00000014     tasks.obj (.text:vTaskInternalSetTimeOutState)
                  0000dab4    00000012     HardwareSerial.obj (.text:_ZN14HardwareSerial5flushEv)
                  0000dac6    00000012     rts430x_lc_sd_eabi.lib : memcpy.c.obj (.text:memcpy)
                  0000dad8    00000010                            : asr32.asm.obj (.text:l_asr)
                  0000dae8    00000010                            : lsl32.asm.obj (.text:l_lsl)
                  0000daf8    00000010                            : lsr32.asm.obj (.text:l_lsr)
                  0000db08    0000000e     magnetometer.obj (.text:_Z8mag_initv)
                  0000db16    0000000e     blink.obj (.text:_Z8taskTestPv)
                  0000db24    0000000e     common.obj (.text:_Z9gpio_read8io_pin_t)
                  0000db32    0000000e     rts430x_lc_sd_eabi.lib : typeinfo.c.obj (.text:_ZN10__cxxabiv117__class_type_infoD1Ev)
                  0000db40    0000000e                            : typeinfo.c.obj (.text:_ZN10__cxxabiv120__si_class_type_infoD1Ev)
                  0000db4e    0000000e     Ublox_GPS.obj (.text:_ZN13SFE_UBLOX_GPS5beginER14HardwareSerial)
                  0000db5c    0000000e     rts430x_lc_sd_eabi.lib : strlen.c.obj (.text:strlen)
                  0000db6a    0000000e     heap_1.obj (.text:vPortFree)
                  0000db78    0000000c     magnetometer.obj (.text:_Z21mag_setSingleShotModev)
                  0000db84    0000000c     Ublox_GPS.obj (.text:_ZN13SFE_UBLOX_GPS11extractByteEh)
                  0000db90    0000000c     Ublox_GPS.obj (.text:_ZN13SFE_UBLOX_GPS13addToChecksumEh)
                  0000db9c    0000000c     blink.obj (.text:vApplicationIdleHook)
                  0000dba8    0000000a     rts430x_lc_sd_eabi.lib : new.cpp.obj (.text:_ZdlPv)
                  0000dbb2    0000000a     blink.obj (.text:__sti___9_blink_cpp_614cbe3d)
                  0000dbbc    0000000a     rts430x_lc_sd_eabi.lib : asr16.asm.obj (.text)
                  0000dbc6    0000000a                            : fs_neg.asm.obj (.text)
                  0000dbd0    0000000a                            : lsl16.asm.obj (.text)
                  0000dbda    0000000a                            : lsr16.asm.obj (.text)
                  0000dbe4    0000000a     blink.obj (.text:vApplicationMallocFailedHook)
                  0000dbee    0000000a     blink.obj (.text:vApplicationStackOverflowHook)
                  0000dbf8    00000008     eusci_b_spi.obj (.text:EUSCI_B_SPI_receiveData)
                  0000dc00    00000008     eusci_b_spi.obj (.text:EUSCI_B_SPI_transmitData)
                  0000dc08    00000008     display.obj (.text:_Z17display_get_imageP9display_tPPh)
                  0000dc10    00000008     rts430x_lc_sd_eabi.lib : memory.c.obj (.text:malloc)
                  0000dc18    00000006     eusci_b_spi.obj (.text:EUSCI_B_SPI_enable)
                  0000dc1e    00000006     pmm.obj (.text:PMM_unlockLPM5)
                  0000dc24    00000006     rts430x_lc_sd_eabi.lib : exit.c.obj (.text:abort)
                  0000dc2a    00000006     list.obj (.text:vListInitialiseItem)
                  0000dc30    00000006     tasks.obj (.text:vTaskMissedYield)
                  0000dc36    00000006     tasks.obj (.text:vTaskSuspendAll)
                  0000dc3c    00000004     rts430x_lc_sd_eabi.lib : new.cpp.obj (.text:_ZdlPvj)
                  0000dc40    00000004                            : pre_init.c.obj (.text:_system_pre_init)
                  0000dc44    00000004     usci_isr_handler.obj (.text:eusci_isr_handler)
                  0000dc48    00000002     Ublox_GPS.obj (.text:_ZN13SFE_UBLOX_GPS11processRTCMEh)
                  0000dc4a    00000002     rts430x_lc_sd_eabi.lib : stdlib_typeinfo.cpp.obj (.text:_ZNSt9type_infoD1Ev)
                  0000dc4c    00000002                            : _lock.c.obj (.text:_nop)
                  0000dc4e    00000002                            : startup.c.obj (.text:_system_post_cinit)
                  0000dc50    00000002     usci_isr_handler.obj (.text:spi_rx_isr)
                  0000dc52    00000002     usci_isr_handler.obj (.text:spi_tx_isr)
                  0000dc54    00000002     usci_isr_handler.obj (.text:usci_isr_install)

.text.2    0    00010000    00008000     
                  00010000    00000d40     rts430x_lc_sd_eabi.lib : k_rem_pio2.c.obj (.text:__kernel_rem_pio2)
                  00010d40    00000d36                            : s_sinf.c.obj (.text:sinf)
                  00011a76    00000d22                            : s_cosf.c.obj (.text:cosf)
                  00012798    000008b8                            : s_cos.c.obj (.text:cos)
                  00013050    00000528     GUI_Paint.obj (.text:_Z16Paint_DrawArrowdj)
                  00013578    000004a8     rts430x_lc_sd_eabi.lib : s_atan.c.obj (.text:atan)
                  00013a20    00000466                            : frcdivd.c.obj (.text:__TI_frcdivd)
                  00013e86    0000040a     GUI_Paint.obj (.text:_Z16Paint_DrawLatLonjjll)
                  00014290    000003b8     GUI_Paint.obj (.text:_Z15Paint_DrawNorthj)
                  00014648    00000344     blink.obj (.text:_Z17updateTargetCoordll)
                  0001498c    0000033e     blink.obj (.text:_Z8taskDrawPv)
                  00014cca    0000030e     rts430x_lc_sd_eabi.lib : e_atan2.c.obj (.text:atan2)
                  00014fd8    000002de                            : addd.c.obj (.text:__mspabi_addd)
                  000152b6    000002dc                            : e_sqrt.c.obj (.text:sqrt)
                  00015592    000002a8                            : k_sin.c.obj (.text:__kernel_sin)
                  0001583a    00000288     Ublox_GPS.obj (.text:_ZN13SFE_UBLOX_GPS16processUBXpacketEP9ubxPacket)
                  00015ac2    00000280     rts430x_lc_sd_eabi.lib : frcmpyd.c.obj (.text:__TI_frcmpyd)
                  00015d42    00000264                            : k_cos.c.obj (.text:__kernel_cos)
                  00015fa6    00000264                            : mpyd.c.obj (.text:__mspabi_mpyd)
                  0001620a    00000248                            : frcaddd.c.obj (.text:__TI_frcaddd)
                  00016452    00000224     blink.obj (.text:_Z15taskReceiveDataPv)
                  00016676    00000220     rts430x_lc_sd_eabi.lib : divd.c.obj (.text:__mspabi_divd)
                  00016896    000001f0     blink.obj (.text:_Z10taskActivePv)
                  00016a86    000001d2     GUI_Paint.obj (.text:_Z16Paint_DrawCirclejjjj9DOT_PIXEL9DRAW_FILL)
                  00016c58    000001c0     rts430x_lc_sd_eabi.lib : s_floor.c.obj (.text:floor)
                  00016e18    00000196     queue.obj (.text:xQueueGenericSend)
                  00016fae    00000180     queue.obj (.text:xQueueReceive)
                  0001712e    00000172     queue.obj (.text:xQueueSemaphoreTake)
                  000172a0    0000015c     GUI_Paint.obj (.text:_Z14Paint_DrawDatejjhhP6_tFontjj)
                  000173fc    00000158     rts430x_lc_sd_eabi.lib : s_scalbn.c.obj (.text:scalbn)
                  00017554    00000146     GUI_Paint.obj (.text:_Z14Paint_SetPixeljjj)
                  0001769a    00000140     magnetometer.obj (.text:_Z14mag_getHeadingv)
                  000177da    0000013a     timers.obj (.text:prvProcessReceivedCommands)
                  00017914    00000132     rts430x_lc_sd_eabi.lib : fs_add.asm.obj (.text)
                  00017a46    00000130     GUI_Paint.obj (.text:_Z14Paint_DrawCharjjcP6_tFontjj)
                  00017b76    00000130     rts430x_lc_sd_eabi.lib : s_trunc.c.obj (.text:trunc)
                  00017ca6    00000120     GUI_Paint.obj (.text:_Z14Paint_DrawTimejjhhP6_tFontjj)
                  00017dc6    0000011e     blink.obj (.text:_Z8taskInitPv)
                  00017ee4    00000112     tasks.obj (.text:xTaskIncrementTick)
                  00017ff6    0000000a     eusci_b_spi.obj (.text:EUSCI_B_SPI_isBusy)

MODULE SUMMARY

       Module                       code    ro data   rw data
       ------                       ----    -------   -------
    ./
       blink.obj                    3346    105       1420   
    +--+----------------------------+-------+---------+---------+
       Total:                       3346    105       1420   
                                                             
    ./FreeRTOS/
       tasks.obj                    2376    6         154    
       queue.obj                    2170    0         0      
       timers.obj                   1256    8         36     
       list.obj                     208     0         0      
    +--+----------------------------+-------+---------+---------+
       Total:                       6010    14        190    
                                                             
    ./FreeRTOS/portable/
       heap_1.obj                   102     0         6148   
       portext.obj                  166     0         0      
       port.obj                     48      2         2      
    +--+----------------------------+-------+---------+---------+
       Total:                       316     2         6150   
                                                             
    ./Ublox_GPS/
       Ublox_GPS.obj                2342    0         0      
       HardwareSerial.obj           822     263       112    
       usci_isr_handler.obj         246     8         0      
    +--+----------------------------+-------+---------+---------+
       Total:                       3410    271       112    
                                                             
    ./common/
       common.obj                   44      0         0      
    +--+----------------------------+-------+---------+---------+
       Total:                       44      0         0      
                                                             
    ./driverlib/MSP430FR2xx_4xx/
       cs.obj                       964     0         4      
       gpio.obj                     338     28        0      
       eusci_b_spi.obj              112     0         0      
       wdt_a.obj                    22      0         0      
       pmm.obj                      6       0         0      
    +--+----------------------------+-------+---------+---------+
       Total:                       1442    28        4      
                                                             
    ./epaper/
       GUI_Paint.obj                6256    70        22     
       font20.obj                   0       2640      6      
       display.obj                  1396    78        0      
    +--+----------------------------+-------+---------+---------+
       Total:                       7652    2788      28     
                                                             
    ./magnetometer/
       magnetometer.obj             1362    90        0      
    +--+----------------------------+-------+---------+---------+
       Total:                       1362    90        0      
                                                             
    /home/patrick/ti/ccs910/ccs/ccs_base/msp430/lib/FR2xx/FRWP_INIT_LIB_CCS_msp430_large_code_small_data.lib
       frwp_init.obj                60      0         0      
    +--+----------------------------+-------+---------+---------+
       Total:                       60      0         0      
                                                             
    /home/patrick/ti/ccs910/ccs/tools/compiler/ti-cgt-msp430_18.12.2.LTS/lib/rts430x_lc_sd_eabi.lib
       k_rem_pio2.c.obj             3392    336       0      
       s_sinf.c.obj                 3382    0         0      
       s_cosf.c.obj                 3362    0         0      
       s_cos.c.obj                  2232    0         0      
       s_atan.c.obj                 1192    152       0      
       frcdivd.c.obj                1126    0         0      
       e_atan2.c.obj                782     0         0      
       addd.c.obj                   734     0         0      
       e_sqrt.c.obj                 732     0         0      
       k_sin.c.obj                  680     0         0      
       frcmpyd.c.obj                640     0         0      
       k_cos.c.obj                  612     0         0      
       memory.c.obj                 608     0         4      
       mpyd.c.obj                   612     0         0      
       frcaddd.c.obj                584     0         0      
       divd.c.obj                   544     0         0      
       s_floor.c.obj                448     0         0      
       s_scalbn.c.obj               344     0         0      
       fs_add.asm.obj               306     0         0      
       s_trunc.c.obj                304     0         0      
       copy_decompress_lzss.c.obj   238     0         0      
       cmpd.c.obj                   216     0         0      
       typeinfo.c.obj               70      115       0      
       fs_mpy.asm.obj               184     0         0      
       renormd.c.obj                178     0         0      
       fltlid.c.obj                 158     0         0      
       fs_div.asm.obj               144     0         0      
       cvtdf.c.obj                  140     0         0      
       autoinit.c.obj               132     0         0      
       fs_toi.asm.obj               104     0         0      
       fixdli.c.obj                 102     0         0      
       cvtfd.c.obj                  92      0         0      
       div32u.asm.obj               88      0         0      
       asr32.asm.obj                78      0         0      
       lsl32.asm.obj                78      0         0      
       lsr32.asm.obj                78      0         0      
       fs_tou.asm.obj               70      0         0      
       cpy_util.asm.obj             64      0         0      
       div32s.asm.obj               64      0         0      
       copy_zero_init.c.obj         62      0         0      
       copy_decompress_none.c.obj   60      0         0      
       fs_itof.asm.obj              54      0         0      
       s_copysign.c.obj             46      0         0      
       subd.c.obj                   46      0         0      
       div16s.asm.obj               44      0         0      
       negd.c.obj                   42      0         0      
       fixdi.c.obj                  40      0         0      
       fs_utof.asm.obj              36      0         0      
       mult32_f5hw.asm.obj          36      0         0      
       boot.c.obj                   32      2         0      
       mult1632_f5hw.asm.obj        28      0         0      
       mult16_f5hw.asm.obj          24      0         0      
       div16u.asm.obj               22      0         0      
       memset.c.obj                 20      0         0      
       stdlib_typeinfo.cpp.obj      2       17        0      
       memcpy.c.obj                 18      0         0      
       new.cpp.obj                  14      0         0      
       strlen.c.obj                 14      0         0      
       _lock.c.obj                  2       0         8      
       asr16.asm.obj                10      0         0      
       fs_neg.asm.obj               10      0         0      
       lsl16.asm.obj                10      0         0      
       lsr16.asm.obj                10      0         0      
       isr_trap.asm.obj             8       0         0      
       exit.c.obj                   6       0         0      
       pre_init.c.obj               4       0         0      
       errno.c.obj                  0       0         2      
       int20.asm.obj                0       2         0      
       int21.asm.obj                0       2         0      
       int22.asm.obj                0       2         0      
       int23.asm.obj                0       2         0      
       int24.asm.obj                0       2         0      
       int25.asm.obj                0       2         0      
       int27.asm.obj                0       2         0      
       int32.asm.obj                0       2         0      
       int33.asm.obj                0       2         0      
       int34.asm.obj                0       2         0      
       int35.asm.obj                0       2         0      
       int36.asm.obj                0       2         0      
       int37.asm.obj                0       2         0      
       int38.asm.obj                0       2         0      
       int39.asm.obj                0       2         0      
       int40.asm.obj                0       2         0      
       int41.asm.obj                0       2         0      
       int42.asm.obj                0       2         0      
       int44.asm.obj                0       2         0      
       int45.asm.obj                0       2         0      
       startup.c.obj                2       0         0      
    +--+----------------------------+-------+---------+---------+
       Total:                       25596   662       14     
                                                             
       Heap:                        0       0         7000   
       Stack:                       0       0         160    
       Linker Generated:            0       1240      0      
    +--+----------------------------+-------+---------+---------+
       Grand Total:                 49238   5200      15078  


LINKER GENERATED COPY TABLES

__TI_cinit_table @ 0000e120 records: 2, size/record: 8, table size: 16
	.data: load addr=0000dc56, load size=000004b6 bytes, run addr=00003a3e, run size=000004b0 bytes, compression=copy
	.bss: load addr=0000e11a, load size=00000006 bytes, run addr=00002000, run size=00001a3e bytes, compression=zero_init


LINKER GENERATED HANDLER TABLE

__TI_handler_table @ 0000e10e records: 3, size/record: 4, table size: 12
	index: 0, handler: __TI_zero_init
	index: 1, handler: __TI_decompress_lzss
	index: 2, handler: __TI_decompress_none


GLOBAL SYMBOLS: SORTED ALPHABETICALLY BY Name 

address   name                                                  
-------   ----                                                  
00000700  ADCCTL0                                               
00000701  ADCCTL0_H                                             
00000700  ADCCTL0_L                                             
00000702  ADCCTL1                                               
00000703  ADCCTL1_H                                             
00000702  ADCCTL1_L                                             
00000704  ADCCTL2                                               
00000705  ADCCTL2_H                                             
00000704  ADCCTL2_L                                             
00000708  ADCHI                                                 
00000709  ADCHI_H                                               
00000708  ADCHI_L                                               
0000071a  ADCIE                                                 
0000071b  ADCIE_H                                               
0000071a  ADCIE_L                                               
0000071c  ADCIFG                                                
0000071d  ADCIFG_H                                              
0000071c  ADCIFG_L                                              
0000071e  ADCIV                                                 
0000071f  ADCIV_H                                               
0000071e  ADCIV_L                                               
00000706  ADCLO                                                 
00000707  ADCLO_H                                               
00000706  ADCLO_L                                               
0000070a  ADCMCTL0                                              
0000070b  ADCMCTL0_H                                            
0000070a  ADCMCTL0_L                                            
00000712  ADCMEM0                                               
00000713  ADCMEM0_H                                             
00000712  ADCMEM0_L                                             
00000660  BAKMEM0                                               
00000661  BAKMEM0_H                                             
00000660  BAKMEM0_L                                             
00000662  BAKMEM1                                               
00000674  BAKMEM10                                              
00000675  BAKMEM10_H                                            
00000674  BAKMEM10_L                                            
00000676  BAKMEM11                                              
00000677  BAKMEM11_H                                            
00000676  BAKMEM11_L                                            
00000678  BAKMEM12                                              
00000679  BAKMEM12_H                                            
00000678  BAKMEM12_L                                            
0000067a  BAKMEM13                                              
0000067b  BAKMEM13_H                                            
0000067a  BAKMEM13_L                                            
0000067c  BAKMEM14                                              
0000067d  BAKMEM14_H                                            
0000067c  BAKMEM14_L                                            
0000067e  BAKMEM15                                              
0000067f  BAKMEM15_H                                            
0000067e  BAKMEM15_L                                            
00000663  BAKMEM1_H                                             
00000662  BAKMEM1_L                                             
00000664  BAKMEM2                                               
00000665  BAKMEM2_H                                             
00000664  BAKMEM2_L                                             
00000666  BAKMEM3                                               
00000667  BAKMEM3_H                                             
00000666  BAKMEM3_L                                             
00000668  BAKMEM4                                               
00000669  BAKMEM4_H                                             
00000668  BAKMEM4_L                                             
0000066a  BAKMEM5                                               
0000066b  BAKMEM5_H                                             
0000066a  BAKMEM5_L                                             
0000066c  BAKMEM6                                               
0000066d  BAKMEM6_H                                             
0000066c  BAKMEM6_L                                             
0000066e  BAKMEM7                                               
0000066f  BAKMEM7_H                                             
0000066e  BAKMEM7_L                                             
00000670  BAKMEM8                                               
00000671  BAKMEM8_H                                             
00000670  BAKMEM8_L                                             
00000672  BAKMEM9                                               
00000673  BAKMEM9_H                                             
00000672  BAKMEM9_L                                             
0000dc24  C$$EXIT                                               
000008e0  CP0CTL0                                               
000008e1  CP0CTL0_H                                             
000008e0  CP0CTL0_L                                             
000008e2  CP0CTL1                                               
000008e3  CP0CTL1_H                                             
000008e2  CP0CTL1_L                                             
000008f0  CP0DACCTL                                             
000008f1  CP0DACCTL_H                                           
000008f0  CP0DACCTL_L                                           
000008f2  CP0DACDATA                                            
000008f3  CP0DACDATA_H                                          
000008f2  CP0DACDATA_L                                          
000008e6  CP0INT                                                
000008e7  CP0INT_H                                              
000008e6  CP0INT_L                                              
000008e8  CP0IV                                                 
000008e9  CP0IV_H                                               
000008e8  CP0IV_L                                               
000001c0  CRCDI                                                 
000001c2  CRCDIRB                                               
000001c3  CRCDIRB_H                                             
000001c2  CRCDIRB_L                                             
000001c1  CRCDI_H                                               
000001c0  CRCDI_L                                               
000001c4  CRCINIRES                                             
000001c5  CRCINIRES_H                                           
000001c4  CRCINIRES_L                                           
000001c6  CRCRESR                                               
000001c7  CRCRESR_H                                             
000001c6  CRCRESR_L                                             
00000180  CSCTL0                                                
00000181  CSCTL0_H                                              
00000180  CSCTL0_L                                              
00000182  CSCTL1                                                
00000183  CSCTL1_H                                              
00000182  CSCTL1_L                                              
00000184  CSCTL2                                                
00000185  CSCTL2_H                                              
00000184  CSCTL2_L                                              
00000186  CSCTL3                                                
00000187  CSCTL3_H                                              
00000186  CSCTL3_L                                              
00000188  CSCTL4                                                
00000189  CSCTL4_H                                              
00000188  CSCTL4_L                                              
0000018a  CSCTL5                                                
0000018b  CSCTL5_H                                              
0000018a  CSCTL5_L                                              
0000018c  CSCTL6                                                
0000018d  CSCTL6_H                                              
0000018c  CSCTL6_L                                              
0000018e  CSCTL7                                                
0000018f  CSCTL7_H                                              
0000018e  CSCTL7_L                                              
00000190  CSCTL8                                                
00000191  CSCTL8_H                                              
00000190  CSCTL8_L                                              
0000d8d6  CS_getSMCLK                                           
0000a044  CS_initClockSignal                                    
0000a8ca  CS_initFLL                                            
0000d0fe  CS_initFLLSettle                                      
0000dc18  EUSCI_B_SPI_enable                                    
0000c76c  EUSCI_B_SPI_initMaster                                
00017ff6  EUSCI_B_SPI_isBusy                                    
0000dbf8  EUSCI_B_SPI_receiveData                               
0000dc00  EUSCI_B_SPI_transmitData                              
000001a0  FRCTL0                                                
000001a1  FRCTL0_H                                              
000001a0  FRCTL0_L                                              
00003ed2  Font20                                                
000001a4  GCCTL0                                                
000001a5  GCCTL0_H                                              
000001a4  GCCTL0_L                                              
000001a6  GCCTL1                                                
000001a7  GCCTL1_H                                              
000001a6  GCCTL1_L                                              
0000d986  GPIO_clearInterrupt                                   
0000d99c  GPIO_enableInterrupt                                  
0000d8f0  GPIO_getInputPinValue                                 
0000d7e6  GPIO_selectInterruptEdge                              
0000d780  GPIO_setAsInputPin                                    
0000d846  GPIO_setAsOutputPin                                   
0000cc36  GPIO_setAsPeripheralModuleFunctionInputPin            
0000cc76  GPIO_setAsPeripheralModuleFunctionOutputPin           
0000d9b2  GPIO_setOutputHighOnPin                               
0000d9c8  GPIO_setOutputLowOnPin                                
000004c4  MAC                                                   
000004da  MAC32H                                                
000004db  MAC32H_H                                              
000004da  MAC32H_L                                              
000004d8  MAC32L                                                
000004d9  MAC32L_H                                              
000004d8  MAC32L_L                                              
000004c6  MACS                                                  
000004de  MACS32H                                               
000004df  MACS32H_H                                             
000004de  MACS32H_L                                             
000004dc  MACS32L                                               
000004dd  MACS32L_H                                             
000004dc  MACS32L_L                                             
000004c7  MACS_H                                                
000004c6  MACS_L                                                
000004c5  MAC_H                                                 
000004c4  MAC_L                                                 
000004c0  MPY                                                   
000004ec  MPY32CTL0                                             
000004ed  MPY32CTL0_H                                           
000004ec  MPY32CTL0_L                                           
000004d2  MPY32H                                                
000004d3  MPY32H_H                                              
000004d2  MPY32H_L                                              
000004d0  MPY32L                                                
000004d1  MPY32L_H                                              
000004d0  MPY32L_L                                              
000004c2  MPYS                                                  
000004d6  MPYS32H                                               
000004d7  MPYS32H_H                                             
000004d6  MPYS32H_L                                             
000004d4  MPYS32L                                               
000004d5  MPYS32L_H                                             
000004d4  MPYS32L_L                                             
000004c3  MPYS_H                                                
000004c2  MPYS_L                                                
000004c1  MPY_H                                                 
000004c0  MPY_L                                                 
000004c8  OP2                                                   
000004e2  OP2H                                                  
000004e3  OP2H_H                                                
000004e2  OP2H_L                                                
000004e0  OP2L                                                  
000004e1  OP2L_H                                                
000004e0  OP2L_L                                                
000004c9  OP2_H                                                 
000004c8  OP2_L                                                 
00000285  P10DIR                                                
0000029b  P10IE                                                 
00000299  P10IES                                                
0000029d  P10IFG                                                
00000281  P10IN                                                 
00000283  P10OUT                                                
00000287  P10REN                                                
0000028b  P10SEL0                                               
0000028d  P10SEL1                                               
00000297  P10SELC                                               
00000204  P1DIR                                                 
0000021a  P1IE                                                  
00000218  P1IES                                                 
0000021c  P1IFG                                                 
00000200  P1IN                                                  
0000020e  P1IV                                                  
0000020f  P1IV_H                                                
0000020e  P1IV_L                                                
00000202  P1OUT                                                 
00000206  P1REN                                                 
0000020a  P1SEL0                                                
0000020c  P1SEL1                                                
00000216  P1SELC                                                
00000205  P2DIR                                                 
0000021b  P2IE                                                  
00000219  P2IES                                                 
0000021d  P2IFG                                                 
00000201  P2IN                                                  
0000021e  P2IV                                                  
0000021f  P2IV_H                                                
0000021e  P2IV_L                                                
00000203  P2OUT                                                 
00000207  P2REN                                                 
0000020b  P2SEL0                                                
0000020d  P2SEL1                                                
00000217  P2SELC                                                
00000224  P3DIR                                                 
0000023a  P3IE                                                  
00000238  P3IES                                                 
0000023c  P3IFG                                                 
00000220  P3IN                                                  
0000022e  P3IV                                                  
0000022f  P3IV_H                                                
0000022e  P3IV_L                                                
00000222  P3OUT                                                 
00000226  P3REN                                                 
0000022a  P3SEL0                                                
0000022c  P3SEL1                                                
00000236  P3SELC                                                
00000225  P4DIR                                                 
0000023b  P4IE                                                  
00000239  P4IES                                                 
0000023d  P4IFG                                                 
00000221  P4IN                                                  
0000023e  P4IV                                                  
0000023f  P4IV_H                                                
0000023e  P4IV_L                                                
00000223  P4OUT                                                 
00000227  P4REN                                                 
0000022b  P4SEL0                                                
0000022d  P4SEL1                                                
00000237  P4SELC                                                
00000244  P5DIR                                                 
0000025a  P5IE                                                  
00000258  P5IES                                                 
0000025c  P5IFG                                                 
00000240  P5IN                                                  
0000024e  P5IV                                                  
0000024f  P5IV_H                                                
0000024e  P5IV_L                                                
00000242  P5OUT                                                 
00000246  P5REN                                                 
0000024a  P5SEL0                                                
0000024c  P5SEL1                                                
00000256  P5SELC                                                
00000245  P6DIR                                                 
0000025b  P6IE                                                  
00000259  P6IES                                                 
0000025d  P6IFG                                                 
00000241  P6IN                                                  
0000025e  P6IV                                                  
0000025f  P6IV_H                                                
0000025e  P6IV_L                                                
00000243  P6OUT                                                 
00000247  P6REN                                                 
0000024b  P6SEL0                                                
0000024d  P6SEL1                                                
00000257  P6SELC                                                
00000264  P7DIR                                                 
0000027a  P7IE                                                  
00000278  P7IES                                                 
0000027c  P7IFG                                                 
00000260  P7IN                                                  
00000262  P7OUT                                                 
00000266  P7REN                                                 
0000026a  P7SEL0                                                
0000026c  P7SEL1                                                
00000276  P7SELC                                                
00000265  P8DIR                                                 
0000027b  P8IE                                                  
00000279  P8IES                                                 
0000027d  P8IFG                                                 
00000261  P8IN                                                  
00000263  P8OUT                                                 
00000267  P8REN                                                 
0000026b  P8SEL0                                                
0000026d  P8SEL1                                                
00000277  P8SELC                                                
00000284  P9DIR                                                 
0000029a  P9IE                                                  
00000298  P9IES                                                 
0000029c  P9IFG                                                 
00000280  P9IN                                                  
00000282  P9OUT                                                 
00000286  P9REN                                                 
0000028a  P9SEL0                                                
0000028c  P9SEL1                                                
00000296  P9SELC                                                
00000204  PADIR                                                 
00000205  PADIR_H                                               
00000204  PADIR_L                                               
0000021a  PAIE                                                  
00000218  PAIES                                                 
00000219  PAIES_H                                               
00000218  PAIES_L                                               
0000021b  PAIE_H                                                
0000021a  PAIE_L                                                
0000021c  PAIFG                                                 
0000021d  PAIFG_H                                               
0000021c  PAIFG_L                                               
00000200  PAIN                                                  
00000201  PAIN_H                                                
00000200  PAIN_L                                                
00000202  PAOUT                                                 
00000203  PAOUT_H                                               
00000202  PAOUT_L                                               
00000206  PAREN                                                 
00000207  PAREN_H                                               
00000206  PAREN_L                                               
0000020a  PASEL0                                                
0000020b  PASEL0_H                                              
0000020a  PASEL0_L                                              
0000020c  PASEL1                                                
0000020d  PASEL1_H                                              
0000020c  PASEL1_L                                              
00000216  PASELC                                                
00000217  PASELC_H                                              
00000216  PASELC_L                                              
00000224  PBDIR                                                 
00000225  PBDIR_H                                               
00000224  PBDIR_L                                               
0000023a  PBIE                                                  
00000238  PBIES                                                 
00000239  PBIES_H                                               
00000238  PBIES_L                                               
0000023b  PBIE_H                                                
0000023a  PBIE_L                                                
0000023c  PBIFG                                                 
0000023d  PBIFG_H                                               
0000023c  PBIFG_L                                               
00000220  PBIN                                                  
00000221  PBIN_H                                                
00000220  PBIN_L                                                
00000222  PBOUT                                                 
00000223  PBOUT_H                                               
00000222  PBOUT_L                                               
00000226  PBREN                                                 
00000227  PBREN_H                                               
00000226  PBREN_L                                               
0000022a  PBSEL0                                                
0000022b  PBSEL0_H                                              
0000022a  PBSEL0_L                                              
0000022c  PBSEL1                                                
0000022d  PBSEL1_H                                              
0000022c  PBSEL1_L                                              
00000236  PBSELC                                                
00000237  PBSELC_H                                              
00000236  PBSELC_L                                              
00000244  PCDIR                                                 
00000245  PCDIR_H                                               
00000244  PCDIR_L                                               
0000025a  PCIE                                                  
00000258  PCIES                                                 
00000259  PCIES_H                                               
00000258  PCIES_L                                               
0000025b  PCIE_H                                                
0000025a  PCIE_L                                                
0000025c  PCIFG                                                 
0000025d  PCIFG_H                                               
0000025c  PCIFG_L                                               
00000240  PCIN                                                  
00000241  PCIN_H                                                
00000240  PCIN_L                                                
00000242  PCOUT                                                 
00000243  PCOUT_H                                               
00000242  PCOUT_L                                               
00000246  PCREN                                                 
00000247  PCREN_H                                               
00000246  PCREN_L                                               
[...]
0000b862  xTimerGenericCommand                                  
0000b8ee  _ZN13SFE_UBLOX_GPS15waitForResponseEhhj               
0000b9fe  __TI_auto_init_nobinit_hold_wdt                       
0000bb04  xQueueGenericSendFromISR                              
0000bb86  _Z15Paint_DrawPointjjj9DOT_PIXEL9DOT_STYLE            
0000bc06  xTaskRemoveFromEventList                              
0000bc86  _Z4itoalPci                                           
0000bd80  xTaskCreate                                           
0000be76  xQueueGiveFromISR                                     
0000bef0  _Z19Paint_DrawString_ENjjPKcP6_tFontjj                
0000bfde  _Z18display_draw_imageP9display_t                     
0000c0be  _Z18Paint_DrawDistancejji                             
0000c1fe  __mspabi_fixfi                                        
0000c266  _Z19mag_calibrationStepv                              
0000c2cc  __mspabi_fixdli                                       
0000c332  _Z13display_clearP9display_t                          
0000c394  _Z8inttostriPc                                        
0000c3f6  __sti___18_HardwareSerial_cpp_12ecbdd7                
0000c4b2  __mspabi_cvtfd                                        
0000c50e  _Z11mag_readRegh                                      
0000c568  _Z14Paint_NewImagePhjjjj                              
0000c5c0  pvPortMalloc                                          
0000c618  __mspabi_divul                                        
0000c618  __mspabi_remul                                        
0000c670  vTaskStartScheduler                                   
0000c6c6  _ZN13SFE_UBLOX_GPS12calcChecksumEP9ubxPacket          
0000c76c  EUSCI_B_SPI_initMaster                                
0000c7bc  vListInsert                                           
0000c80c  vQueueWaitForMessageRestricted                        
0000c8aa  xQueueGenericCreate                                   
0000c8f8  _Z13display_resetP9display_t                          
0000c942  _ZN13SFE_UBLOX_GPS6getPVTEj                           
0000c98c  _Z12mag_writeReghh                                    
0000c9d2  __mspabi_fixfu                                        
0000ca18  uart_rx_isr                                           
0000ca5e  _Z15taskFullRefreshPv                                 
0000caa2  _ZN13SFE_UBLOX_GPS11extractLongEh                     
0000cae6  _ZN13SFE_UBLOX_GPS11sendCommandE9ubxPacketj           
0000cb2a  _ZN13SFE_UBLOX_GPS16processRTCMframeEh                
0000cb6e  xTimerCreateTimerTask                                 
0000cbb2  _Z13Paint_DrawNumjjlP6_tFontjj                        
0000cbf4  _ZN13SFE_UBLOX_GPS11setInactiveEj                     
0000cc36  GPIO_setAsPeripheralModuleFunctionInputPin            
0000cc76  GPIO_setAsPeripheralModuleFunctionOutputPin           
0000ccb6  _Z11mag_getTempv                                      
0000cd76  __memcpy_far                                          
0000cdb6  __mspabi_divli                                        
0000cdb6  __mspabi_remli                                        
0000cdf6  __TI_zero_init                                        
0000ce34  __mspabi_sral_15                                      
0000ce38  __mspabi_sral_14                                      
0000ce3c  __mspabi_sral_13                                      
0000ce40  __mspabi_sral_12                                      
0000ce44  __mspabi_sral_11                                      
0000ce48  __mspabi_sral_10                                      
0000ce4c  __mspabi_sral_9                                       
0000ce50  __mspabi_sral_8                                       
0000ce54  __mspabi_sral_7                                       
0000ce58  __mspabi_sral_6                                       
0000ce5c  __mspabi_sral_5                                       
0000ce60  __mspabi_sral_4                                       
0000ce64  __mspabi_sral_3                                       
0000ce68  __mspabi_sral_2                                       
0000ce6c  __mspabi_sral_1                                       
0000ce72  __mspabi_slll_15                                      
0000ce76  __mspabi_slll_14                                      
0000ce7a  __mspabi_slll_13                                      
0000ce7e  __mspabi_slll_12                                      
0000ce82  __mspabi_slll_11                                      
0000ce86  __mspabi_slll_10                                      
0000ce8a  __mspabi_slll_9                                       
0000ce8e  __mspabi_slll_8                                       
0000ce92  __mspabi_slll_7                                       
0000ce96  __mspabi_slll_6                                       
0000ce9a  __mspabi_slll_5                                       
0000ce9e  __mspabi_slll_4                                       
0000cea2  __mspabi_slll_3                                       
0000cea6  __mspabi_slll_2                                       
0000ceaa  __mspabi_slll_1                                       
0000ceb0  __mspabi_srll_15                                      
0000ceb4  __mspabi_srll_14                                      
0000ceb8  __mspabi_srll_13                                      
0000cebc  __mspabi_srll_12                                      
0000cec0  __mspabi_srll_11                                      
0000cec4  __mspabi_srll_10                                      
0000cec8  __mspabi_srll_9                                       
0000cecc  __mspabi_srll_8                                       
0000ced0  __mspabi_srll_7                                       
0000ced4  __mspabi_srll_6                                       
0000ced8  __mspabi_srll_5                                       
0000cedc  __mspabi_srll_4                                       
0000cee0  __mspabi_srll_3                                       
0000cee4  __mspabi_srll_2                                       
0000cee8  __mspabi_srll_1                                       
0000ceee  _Z13mag_calibratev                                    
0000cf2a  _ZN14HardwareSerial4readEv                            
0000cf66  _ZN14HardwareSerial5writeEh                           
0000cfa2  __mpu_init                                            
0000cfde  __TI_decompress_none                                  
0000d01a  uart_tx_isr                                           
0000d0c6  vTaskPlaceOnEventListRestricted                       
0000d0fe  CS_initFLLSettle                                      
0000d134  _Z7reversePc                                          
0000d16a  _ZN13SFE_UBLOX_GPS10checkUbloxEv                      
0000d16a  _ZN13SFE_UBLOX_GPS16checkUbloxSerialEv                
0000d1a0  __mspabi_fltif                                        
0000d1d6  _Z11Paint_Clearj                                      
0000d272  vTaskDelay                                            
0000d2a6  _Z18Paint_ClearWindowsjjjjj                           
0000d30a  main                                                  
0000d33a  uxListRemove                                          
0000d36a  _Z11mag_initMagv                                      
0000d398  _ZN13SFE_UBLOX_GPS14getAltitudeMSLEj                  
0000d3c6  __mspabi_subd                                         
0000d3f4  copysign                                              
0000d3f4  copysignl                                             
0000d4ac  vTaskPlaceOnEventList                                 
0000d4da  _ZN13SFE_UBLOX_GPS12getLongitudeEj                    
0000d532  __mspabi_divi                                         
0000d532  __mspabi_remi                                         
0000d55e  __mspabi_negd                                         
0000d5dc  _Z17Paint_DrawOutlinev                                
0000d604  _ZN13SFE_UBLOX_GPS11getLatitudeEj                     
0000d62c  __mspabi_fixdi                                        
0000d67c  xTaskGetTickCount                                     
0000d6a4  vApplicationSetupTimerInterrupt                       
0000d6a4  vPortSetupTimerInterrupt                              
0000d6ca  vListInitialise                                       
0000d6f0  _ZN14HardwareSerial4peekEv                            
0000d714  __mspabi_fltuf                                        
0000d738  __mspabi_mpyl_f5hw                                    
0000d75c  vListInsertEnd                                        
0000d780  GPIO_setAsInputPin                                    
0000d7a2  _Z12taskPeriodicPv                                    
0000d7c4  _ZN13SFE_UBLOX_GPS11isConnectedEv                     
0000d7e6  GPIO_selectInterruptEdge                              
0000d806  _Z19display_fullrefreshP9display_t                    
0000d826  pxPortInitialiseStack                                 
0000d846  GPIO_setAsOutputPin                                   
0000d864  _Z10gpio_write8io_pin_th                              
0000d882  _ZN13SFE_UBLOX_GPS10extractIntEh                      
0000d89e  __mspabi_mpysl_f5hw                                   
0000d8d6  CS_getSMCLK                                           
0000d8f0  GPIO_getInputPinValue                                 
0000d90a  _Z8printStrPc                                         
0000d93e  _ZN13SFE_UBLOX_GPS11processNMEAEc                     
0000d956  __mspabi_mpyi_f5hw                                    
0000d96e  xTaskGetSchedulerState                                
0000d986  GPIO_clearInterrupt                                   
0000d99c  GPIO_enableInterrupt                                  
0000d9b2  GPIO_setOutputHighOnPin                               
0000d9c8  GPIO_setOutputLowOnPin                                
0000d9de  WDT_A_hold                                            
0000d9f4  _ZN10__cxxabiv120__si_class_type_infoD0Ev             
0000da0a  _ZN14HardwareSerial9availableEv                       
0000da62  __mspabi_divu                                         
0000da62  __mspabi_remu                                         
0000da78  _ZN10__cxxabiv117__class_type_infoD0Ev                
0000da8c  memset                                                
0000daa0  vTaskInternalSetTimeOutState                          
0000dab4  _ZN14HardwareSerial5flushEv                           
0000dac6  memcpy                                                
0000dad8  __mspabi_sral                                         
0000dae8  __mspabi_slll                                         
0000daf8  __mspabi_srll                                         
0000db08  _Z8mag_initv                                          
0000db16  _Z8taskTestPv                                         
0000db24  _Z9gpio_read8io_pin_t                                 
0000db32  _ZN10__cxxabiv117__class_type_infoD1Ev                
0000db32  _ZN10__cxxabiv117__class_type_infoD2Ev                
0000db40  _ZN10__cxxabiv120__si_class_type_infoD1Ev             
0000db40  _ZN10__cxxabiv120__si_class_type_infoD2Ev             
0000db4e  _ZN13SFE_UBLOX_GPS5beginER14HardwareSerial            
0000db5c  strlen                                                
0000db6a  vPortFree                                             
0000db78  _Z21mag_setSingleShotModev                            
0000db84  _ZN13SFE_UBLOX_GPS11extractByteEh                     
0000db90  _ZN13SFE_UBLOX_GPS13addToChecksumEh                   
0000db9c  vApplicationIdleHook                                  
0000dba8  _ZdlPv                                                
0000dbb2  __sti___9_blink_cpp_614cbe3d                          
0000dbbc  __mspabi_srai                                         
0000dbc6  __mspabi_negf                                         
0000dbd0  __mspabi_slli                                         
0000dbda  __mspabi_srli                                         
0000dbe4  vApplicationMallocFailedHook                          
0000dbee  vApplicationStackOverflowHook                         
0000dbf8  EUSCI_B_SPI_receiveData                               
0000dc00  EUSCI_B_SPI_transmitData                              
0000dc08  _Z17display_get_imageP9display_tPPh                   
0000dc10  malloc                                                
0000dc18  EUSCI_B_SPI_enable                                    
0000dc1e  PMM_unlockLPM5                                        
0000dc24  C$$EXIT                                               
0000dc24  _ZSt17__throw_bad_allocv                              
0000dc24  abort                                                 
0000dc2a  vListInitialiseItem                                   
0000dc30  vTaskMissedYield                                      
0000dc36  vTaskSuspendAll                                       
0000dc3c  _ZdlPvj                                               
0000dc40  _system_pre_init                                      
0000dc44  eusci_isr_handler                                     
0000dc48  _ZN13SFE_UBLOX_GPS11processRTCMEh                     
0000dc4a  _ZNSt9type_infoD1Ev                                   
0000dc4a  _ZNSt9type_infoD2Ev                                   
0000dc4c  _nop                                                  
0000dc4e  _system_post_cinit                                    
0000dc50  spi_rx_isr                                            
0000dc52  spi_tx_isr                                            
0000dc54  usci_isr_install                                      
0000e10e  __TI_Handler_Table_Base                               
0000e11a  __TI_Handler_Table_Limit                              
0000e120  __TI_CINIT_Base                                       
0000e130  __TI_CINIT_Limit                                      
0000e130  __TI_INITARRAY_Base                                   
0000e138  __TI_INITARRAY_Limit                                  
0000ee62  _ZTSN10__cxxabiv120__si_class_type_infoE              
0000ee88  _ZTSN10__cxxabiv117__class_type_infoE                 
0000ef42  _ZTV14HardwareSerial                                  
0000effa  _ZTS14HardwareSerial                                  
0000f00c  _ZTVN10__cxxabiv117__class_type_infoE                 
0000f01c  _ZTVN10__cxxabiv120__si_class_type_infoE              
0000f02c  _ZTSSt9type_info                                      
0000f060  _ZTIN10__cxxabiv117__class_type_infoE                 
0000f066  _ZTIN10__cxxabiv120__si_class_type_infoE              
0000f06c  _ZTI14HardwareSerial                                  
0000f070  _ZTISt9type_info                                      
0000ffca  __TI_int20                                            
0000ffcc  __TI_int21                                            
0000ffce  __TI_int22                                            
0000ffd0  __TI_int23                                            
0000ffd2  __TI_int24                                            
0000ffd4  __TI_int25                                            
0000ffd6  __TI_int26                                            
0000ffd8  __TI_int27                                            
0000ffda  __TI_int28                                            
0000ffdc  __TI_int29                                            
0000ffde  __TI_int30                                            
0000ffe0  __TI_int31                                            
0000ffe2  __TI_int32                                            
0000ffe4  __TI_int33                                            
0000ffe6  __TI_int34                                            
0000ffe8  __TI_int35                                            
0000ffea  __TI_int36                                            
0000ffec  __TI_int37                                            
0000ffee  __TI_int38                                            
0000fff0  __TI_int39                                            
0000fff2  __TI_int40                                            
0000fff4  __TI_int41                                            
0000fff6  __TI_int42                                            
0000fff8  __TI_int43                                            
0000fffa  __TI_int44                                            
0000fffc  __TI_int45                                            
0000fffe  _reset_vector                                         
00010000  __kernel_rem_pio2                                     
00010d40  sinf                                                  
00011a76  cosf                                                  
00012798  cos                                                   
00012798  cosl                                                  
00013050  _Z16Paint_DrawArrowdj                                 
00013578  atan                                                  
00013578  atanl                                                 
00013a20  __TI_frcdivd                                          
00013e86  _Z16Paint_DrawLatLonjjll                              
00014290  _Z15Paint_DrawNorthj                                  
00014648  _Z17updateTargetCoordll                               
0001498c  _Z8taskDrawPv                                         
00014cca  atan2                                                 
00014cca  atan2l                                                
00014fd8  __mspabi_addd                                         
000152b6  sqrt                                                  
000152b6  sqrtl                                                 
00015592  __kernel_sin                                          
0001583a  _ZN13SFE_UBLOX_GPS16processUBXpacketEP9ubxPacket      
00015ac2  __TI_frcmpyd                                          
00015d42  __kernel_cos                                          
00015fa6  __mspabi_mpyd                                         
0001620a  __TI_frcaddd                                          
00016452  _Z15taskReceiveDataPv                                 
00016676  __mspabi_divd                                         
00016896  _Z10taskActivePv                                      
00016a86  _Z16Paint_DrawCirclejjjj9DOT_PIXEL9DRAW_FILL          
00016c58  floor                                                 
00016c58  floorl                                                
00016e18  xQueueGenericSend                                     
00016fae  xQueueReceive                                         
0001712e  xQueueSemaphoreTake                                   
000172a0  _Z14Paint_DrawDatejjhhP6_tFontjj                      
000173fc  ldexp                                                 
000173fc  ldexpl                                                
000173fc  scalbn                                                
000173fc  scalbnl                                               
00017554  _Z14Paint_SetPixeljjj                                 
0001769a  _Z14mag_getHeadingv                                   
00017914  __mspabi_subf                                         
0001791a  __mspabi_addf                                         
00017a46  _Z14Paint_DrawCharjjcP6_tFontjj                       
00017b76  trunc                                                 
00017b76  truncl                                                
00017ca6  _Z14Paint_DrawTimejjhhP6_tFontjj                      
00017dc6  _Z8taskInitPv                                         
00017ee4  xTaskIncrementTick                                    
00017ff6  EUSCI_B_SPI_isBusy                                    
ffffffff  __TI_pprof_out_hndl                                   
ffffffff  __TI_prof_data_size                                   
ffffffff  __TI_prof_data_start                                  
ffffffff  __c_args__                                            

[1321 symbols]
