******************************************************************************
                  MSP430 Linker Unix v18.12.3                  
******************************************************************************
>> Linked Mon Oct  7 21:46:40 2019

OUTPUT FILE NAME:   <Blink.out>
ENTRY POINT SYMBOL: "_c_int00_noargs_mpu"  address: 000099f6


MEMORY CONFIGURATION

         name            origin    length      used     unused   attr    fill
----------------------  --------  ---------  --------  --------  ----  --------
  TINYRAM               00000006   0000001a  00000000  0000001a  RWIX
  BSL0                  00001000   00000800  00000000  00000800  RWIX
  INFO                  00001800   00000200  00000000  00000200  RWIX
  TLVMEM                00001a00   00000200  00000000  00000200  RWIX
  BOOTCODE              00001c00   00000400  00000000  00000400  RWIX
  RAM                   00002000   00002000  00000964  0000169c  RWIX
  FRAM                  00008000   00007f80  00001a2e  00006552  RWIX
  JTAGSIGNATURE         0000ff80   00000004  00000004  00000000  RWIX  ffff 
  BSLSIGNATURE          0000ff84   00000004  00000004  00000000  RWIX  ffff 
  BSLCONFIGURATIONSIGNA 0000ff88   00000002  00000002  00000000  RWIX  ffff 
  BSLCONFIGURATION      0000ff8a   00000002  00000002  00000000  RWIX  ffff 
  BSLI2CADDRESS         0000ffa0   00000002  00000002  00000000  RWIX  ffff 
  INT00                 0000ffa2   00000002  00000000  00000002  RWIX
  INT01                 0000ffa4   00000002  00000000  00000002  RWIX
  INT02                 0000ffa6   00000002  00000000  00000002  RWIX
  INT03                 0000ffa8   00000002  00000000  00000002  RWIX
  INT04                 0000ffaa   00000002  00000000  00000002  RWIX
  INT05                 0000ffac   00000002  00000000  00000002  RWIX
  INT06                 0000ffae   00000002  00000000  00000002  RWIX
  INT07                 0000ffb0   00000002  00000000  00000002  RWIX
  INT08                 0000ffb2   00000002  00000000  00000002  RWIX
  INT09                 0000ffb4   00000002  00000000  00000002  RWIX
  INT10                 0000ffb6   00000002  00000000  00000002  RWIX
  INT11                 0000ffb8   00000002  00000000  00000002  RWIX
  INT12                 0000ffba   00000002  00000000  00000002  RWIX
  INT13                 0000ffbc   00000002  00000000  00000002  RWIX
  INT14                 0000ffbe   00000002  00000000  00000002  RWIX
  INT15                 0000ffc0   00000002  00000000  00000002  RWIX
  INT16                 0000ffc2   00000002  00000000  00000002  RWIX
  INT17                 0000ffc4   00000002  00000000  00000002  RWIX
  INT18                 0000ffc6   00000002  00000000  00000002  RWIX
  INT19                 0000ffc8   00000002  00000000  00000002  RWIX
  INT20                 0000ffca   00000002  00000002  00000000  RWIX
  INT21                 0000ffcc   00000002  00000002  00000000  RWIX
  INT22                 0000ffce   00000002  00000002  00000000  RWIX
  INT23                 0000ffd0   00000002  00000002  00000000  RWIX
  INT24                 0000ffd2   00000002  00000002  00000000  RWIX
  INT25                 0000ffd4   00000002  00000002  00000000  RWIX
  INT26                 0000ffd6   00000002  00000002  00000000  RWIX
  INT27                 0000ffd8   00000002  00000002  00000000  RWIX
  INT28                 0000ffda   00000002  00000002  00000000  RWIX
  INT29                 0000ffdc   00000002  00000002  00000000  RWIX
  INT30                 0000ffde   00000002  00000002  00000000  RWIX
  INT31                 0000ffe0   00000002  00000002  00000000  RWIX
  INT32                 0000ffe2   00000002  00000002  00000000  RWIX
  INT33                 0000ffe4   00000002  00000002  00000000  RWIX
  INT34                 0000ffe6   00000002  00000002  00000000  RWIX
  INT35                 0000ffe8   00000002  00000002  00000000  RWIX
  INT36                 0000ffea   00000002  00000002  00000000  RWIX
  INT37                 0000ffec   00000002  00000002  00000000  RWIX
  INT38                 0000ffee   00000002  00000002  00000000  RWIX
  INT39                 0000fff0   00000002  00000002  00000000  RWIX
  INT40                 0000fff2   00000002  00000002  00000000  RWIX
  INT41                 0000fff4   00000002  00000002  00000000  RWIX
  INT42                 0000fff6   00000002  00000002  00000000  RWIX
  INT43                 0000fff8   00000002  00000002  00000000  RWIX
  INT44                 0000fffa   00000002  00000002  00000000  RWIX
  INT45                 0000fffc   00000002  00000002  00000000  RWIX
  RESET                 0000fffe   00000002  00000002  00000000  RWIX
  FRAM2                 00010000   00008000  00000000  00008000  RWIX
  ROMLIB                000c0000   00004000  00000000  00004000  RWIX
  BSL1                  000ffc00   00000400  00000000  00000400  RWIX


SECTION ALLOCATION MAP

 output                                  attributes/
section   page    origin      length       input sections
--------  ----  ----------  ----------   ----------------
.TI.persistent 
*          0    00008000    00000000     UNINITIALIZED

.cio       0    00008000    00000000     UNINITIALIZED

.sysmem    0    00008000    00000000     UNINITIALIZED

.cinit     0    00008000    0000002c     
                  00008000    0000000c     (__TI_handler_table)
                  0000800c    0000000a     (.cinit..data.load) [load image, compression = lzss]
                  00008016    00000006     (.cinit..bss.load) [load image, compression = zero_init]
                  0000801c    00000010     (__TI_cinit_table)

.pinit     0    0000802c    00000000     UNINITIALIZED

.binit     0    0000802c    00000000     

.init_array 
*          0    0000802c    00000000     UNINITIALIZED

.mspabi.exidx 
*          0    0000802c    00000000     UNINITIALIZED

.mspabi.extab 
*          0    0000802c    00000000     UNINITIALIZED

.const     0    0000802c    00000036     
                  0000802c    0000001c     gpio.obj (.const:GPIO_PORT_TO_BASE)
                  00008048    0000000c     blink.obj (.const:.string)
                  00008054    00000008     timers.obj (.const:.string)
                  0000805c    00000006     tasks.obj (.const:.string)

.text      0    00008062    00001994     
                  00008062    00000196     queue.obj (.text:xQueueGenericSend)
                  000081f8    00000180     queue.obj (.text:xQueueReceive)
                  00008378    0000013a     timers.obj (.text:prvProcessReceivedCommands)
                  000084b2    00000112     tasks.obj (.text:xTaskIncrementTick)
                  000085c4    000000ee     rts430x_lc_sd_eabi.lib : copy_decompress_lzss.c.obj (.text:decompress:lzss:__TI_decompress_lzss)
                  000086b2    000000d2     tasks.obj (.text:xTaskResumeAll)
                  00008784    000000ce     tasks.obj (.text:prvInitialiseNewTask)
                  00008852    000000a6     portext.obj (.text)
                  000088f8    0000009e     timers.obj (.text:prvSwitchTimerLists)
                  00008996    0000009e     queue.obj (.text:prvUnlockQueue)
                  00008a34    0000009e     tasks.obj (.text:xTaskCheckForTimeOut)
                  00008ad2    0000009c     tasks.obj (.text:prvAddNewTaskToReadyList)
                  00008b6e    0000009c     queue.obj (.text:xQueueGenericReset)
                  00008c0a    0000008c     timers.obj (.text:xTimerGenericCommand)
                  00008c96    00000088     tasks.obj (.text:prvAddCurrentTaskToDelayedList)
                  00008d1e    00000082     timers.obj (.text:prvProcessExpiredTimer)
                  00008da0    00000082     queue.obj (.text:xQueueGenericSendFromISR)
                  00008e22    00000080     tasks.obj (.text:xTaskRemoveFromEventList)
                  00008ea2    0000007c     tasks.obj (.text:xTaskCreate)
                  00008f1e    0000007a     timers.obj (.text:prvProcessTimerOrBlockTask)
                  00008f98    00000076     timers.obj (.text:prvInsertTimerInActiveList)
                  0000900e    00000076     blink.obj (.text:prvSetupHardware)
                  00009084    00000070     queue.obj (.text:prvCopyDataToQueue)
                  000090f4    00000070     tasks.obj (.text:vTaskSwitchContext)
                  00009164    0000006a     rts430x_lc_sd_eabi.lib : autoinit.c.obj (.text:__TI_auto_init_nobinit_nopinit_hold_wdt:__TI_auto_init_nobinit_nopinit_hold_wdt)
                  000091ce    0000005e     tasks.obj (.text:prvInitialiseTaskLists)
                  0000922c    00000056     tasks.obj (.text:vTaskStartScheduler)
                  00009282    00000052     timers.obj (.text:prvCheckForValidListAndQueue)
                  000092d4    00000050     heap_1.obj (.text:pvPortMalloc)
                  00009324    00000050     list.obj (.text:vListInsert)
                  00009374    00000050     queue.obj (.text:vQueueWaitForMessageRestricted)
                  000093c4    0000004e     tasks.obj (.text:prvCheckTasksWaitingTermination)
                  00009412    0000004e     queue.obj (.text:xQueueGenericCreate)
                  00009460    00000044     timers.obj (.text:xTimerCreateTimerTask)
                  000094a4    00000040     rts430x_lc_sd_eabi.lib : cpy_util.asm.obj (.text:__memcpy_far)
                  000094e4    0000003e                            : copy_zero_init.c.obj (.text:decompress:ZI:__TI_zero_init)
                  00009522    0000003c     FRWP_INIT_LIB_CCS_msp430_large_code_small_data.lib : frwp_init.obj (.text:__mpu_init)
                  0000955e    0000003c     rts430x_lc_sd_eabi.lib : copy_decompress_none.c.obj (.text:decompress:none:__TI_decompress_none)
                  0000959a    00000038     blink.obj (.text:main)
                  000095d2    00000038     timers.obj (.text:prvSampleTimeNow)
                  0000960a    00000038     tasks.obj (.text:vTaskPlaceOnEventListRestricted)
                  00009642    00000034     tasks.obj (.text:vTaskDelay)
                  00009676    00000030     list.obj (.text:uxListRemove)
                  000096a6    0000002e     timers.obj (.text:prvGetNextExpireTime)
                  000096d4    0000002e     queue.obj (.text:prvIsQueueFull)
                  00009702    0000002e     tasks.obj (.text:prvResetNextTaskUnblockTime)
                  00009730    0000002e     tasks.obj (.text:vTaskPlaceOnEventList)
                  0000975e    0000002c     queue.obj (.text:prvIsQueueEmpty)
                  0000978a    0000002a     queue.obj (.text:prvCopyDataFromQueue)
                  000097b4    0000002a     queue.obj (.text:prvInitialiseNewQueue)
                  000097de    00000028     tasks.obj (.text:xTaskGetTickCount)
                  00009806    00000026     blink.obj (.text:vApplicationSetupTimerInterrupt)
                  0000982c    00000026     list.obj (.text:vListInitialise)
                  00009852    00000024     list.obj (.text:vListInsertEnd)
                  00009876    00000020     port.obj (.text:pxPortInitialiseStack)
                  00009896    0000001e     gpio.obj (.text:GPIO_setAsOutputPin)
                  000098b4    00000018     rts430x_lc_sd_eabi.lib : mult16_f5hw.asm.obj (.text)
                  000098cc    00000018     tasks.obj (.text:xTaskGetSchedulerState)
                  000098e4    00000016     gpio.obj (.text:GPIO_setOutputLowOnPin)
                  000098fa    00000016     gpio.obj (.text:GPIO_toggleOutputOnPin)
                  00009910    00000016     wdt_a.obj (.text:WDT_A_hold)
                  00009926    00000016     tasks.obj (.text:prvDeleteTCB)
                  0000993c    00000016     tasks.obj (.text:prvIdleTask)
                  00009952    00000016     timers.obj (.text:prvTimerTask)
                  00009968    00000016     blink.obj (.text:taskBlinkLight)
                  0000997e    00000014     rts430x_lc_sd_eabi.lib : memset.c.obj (.text:memset)
                  00009992    00000014     tasks.obj (.text:vTaskInternalSetTimeOutState)
                  000099a6    00000012     rts430x_lc_sd_eabi.lib : memcpy.c.obj (.text:memcpy)
                  000099b8    0000000e     heap_1.obj (.text:vPortFree)
                  000099c6    0000000c     blink.obj (.text:vApplicationIdleHook)
                  000099d2    00000006     pmm.obj (.text:PMM_unlockLPM5)
                  000099d8    00000006     rts430x_lc_sd_eabi.lib : exit.c.obj (.text:abort)
                  000099de    00000006     list.obj (.text:vListInitialiseItem)
                  000099e4    00000006     tasks.obj (.text:vTaskMissedYield)
                  000099ea    00000006     tasks.obj (.text:vTaskSuspendAll)
                  000099f0    00000004     rts430x_lc_sd_eabi.lib : pre_init.c.obj (.text:_system_pre_init)
                  000099f4    00000002                            : startup.c.obj (.text:_system_post_cinit)

.text:_isr 
*          0    000099f6    00000038     
                  000099f6    00000020     rts430x_lc_sd_eabi.lib : boot.c.obj (.text:_isr:_c_int00_noargs_mpu)
                  00009a16    00000010     port.obj (.text:_isr:vTickISREntry)
                  00009a26    00000008     rts430x_lc_sd_eabi.lib : isr_trap.asm.obj (.text:_isr:__TI_ISR_TRAP)

.bss       0    00002000    00000898     UNINITIALIZED
                  00002000    00000800     heap_1.obj (.bss:ucHeap)
                  00002800    0000003c     tasks.obj (.bss:pxReadyTasksLists)
                  0000283c    0000000c     timers.obj (.bss:xActiveTimerList1)
                  00002848    0000000c     timers.obj (.bss:xActiveTimerList2)
                  00002854    0000000c     tasks.obj (.bss:xDelayedTaskList1)
                  00002860    0000000c     tasks.obj (.bss:xDelayedTaskList2)
                  0000286c    0000000c     tasks.obj (.bss:xPendingReadyList)
                  00002878    0000000c     tasks.obj (.bss:xSuspendedTaskList)
                  00002884    0000000c     tasks.obj (.bss:xTasksWaitingTermination)
                  00002890    00000004     tasks.obj (.bss)
                  00002894    00000004     timers.obj (.bss)

.data      0    00002898    0000002c     UNINITIALIZED
                  00002898    0000001e     tasks.obj (.data)
                  000028b6    00000008     timers.obj (.data)
                  000028be    00000004     heap_1.obj (.data)
                  000028c2    00000002     port.obj (.data)

.stack     0    00003f60    000000a0     UNINITIALIZED
                  00003f60    00000002     rts430x_lc_sd_eabi.lib : boot.c.obj (.stack)
                  00003f62    0000009e     --HOLE--

ECOMP0     0    0000ffca    00000002     
                  0000ffca    00000002     rts430x_lc_sd_eabi.lib : int20.asm.obj (.int20)

PORT6      0    0000ffcc    00000002     
                  0000ffcc    00000002     rts430x_lc_sd_eabi.lib : int21.asm.obj (.int21)

PORT5      0    0000ffce    00000002     
                  0000ffce    00000002     rts430x_lc_sd_eabi.lib : int22.asm.obj (.int22)

PORT4      0    0000ffd0    00000002     
                  0000ffd0    00000002     rts430x_lc_sd_eabi.lib : int23.asm.obj (.int23)

PORT3      0    0000ffd2    00000002     
                  0000ffd2    00000002     rts430x_lc_sd_eabi.lib : int24.asm.obj (.int24)

PORT2      0    0000ffd4    00000002     
                  0000ffd4    00000002     rts430x_lc_sd_eabi.lib : int25.asm.obj (.int25)

PORT1      0    0000ffd6    00000002     
                  0000ffd6    00000002     rts430x_lc_sd_eabi.lib : int26.asm.obj (.int26)

ADC        0    0000ffd8    00000002     
                  0000ffd8    00000002     rts430x_lc_sd_eabi.lib : int27.asm.obj (.int27)

EUSCI_B1   0    0000ffda    00000002     
                  0000ffda    00000002     rts430x_lc_sd_eabi.lib : int28.asm.obj (.int28)

EUSCI_B0   0    0000ffdc    00000002     
                  0000ffdc    00000002     rts430x_lc_sd_eabi.lib : int29.asm.obj (.int29)

EUSCI_A1   0    0000ffde    00000002     
                  0000ffde    00000002     rts430x_lc_sd_eabi.lib : int30.asm.obj (.int30)

EUSCI_A0   0    0000ffe0    00000002     
                  0000ffe0    00000002     rts430x_lc_sd_eabi.lib : int31.asm.obj (.int31)

WDT        0    0000ffe2    00000002     
                  0000ffe2    00000002     rts430x_lc_sd_eabi.lib : int32.asm.obj (.int32)

RTC        0    0000ffe4    00000002     
                  0000ffe4    00000002     rts430x_lc_sd_eabi.lib : int33.asm.obj (.int33)

TIMER0_B1 
*          0    0000ffe6    00000002     
                  0000ffe6    00000002     rts430x_lc_sd_eabi.lib : int34.asm.obj (.int34)

TIMER0_B0 
*          0    0000ffe8    00000002     
                  0000ffe8    00000002     rts430x_lc_sd_eabi.lib : int35.asm.obj (.int35)

TIMER3_A1 
*          0    0000ffea    00000002     
                  0000ffea    00000002     rts430x_lc_sd_eabi.lib : int36.asm.obj (.int36)

TIMER3_A0 
*          0    0000ffec    00000002     
                  0000ffec    00000002     rts430x_lc_sd_eabi.lib : int37.asm.obj (.int37)

TIMER2_A1 
*          0    0000ffee    00000002     
                  0000ffee    00000002     rts430x_lc_sd_eabi.lib : int38.asm.obj (.int38)

TIMER2_A0 
*          0    0000fff0    00000002     
                  0000fff0    00000002     rts430x_lc_sd_eabi.lib : int39.asm.obj (.int39)

TIMER1_A1 
*          0    0000fff2    00000002     
                  0000fff2    00000002     rts430x_lc_sd_eabi.lib : int40.asm.obj (.int40)

TIMER1_A0 
*          0    0000fff4    00000002     
                  0000fff4    00000002     rts430x_lc_sd_eabi.lib : int41.asm.obj (.int41)

TIMER0_A1 
*          0    0000fff6    00000002     
                  0000fff6    00000002     rts430x_lc_sd_eabi.lib : int42.asm.obj (.int42)

TIMER0_A0 
*          0    0000fff8    00000002     
                  0000fff8    00000002     port.obj (.int43)

UNMI       0    0000fffa    00000002     
                  0000fffa    00000002     rts430x_lc_sd_eabi.lib : int44.asm.obj (.int44)

SYSNMI     0    0000fffc    00000002     
                  0000fffc    00000002     rts430x_lc_sd_eabi.lib : int45.asm.obj (.int45)

.reset     0    0000fffe    00000002     
                  0000fffe    00000002     rts430x_lc_sd_eabi.lib : boot.c.obj (.reset)

$fill000   0    0000ff80    00000004     
                  0000ff80    00000004     --HOLE-- [fill = ffff]

$fill001   0    0000ff84    00000004     
                  0000ff84    00000004     --HOLE-- [fill = ffff]

$fill002   0    0000ff88    00000002     
                  0000ff88    00000002     --HOLE-- [fill = ffff]

$fill003   0    0000ff8a    00000002     
                  0000ff8a    00000002     --HOLE-- [fill = ffff]

$fill004   0    0000ffa0    00000002     
                  0000ffa0    00000002     --HOLE-- [fill = ffff]

MODULE SUMMARY

       Module                       code   ro data   rw data
       ------                       ----   -------   -------
    ./
       blink.obj                    246    12        0      
    +--+----------------------------+------+---------+---------+
       Total:                       246    12        0      
                                                            
    ./FreeRTOS/
       tasks.obj                    2102   6         154    
       queue.obj                    1678   0         0      
       timers.obj                   1256   8         36     
       list.obj                     208    0         0      
    +--+----------------------------+------+---------+---------+
       Total:                       5244   14        190    
                                                            
    ./FreeRTOS/portable/
       heap_1.obj                   94     0         2052   
       portext.obj                  166    0         0      
       port.obj                     48     2         2      
    +--+----------------------------+------+---------+---------+
       Total:                       308    2         2054   
                                                            
    ./driverlib/MSP430FR2xx_4xx/
       gpio.obj                     74     28        0      
       wdt_a.obj                    22     0         0      
       pmm.obj                      6      0         0      
    +--+----------------------------+------+---------+---------+
       Total:                       102    28        0      
                                                            
    /home/evan/ti/ccs910/ccs/ccs_base/msp430/lib/FR2xx/FRWP_INIT_LIB_CCS_msp430_large_code_small_data.lib
       frwp_init.obj                60     0         0      
    +--+----------------------------+------+---------+---------+
       Total:                       60     0         0      
                                                            
    /home/evan/ti/ccs910/ccs/tools/compiler/ti-cgt-msp430_18.12.3.LTS/lib/rts430x_lc_sd_eabi.lib
       copy_decompress_lzss.c.obj   238    0         0      
       autoinit.c.obj               106    0         0      
       cpy_util.asm.obj             64     0         0      
       copy_zero_init.c.obj         62     0         0      
       copy_decompress_none.c.obj   60     0         0      
       boot.c.obj                   32     2         0      
       mult16_f5hw.asm.obj          24     0         0      
       memset.c.obj                 20     0         0      
       memcpy.c.obj                 18     0         0      
       isr_trap.asm.obj             8      0         0      
       exit.c.obj                   6      0         0      
       pre_init.c.obj               4      0         0      
       int20.asm.obj                0      2         0      
       int21.asm.obj                0      2         0      
       int22.asm.obj                0      2         0      
       int23.asm.obj                0      2         0      
       int24.asm.obj                0      2         0      
       int25.asm.obj                0      2         0      
       int26.asm.obj                0      2         0      
       int27.asm.obj                0      2         0      
       int28.asm.obj                0      2         0      
       int29.asm.obj                0      2         0      
       int30.asm.obj                0      2         0      
       int31.asm.obj                0      2         0      
       int32.asm.obj                0      2         0      
       int33.asm.obj                0      2         0      
       int34.asm.obj                0      2         0      
       int35.asm.obj                0      2         0      
       int36.asm.obj                0      2         0      
       int37.asm.obj                0      2         0      
       int38.asm.obj                0      2         0      
       int39.asm.obj                0      2         0      
       int40.asm.obj                0      2         0      
       int41.asm.obj                0      2         0      
       int42.asm.obj                0      2         0      
       int44.asm.obj                0      2         0      
       int45.asm.obj                0      2         0      
       startup.c.obj                2      0         0      
    +--+----------------------------+------+---------+---------+
       Total:                       644    52        0      
                                                            
       Stack:                       0      0         160    
       Linker Generated:            0      44        0      
    +--+----------------------------+------+---------+---------+
       Grand Total:                 6604   152       2404   


LINKER GENERATED COPY TABLES

__TI_cinit_table @ 0000801c records: 2, size/record: 8, table size: 16
	.data: load addr=0000800c, load size=0000000a bytes, run addr=00002898, run size=0000002c bytes, compression=lzss
	.bss: load addr=00008016, load size=00000006 bytes, run addr=00002000, run size=00000898 bytes, compression=zero_init


LINKER GENERATED HANDLER TABLE

__TI_handler_table @ 00008000 records: 3, size/record: 4, table size: 12
	index: 0, handler: __TI_zero_init
	index: 1, handler: __TI_decompress_lzss
	index: 2, handler: __TI_decompress_none


GLOBAL SYMBOLS: SORTED ALPHABETICALLY BY Name 

address   name                                   
-------   ----                                   
00000700  ADCCTL0                                
00000701  ADCCTL0_H                              
00000700  ADCCTL0_L                              
00000702  ADCCTL1                                
00000703  ADCCTL1_H                              
00000702  ADCCTL1_L                              
00000704  ADCCTL2                                
00000705  ADCCTL2_H                              
00000704  ADCCTL2_L                              
00000708  ADCHI                                  
00000709  ADCHI_H                                
00000708  ADCHI_L                                
0000071a  ADCIE                                  
0000071b  ADCIE_H                                
0000071a  ADCIE_L                                
0000071c  ADCIFG                                 
0000071d  ADCIFG_H                               
0000071c  ADCIFG_L                               
0000071e  ADCIV                                  
0000071f  ADCIV_H                                
0000071e  ADCIV_L                                
00000706  ADCLO                                  
00000707  ADCLO_H                                
00000706  ADCLO_L                                
0000070a  ADCMCTL0                               
0000070b  ADCMCTL0_H                             
0000070a  ADCMCTL0_L                             
00000712  ADCMEM0                                
00000713  ADCMEM0_H                              
00000712  ADCMEM0_L                              
00000660  BAKMEM0                                
00000661  BAKMEM0_H                              
00000660  BAKMEM0_L                              
00000662  BAKMEM1                                
00000674  BAKMEM10                               
00000675  BAKMEM10_H                             
00000674  BAKMEM10_L                             
00000676  BAKMEM11                               
00000677  BAKMEM11_H                             
00000676  BAKMEM11_L                             
00000678  BAKMEM12                               
00000679  BAKMEM12_H                             
00000678  BAKMEM12_L                             
0000067a  BAKMEM13                               
0000067b  BAKMEM13_H                             
0000067a  BAKMEM13_L                             
0000067c  BAKMEM14                               
0000067d  BAKMEM14_H                             
0000067c  BAKMEM14_L                             
0000067e  BAKMEM15                               
0000067f  BAKMEM15_H                             
0000067e  BAKMEM15_L                             
00000663  BAKMEM1_H                              
00000662  BAKMEM1_L                              
00000664  BAKMEM2                                
00000665  BAKMEM2_H                              
00000664  BAKMEM2_L                              
00000666  BAKMEM3                                
00000667  BAKMEM3_H                              
00000666  BAKMEM3_L                              
00000668  BAKMEM4                                
00000669  BAKMEM4_H                              
00000668  BAKMEM4_L                              
0000066a  BAKMEM5                                
0000066b  BAKMEM5_H                              
0000066a  BAKMEM5_L                              
0000066c  BAKMEM6                                
0000066d  BAKMEM6_H                              
0000066c  BAKMEM6_L                              
0000066e  BAKMEM7                                
0000066f  BAKMEM7_H                              
0000066e  BAKMEM7_L                              
00000670  BAKMEM8                                
00000671  BAKMEM8_H                              
00000670  BAKMEM8_L                              
00000672  BAKMEM9                                
00000673  BAKMEM9_H                              
00000672  BAKMEM9_L                              
000099d8  C$$EXIT                                
000008e0  CP0CTL0                                
000008e1  CP0CTL0_H                              
000008e0  CP0CTL0_L                              
000008e2  CP0CTL1                                
000008e3  CP0CTL1_H                              
000008e2  CP0CTL1_L                              
000008f0  CP0DACCTL                              
000008f1  CP0DACCTL_H                            
000008f0  CP0DACCTL_L                            
000008f2  CP0DACDATA                             
000008f3  CP0DACDATA_H                           
000008f2  CP0DACDATA_L                           
000008e6  CP0INT                                 
000008e7  CP0INT_H                               
000008e6  CP0INT_L                               
000008e8  CP0IV                                  
000008e9  CP0IV_H                                
000008e8  CP0IV_L                                
000001c0  CRCDI                                  
000001c2  CRCDIRB                                
000001c3  CRCDIRB_H                              
000001c2  CRCDIRB_L                              
000001c1  CRCDI_H                                
000001c0  CRCDI_L                                
000001c4  CRCINIRES                              
000001c5  CRCINIRES_H                            
000001c4  CRCINIRES_L                            
000001c6  CRCRESR                                
000001c7  CRCRESR_H                              
000001c6  CRCRESR_L                              
00000180  CSCTL0                                 
00000181  CSCTL0_H                               
00000180  CSCTL0_L                               
00000182  CSCTL1                                 
00000183  CSCTL1_H                               
00000182  CSCTL1_L                               
00000184  CSCTL2                                 
00000185  CSCTL2_H                               
00000184  CSCTL2_L                               
00000186  CSCTL3                                 
00000187  CSCTL3_H                               
00000186  CSCTL3_L                               
00000188  CSCTL4                                 
00000189  CSCTL4_H                               
00000188  CSCTL4_L                               
0000018a  CSCTL5                                 
0000018b  CSCTL5_H                               
0000018a  CSCTL5_L                               
0000018c  CSCTL6                                 
0000018d  CSCTL6_H                               
0000018c  CSCTL6_L                               
0000018e  CSCTL7                                 
0000018f  CSCTL7_H                               
0000018e  CSCTL7_L                               
00000190  CSCTL8                                 
00000191  CSCTL8_H                               
00000190  CSCTL8_L                               
000001a0  FRCTL0                                 
000001a1  FRCTL0_H                               
000001a0  FRCTL0_L                               
000001a4  GCCTL0                                 
000001a5  GCCTL0_H                               
000001a4  GCCTL0_L                               
000001a6  GCCTL1                                 
000001a7  GCCTL1_H                               
000001a6  GCCTL1_L                               
00009896  GPIO_setAsOutputPin                    
000098e4  GPIO_setOutputLowOnPin                 
000098fa  GPIO_toggleOutputOnPin                 
000004c4  MAC                                    
000004da  MAC32H                                 
000004db  MAC32H_H                               
000004da  MAC32H_L                               
000004d8  MAC32L                                 
000004d9  MAC32L_H                               
000004d8  MAC32L_L                               
000004c6  MACS                                   
000004de  MACS32H                                
000004df  MACS32H_H                              
000004de  MACS32H_L                              
000004dc  MACS32L                                
000004dd  MACS32L_H                              
000004dc  MACS32L_L                              
000004c7  MACS_H                                 
000004c6  MACS_L                                 
000004c5  MAC_H                                  
000004c4  MAC_L                                  
000004c0  MPY                                    
000004ec  MPY32CTL0                              
000004ed  MPY32CTL0_H                            
000004ec  MPY32CTL0_L                            
000004d2  MPY32H                                 
000004d3  MPY32H_H                               
000004d2  MPY32H_L                               
000004d0  MPY32L                                 
000004d1  MPY32L_H                               
000004d0  MPY32L_L                               
000004c2  MPYS                                   
000004d6  MPYS32H                                
000004d7  MPYS32H_H                              
000004d6  MPYS32H_L                              
000004d4  MPYS32L                                
000004d5  MPYS32L_H                              
000004d4  MPYS32L_L                              
000004c3  MPYS_H                                 
000004c2  MPYS_L                                 
000004c1  MPY_H                                  
000004c0  MPY_L                                  
000004c8  OP2                                    
000004e2  OP2H                                   
000004e3  OP2H_H                                 
000004e2  OP2H_L                                 
000004e0  OP2L                                   
000004e1  OP2L_H                                 
000004e0  OP2L_L                                 
000004c9  OP2_H                                  
000004c8  OP2_L                                  
00000285  P10DIR                                 
0000029b  P10IE                                  
00000299  P10IES                                 
0000029d  P10IFG                                 
00000281  P10IN                                  
00000283  P10OUT                                 
00000287  P10REN                                 
0000028b  P10SEL0                                
0000028d  P10SEL1                                
00000297  P10SELC                                
00000204  P1DIR                                  
0000021a  P1IE                                   
00000218  P1IES                                  
0000021c  P1IFG                                  
00000200  P1IN                                   
0000020e  P1IV                                   
0000020f  P1IV_H                                 
0000020e  P1IV_L                                 
00000202  P1OUT                                  
00000206  P1REN                                  
0000020a  P1SEL0                                 
0000020c  P1SEL1                                 
00000216  P1SELC                                 
00000205  P2DIR                                  
0000021b  P2IE                                   
00000219  P2IES                                  
0000021d  P2IFG                                  
00000201  P2IN                                   
0000021e  P2IV                                   
0000021f  P2IV_H                                 
0000021e  P2IV_L                                 
00000203  P2OUT                                  
00000207  P2REN                                  
0000020b  P2SEL0                                 
0000020d  P2SEL1                                 
00000217  P2SELC                                 
00000224  P3DIR                                  
0000023a  P3IE                                   
00000238  P3IES                                  
0000023c  P3IFG                                  
00000220  P3IN                                   
0000022e  P3IV                                   
0000022f  P3IV_H                                 
0000022e  P3IV_L                                 
00000222  P3OUT                                  
00000226  P3REN                                  
0000022a  P3SEL0                                 
0000022c  P3SEL1                                 
00000236  P3SELC                                 
00000225  P4DIR                                  
0000023b  P4IE                                   
00000239  P4IES                                  
0000023d  P4IFG                                  
00000221  P4IN                                   
0000023e  P4IV                                   
0000023f  P4IV_H                                 
0000023e  P4IV_L                                 
00000223  P4OUT                                  
00000227  P4REN                                  
0000022b  P4SEL0                                 
0000022d  P4SEL1                                 
00000237  P4SELC                                 
00000244  P5DIR                                  
0000025a  P5IE                                   
00000258  P5IES                                  
0000025c  P5IFG                                  
00000240  P5IN                                   
0000024e  P5IV                                   
0000024f  P5IV_H                                 
0000024e  P5IV_L                                 
00000242  P5OUT                                  
00000246  P5REN                                  
0000024a  P5SEL0                                 
0000024c  P5SEL1                                 
00000256  P5SELC                                 
00000245  P6DIR                                  
0000025b  P6IE                                   
00000259  P6IES                                  
0000025d  P6IFG                                  
00000241  P6IN                                   
0000025e  P6IV                                   
0000025f  P6IV_H                                 
0000025e  P6IV_L                                 
00000243  P6OUT                                  
00000247  P6REN                                  
0000024b  P6SEL0                                 
0000024d  P6SEL1                                 
00000257  P6SELC                                 
00000264  P7DIR                                  
0000027a  P7IE                                   
00000278  P7IES                                  
0000027c  P7IFG                                  
00000260  P7IN                                   
00000262  P7OUT                                  
00000266  P7REN                                  
0000026a  P7SEL0                                 
0000026c  P7SEL1                                 
00000276  P7SELC                                 
00000265  P8DIR                                  
0000027b  P8IE                                   
00000279  P8IES                                  
0000027d  P8IFG                                  
00000261  P8IN                                   
00000263  P8OUT                                  
00000267  P8REN                                  
0000026b  P8SEL0                                 
0000026d  P8SEL1                                 
00000277  P8SELC                                 
00000284  P9DIR                                  
0000029a  P9IE                                   
00000298  P9IES                                  
0000029c  P9IFG                                  
00000280  P9IN                                   
00000282  P9OUT                                  
00000286  P9REN                                  
0000028a  P9SEL0                                 
0000028c  P9SEL1                                 
00000296  P9SELC                                 
00000204  PADIR                                  
00000205  PADIR_H                                
00000204  PADIR_L                                
0000021a  PAIE                                   
00000218  PAIES                                  
00000219  PAIES_H                                
00000218  PAIES_L                                
0000021b  PAIE_H                                 
0000021a  PAIE_L                                 
0000021c  PAIFG                                  
0000021d  PAIFG_H                                
0000021c  PAIFG_L                                
00000200  PAIN                                   
00000201  PAIN_H                                 
00000200  PAIN_L                                 
00000202  PAOUT                                  
00000203  PAOUT_H                                
00000202  PAOUT_L                                
00000206  PAREN                                  
00000207  PAREN_H                                
00000206  PAREN_L                                
0000020a  PASEL0                                 
0000020b  PASEL0_H                               
0000020a  PASEL0_L                               
0000020c  PASEL1                                 
0000020d  PASEL1_H                               
0000020c  PASEL1_L                               
00000216  PASELC                                 
00000217  PASELC_H                               
00000216  PASELC_L                               
00000224  PBDIR                                  
00000225  PBDIR_H                                
00000224  PBDIR_L                                
0000023a  PBIE                                   
00000238  PBIES                                  
00000239  PBIES_H                                
00000238  PBIES_L                                
0000023b  PBIE_H                                 
0000023a  PBIE_L                                 
0000023c  PBIFG                                  
0000023d  PBIFG_H                                
0000023c  PBIFG_L                                
00000220  PBIN                                   
00000221  PBIN_H                                 
00000220  PBIN_L                                 
00000222  PBOUT                                  
00000223  PBOUT_H                                
00000222  PBOUT_L                                
00000226  PBREN                                  
00000227  PBREN_H                                
00000226  PBREN_L                                
0000022a  PBSEL0                                 
0000022b  PBSEL0_H                               
0000022a  PBSEL0_L                               
0000022c  PBSEL1                                 
0000022d  PBSEL1_H                               
0000022c  PBSEL1_L                               
00000236  PBSELC                                 
00000237  PBSELC_H                               
00000236  PBSELC_L                               
00000244  PCDIR                                  
00000245  PCDIR_H                                
00000244  PCDIR_L                                
0000025a  PCIE                                   
00000258  PCIES                                  
00000259  PCIES_H                                
00000258  PCIES_L                                
0000025b  PCIE_H                                 
0000025a  PCIE_L                                 
0000025c  PCIFG                                  
0000025d  PCIFG_H                                
0000025c  PCIFG_L                                
00000240  PCIN                                   
00000241  PCIN_H                                 
00000240  PCIN_L                                 
00000242  PCOUT                                  
00000243  PCOUT_H                                
00000242  PCOUT_L                                
00000246  PCREN                                  
00000247  PCREN_H                                
00000246  PCREN_L                                
0000024a  PCSEL0                                 
0000024b  PCSEL0_H                               
0000024a  PCSEL0_L                               
0000024c  PCSEL1                                 
0000024d  PCSEL1_H                               
0000024c  PCSEL1_L                               
00000256  PCSELC                                 
00000257  PCSELC_H                               
00000256  PCSELC_L                               
00000264  PDDIR                                  
00000265  PDDIR_H                                
00000264  PDDIR_L                                
0000027a  PDIE                                   
00000278  PDIES                                  
00000279  PDIES_H                                
00000278  PDIES_L                                
0000027b  PDIE_H                                 
0000027a  PDIE_L                                 
0000027c  PDIFG                                  
0000027d  PDIFG_H                                
0000027c  PDIFG_L                                
00000260  PDIN                                   
00000261  PDIN_H                                 
00000260  PDIN_L                                 
00000262  PDOUT                                  
00000263  PDOUT_H                                
00000262  PDOUT_L                                
00000266  PDREN                                  
00000267  PDREN_H                                
00000266  PDREN_L                                
0000026a  PDSEL0                                 
0000026b  PDSEL0_H                               
0000026a  PDSEL0_L                               
0000026c  PDSEL1                                 
0000026d  PDSEL1_H                               
0000026c  PDSEL1_L                               
00000276  PDSELC                                 
00000277  PDSELC_H                               
00000276  PDSELC_L                               
00000284  PEDIR                                  
00000285  PEDIR_H                                
00000284  PEDIR_L                                
0000029a  PEIE                                   
00000298  PEIES                                  
00000299  PEIES_H                                
00000298  PEIES_L                                
0000029b  PEIE_H                                 
0000029a  PEIE_L                                 
0000029c  PEIFG                                  
0000029d  PEIFG_H                                
0000029c  PEIFG_L                                
00000280  PEIN                                   
00000281  PEIN_H                                 
00000280  PEIN_L                                 
00000282  PEOUT                                  
00000283  PEOUT_H                                
00000282  PEOUT_L                                
00000286  PEREN                                  
00000287  PEREN_H                                
00000286  PEREN_L                                
0000028a  PESEL0                                 
0000028b  PESEL0_H                               
0000028a  PESEL0_L                               
0000028c  PESEL1                                 
0000028d  PESEL1_H                               
0000028c  PESEL1_L                               
00000296  PESELC                                 
00000297  PESELC_H                               
00000296  PESELC_L                               
00000324  PJDIR                                  
00000325  PJDIR_H                                
00000324  PJDIR_L                                
00000320  PJIN                                   
00000321  PJIN_H                                 
00000320  PJIN_L                                 
00000322  PJOUT                                  
00000323  PJOUT_H                                
00000322  PJOUT_L                                
00000326  PJREN                                  
00000327  PJREN_H                                
00000326  PJREN_L                                
0000032a  PJSEL0                                 
0000032b  PJSEL0_H                               
0000032a  PJSEL0_L                               
0000032c  PJSEL1                                 
0000032d  PJSEL1_H                               
0000032c  PJSEL1_L                               
00000336  PJSELC                                 
00000337  PJSELC_H                               
00000336  PJSELC_L                               
00000130  PM5CTL0                                
00000131  PM5CTL0_H                              
00000130  PM5CTL0_L                              
00000120  PMMCTL0                                
00000121  PMMCTL0_H                              
00000120  PMMCTL0_L                              
00000122  PMMCTL1                                
00000123  PMMCTL1_H                              
00000122  PMMCTL1_L                              
00000124  PMMCTL2                                
00000125  PMMCTL2_H                              
00000124  PMMCTL2_L                              
0000012a  PMMIFG                                 
0000012b  PMMIFG_H                               
0000012a  PMMIFG_L                               
000099d2  PMM_unlockLPM5                         
000004e4  RES0                                   
000004e5  RES0_H                                 
000004e4  RES0_L                                 
000004e6  RES1                                   
000004e7  RES1_H                                 
000004e6  RES1_L                                 
000004e8  RES2                                   
000004e9  RES2_H                                 
000004e8  RES2_L                                 
000004ea  RES3                                   
000004eb  RES3_H                                 
000004ea  RES3_L                                 
000004cc  RESHI                                  
000004cd  RESHI_H                                
000004cc  RESHI_L                                
000004ca  RESLO                                  
000004cb  RESLO_H                                
000004ca  RESLO_L                                
0000030c  RTCCNT                                 
0000030d  RTCCNT_H                               
0000030c  RTCCNT_L                               
00000300  RTCCTL                                 
00000301  RTCCTL_H                               
00000300  RTCCTL_L                               
00000304  RTCIV                                  
00000305  RTCIV_H                                
00000304  RTCIV_L                                
00000308  RTCMOD                                 
00000309  RTCMOD_H                               
00000308  RTCMOD_L                               
00000100  SFRIE1                                 
00000101  SFRIE1_H                               
00000100  SFRIE1_L                               
00000102  SFRIFG1                                
00000103  SFRIFG1_H                              
00000102  SFRIFG1_L                              
00000104  SFRRPCR                                
00000105  SFRRPCR_H                              
00000104  SFRRPCR_L                              
000004ce  SUMEXT                                 
000004cf  SUMEXT_H                               
000004ce  SUMEXT_L                               
00000142  SYSBSLC                                
00000143  SYSBSLC_H                              
00000142  SYSBSLC_L                              
00000160  SYSCFG0                                
00000161  SYSCFG0_H                              
00000160  SYSCFG0_L                              
00000162  SYSCFG1                                
00000163  SYSCFG1_H                              
00000162  SYSCFG1_L                              
00000164  SYSCFG2                                
00000165  SYSCFG2_H                              
00000164  SYSCFG2_L                              
00000166  SYSCFG3                                
00000167  SYSCFG3_H                              
00000166  SYSCFG3_L                              
00000140  SYSCTL                                 
00000141  SYSCTL_H                               
00000140  SYSCTL_L                               
00000146  SYSJMBC                                
00000147  SYSJMBC_H                              
00000146  SYSJMBC_L                              
00000148  SYSJMBI0                               
00000149  SYSJMBI0_H                             
00000148  SYSJMBI0_L                             
0000014a  SYSJMBI1                               
0000014b  SYSJMBI1_H                             
0000014a  SYSJMBI1_L                             
0000014c  SYSJMBO0                               
0000014d  SYSJMBO0_H                             
0000014c  SYSJMBO0_L                             
0000014e  SYSJMBO1                               
0000014f  SYSJMBO1_H                             
0000014e  SYSJMBO1_L                             
0000015e  SYSRSTIV                               
0000015f  SYSRSTIV_H                             
0000015e  SYSRSTIV_L                             
0000015c  SYSSNIV                                
0000015d  SYSSNIV_H                              
0000015c  SYSSNIV_L                              
0000015a  SYSUNIV                                
0000015b  SYSUNIV_H                              
0000015a  SYSUNIV_L                              
00000392  TA0CCR0                                
00000393  TA0CCR0_H                              
00000392  TA0CCR0_L                              
00000394  TA0CCR1                                
00000395  TA0CCR1_H                              
00000394  TA0CCR1_L                              
00000396  TA0CCR2                                
00000397  TA0CCR2_H                              
00000396  TA0CCR2_L                              
00000382  TA0CCTL0                               
00000383  TA0CCTL0_H                             
00000382  TA0CCTL0_L                             
00000384  TA0CCTL1                               
00000385  TA0CCTL1_H                             
00000384  TA0CCTL1_L                             
00000386  TA0CCTL2                               
00000387  TA0CCTL2_H                             
00000386  TA0CCTL2_L                             
00000380  TA0CTL                                 
00000381  TA0CTL_H                               
00000380  TA0CTL_L                               
000003a0  TA0EX0                                 
000003a1  TA0EX0_H                               
000003a0  TA0EX0_L                               
000003ae  TA0IV                                  
000003af  TA0IV_H                                
000003ae  TA0IV_L                                
00000390  TA0R                                   
00000391  TA0R_H                                 
00000390  TA0R_L                                 
000003d2  TA1CCR0                                
000003d3  TA1CCR0_H                              
000003d2  TA1CCR0_L                              
000003d4  TA1CCR1                                
000003d5  TA1CCR1_H                              
000003d4  TA1CCR1_L                              
000003d6  TA1CCR2                                
000003d7  TA1CCR2_H                              
000003d6  TA1CCR2_L                              
000003c2  TA1CCTL0                               
000003c3  TA1CCTL0_H                             
000003c2  TA1CCTL0_L                             
000003c4  TA1CCTL1                               
000003c5  TA1CCTL1_H                             
000003c4  TA1CCTL1_L                             
000003c6  TA1CCTL2                               
000003c7  TA1CCTL2_H                             
000003c6  TA1CCTL2_L                             
000003c0  TA1CTL                                 
000003c1  TA1CTL_H                               
000003c0  TA1CTL_L                               
000003e0  TA1EX0                                 
000003e1  TA1EX0_H                               
000003e0  TA1EX0_L                               
000003ee  TA1IV                                  
000003ef  TA1IV_H                                
000003ee  TA1IV_L                                
000003d0  TA1R                                   
000003d1  TA1R_H                                 
000003d0  TA1R_L                                 
00000412  TA2CCR0                                
00000413  TA2CCR0_H                              
00000412  TA2CCR0_L                              
00000414  TA2CCR1                                
00000415  TA2CCR1_H                              
00000414  TA2CCR1_L                              
00000416  TA2CCR2                                
00000417  TA2CCR2_H                              
00000416  TA2CCR2_L                              
00000402  TA2CCTL0                               
00000403  TA2CCTL0_H                             
00000402  TA2CCTL0_L                             
00000404  TA2CCTL1                               
00000405  TA2CCTL1_H                             
00000404  TA2CCTL1_L                             
00000406  TA2CCTL2                               
00000407  TA2CCTL2_H                             
00000406  TA2CCTL2_L                             
00000400  TA2CTL                                 
00000401  TA2CTL_H                               
00000400  TA2CTL_L                               
00000420  TA2EX0                                 
00000421  TA2EX0_H                               
00000420  TA2EX0_L                               
0000042e  TA2IV                                  
0000042f  TA2IV_H                                
0000042e  TA2IV_L                                
00000410  TA2R                                   
00000411  TA2R_H                                 
00000410  TA2R_L                                 
00000452  TA3CCR0                                
00000453  TA3CCR0_H                              
00000452  TA3CCR0_L                              
00000454  TA3CCR1                                
00000455  TA3CCR1_H                              
00000454  TA3CCR1_L                              
00000456  TA3CCR2                                
00000457  TA3CCR2_H                              
00000456  TA3CCR2_L                              
00000442  TA3CCTL0                               
00000443  TA3CCTL0_H                             
00000442  TA3CCTL0_L                             
00000444  TA3CCTL1                               
00000445  TA3CCTL1_H                             
00000444  TA3CCTL1_L                             
00000446  TA3CCTL2                               
00000447  TA3CCTL2_H                             
00000446  TA3CCTL2_L                             
00000440  TA3CTL                                 
00000441  TA3CTL_H                               
00000440  TA3CTL_L                               
00000460  TA3EX0                                 
00000461  TA3EX0_H                               
00000460  TA3EX0_L                               
0000046e  TA3IV                                  
0000046f  TA3IV_H                                
0000046e  TA3IV_L                                
00000450  TA3R                                   
00000451  TA3R_H                                 
00000450  TA3R_L                                 
00000492  TB0CCR0                                
00000493  TB0CCR0_H                              
00000492  TB0CCR0_L                              
00000494  TB0CCR1                                
00000495  TB0CCR1_H                              
00000494  TB0CCR1_L                              
00000496  TB0CCR2                                
00000497  TB0CCR2_H                              
00000496  TB0CCR2_L                              
00000498  TB0CCR3                                
00000499  TB0CCR3_H                              
00000498  TB0CCR3_L                              
0000049a  TB0CCR4                                
0000049b  TB0CCR4_H                              
0000049a  TB0CCR4_L                              
0000049c  TB0CCR5                                
0000049d  TB0CCR5_H                              
0000049c  TB0CCR5_L                              
0000049e  TB0CCR6                                
0000049f  TB0CCR6_H                              
0000049e  TB0CCR6_L                              
00000482  TB0CCTL0                               
00000483  TB0CCTL0_H                             
00000482  TB0CCTL0_L                             
00000484  TB0CCTL1                               
00000485  TB0CCTL1_H                             
00000484  TB0CCTL1_L                             
00000486  TB0CCTL2                               
00000487  TB0CCTL2_H                             
00000486  TB0CCTL2_L                             
00000488  TB0CCTL3                               
00000489  TB0CCTL3_H                             
00000488  TB0CCTL3_L                             
0000048a  TB0CCTL4                               
0000048b  TB0CCTL4_H                             
0000048a  TB0CCTL4_L                             
0000048c  TB0CCTL5                               
0000048d  TB0CCTL5_H                             
0000048c  TB0CCTL5_L                             
0000048e  TB0CCTL6                               
0000048f  TB0CCTL6_H                             
0000048e  TB0CCTL6_L                             
00000480  TB0CTL                                 
00000481  TB0CTL_H                               
00000480  TB0CTL_L                               
000004a0  TB0EX0                                 
000004a1  TB0EX0_H                               
000004a0  TB0EX0_L                               
000004ae  TB0IV                                  
000004af  TB0IV_H                                
000004ae  TB0IV_L                                
00000490  TB0R                                   
00000491  TB0R_H                                 
00000490  TB0R_L                                 
00000510  UCA0ABCTL                              
00000511  UCA0ABCTL_H                            
00000510  UCA0ABCTL_L                            
00000506  UCA0BRW                                
00000507  UCA0BRW_H                              
00000506  UCA0BRW_L                              
00000500  UCA0CTLW0                              
00000501  UCA0CTLW0_H                            
00000500  UCA0CTLW0_L                            
00000502  UCA0CTLW1                              
00000503  UCA0CTLW1_H                            
00000502  UCA0CTLW1_L                            
0000051a  UCA0IE                                 
0000051b  UCA0IE_H                               
0000051a  UCA0IE_L                               
0000051c  UCA0IFG                                
0000051d  UCA0IFG_H                              
0000051c  UCA0IFG_L                              
00000512  UCA0IRCTL                              
00000513  UCA0IRCTL_H                            
00000512  UCA0IRCTL_L                            
0000051e  UCA0IV                                 
0000051f  UCA0IV_H                               
0000051e  UCA0IV_L                               
00000508  UCA0MCTLW                              
00000509  UCA0MCTLW_H                            
00000508  UCA0MCTLW_L                            
0000050c  UCA0RXBUF                              
0000050d  UCA0RXBUF_H                            
0000050c  UCA0RXBUF_L                            
0000050a  UCA0STATW                              
0000050b  UCA0STATW_H                            
0000050a  UCA0STATW_L                            
0000050e  UCA0TXBUF                              
0000050f  UCA0TXBUF_H                            
0000050e  UCA0TXBUF_L                            
00000530  UCA1ABCTL                              
00000531  UCA1ABCTL_H                            
00000530  UCA1ABCTL_L                            
00000526  UCA1BRW                                
00000527  UCA1BRW_H                              
00000526  UCA1BRW_L                              
00000520  UCA1CTLW0                              
00000521  UCA1CTLW0_H                            
00000520  UCA1CTLW0_L                            
00000522  UCA1CTLW1                              
00000523  UCA1CTLW1_H                            
00000522  UCA1CTLW1_L                            
0000053a  UCA1IE                                 
0000053b  UCA1IE_H                               
0000053a  UCA1IE_L                               
0000053c  UCA1IFG                                
0000053d  UCA1IFG_H                              
0000053c  UCA1IFG_L                              
00000532  UCA1IRCTL                              
00000533  UCA1IRCTL_H                            
00000532  UCA1IRCTL_L                            
0000053e  UCA1IV                                 
0000053f  UCA1IV_H                               
0000053e  UCA1IV_L                               
00000528  UCA1MCTLW                              
00000529  UCA1MCTLW_H                            
00000528  UCA1MCTLW_L                            
0000052c  UCA1RXBUF                              
0000052d  UCA1RXBUF_H                            
0000052c  UCA1RXBUF_L                            
0000052a  UCA1STATW                              
0000052b  UCA1STATW_H                            
0000052a  UCA1STATW_L                            
0000052e  UCA1TXBUF                              
0000052f  UCA1TXBUF_H                            
0000052e  UCA1TXBUF_L                            
0000055e  UCB0ADDMASK                            
0000055f  UCB0ADDMASK_H                          
0000055e  UCB0ADDMASK_L                          
0000055c  UCB0ADDRX                              
0000055d  UCB0ADDRX_H                            
0000055c  UCB0ADDRX_L                            
00000546  UCB0BRW                                
00000547  UCB0BRW_H                              
00000546  UCB0BRW_L                              
00000540  UCB0CTLW0                              
00000541  UCB0CTLW0_H                            
00000540  UCB0CTLW0_L                            
00000542  UCB0CTLW1                              
00000543  UCB0CTLW1_H                            
00000542  UCB0CTLW1_L                            
00000554  UCB0I2COA0                             
00000555  UCB0I2COA0_H                           
00000554  UCB0I2COA0_L                           
00000556  UCB0I2COA1                             
00000557  UCB0I2COA1_H                           
00000556  UCB0I2COA1_L                           
00000558  UCB0I2COA2                             
00000559  UCB0I2COA2_H                           
00000558  UCB0I2COA2_L                           
0000055a  UCB0I2COA3                             
0000055b  UCB0I2COA3_H                           
0000055a  UCB0I2COA3_L                           
00000560  UCB0I2CSA                              
00000561  UCB0I2CSA_H                            
00000560  UCB0I2CSA_L                            
0000056a  UCB0IE                                 
0000056b  UCB0IE_H                               
0000056a  UCB0IE_L                               
0000056c  UCB0IFG                                
0000056d  UCB0IFG_H                              
0000056c  UCB0IFG_L                              
0000056e  UCB0IV                                 
0000056f  UCB0IV_H                               
0000056e  UCB0IV_L                               
0000054c  UCB0RXBUF                              
0000054d  UCB0RXBUF_H                            
0000054c  UCB0RXBUF_L                            
00000548  UCB0STATW                              
00000549  UCB0STATW_H                            
00000548  UCB0STATW_L                            
0000054a  UCB0TBCNT                              
0000054b  UCB0TBCNT_H                            
0000054a  UCB0TBCNT_L                            
0000054e  UCB0TXBUF                              
0000054f  UCB0TXBUF_H                            
0000054e  UCB0TXBUF_L                            
0000059e  UCB1ADDMASK                            
0000059f  UCB1ADDMASK_H                          
0000059e  UCB1ADDMASK_L                          
0000059c  UCB1ADDRX                              
0000059d  UCB1ADDRX_H                            
0000059c  UCB1ADDRX_L                            
00000586  UCB1BRW                                
00000587  UCB1BRW_H                              
00000586  UCB1BRW_L                              
00000580  UCB1CTLW0                              
00000581  UCB1CTLW0_H                            
00000580  UCB1CTLW0_L                            
00000582  UCB1CTLW1                              
00000583  UCB1CTLW1_H                            
00000582  UCB1CTLW1_L                            
00000594  UCB1I2COA0                             
00000595  UCB1I2COA0_H                           
00000594  UCB1I2COA0_L                           
00000596  UCB1I2COA1                             
00000597  UCB1I2COA1_H                           
00000596  UCB1I2COA1_L                           
00000598  UCB1I2COA2                             
00000599  UCB1I2COA2_H                           
00000598  UCB1I2COA2_L                           
0000059a  UCB1I2COA3                             
0000059b  UCB1I2COA3_H                           
0000059a  UCB1I2COA3_L                           
000005a0  UCB1I2CSA                              
000005a1  UCB1I2CSA_H                            
000005a0  UCB1I2CSA_L                            
000005aa  UCB1IE                                 
000005ab  UCB1IE_H                               
000005aa  UCB1IE_L                               
000005ac  UCB1IFG                                
000005ad  UCB1IFG_H                              
000005ac  UCB1IFG_L                              
000005ae  UCB1IV                                 
000005af  UCB1IV_H                               
000005ae  UCB1IV_L                               
0000058c  UCB1RXBUF                              
0000058d  UCB1RXBUF_H                            
0000058c  UCB1RXBUF_L                            
00000588  UCB1STATW                              
00000589  UCB1STATW_H                            
00000588  UCB1STATW_L                            
0000058a  UCB1TBCNT                              
0000058b  UCB1TBCNT_H                            
0000058a  UCB1TBCNT_L                            
0000058e  UCB1TXBUF                              
0000058f  UCB1TXBUF_H                            
0000058e  UCB1TXBUF_L                            
000001cc  WDTCTL                                 
000001cd  WDTCTL_H                               
000001cc  WDTCTL_L                               
00009910  WDT_A_hold                             
00004000  __STACK_END                            
000000a0  __STACK_SIZE                           
0000801c  __TI_CINIT_Base                        
0000802c  __TI_CINIT_Limit                       
00008000  __TI_Handler_Table_Base                
0000800c  __TI_Handler_Table_Limit               
00009a26  __TI_ISR_TRAP                          
00009164  __TI_auto_init_nobinit_nopinit_hold_wdt
000085c4  __TI_decompress_lzss                   
0000955e  __TI_decompress_none                   
0000ffca  __TI_int20                             
0000ffcc  __TI_int21                             
0000ffce  __TI_int22                             
0000ffd0  __TI_int23                             
0000ffd2  __TI_int24                             
0000ffd4  __TI_int25                             
0000ffd6  __TI_int26                             
0000ffd8  __TI_int27                             
0000ffda  __TI_int28                             
0000ffdc  __TI_int29                             
0000ffde  __TI_int30                             
0000ffe0  __TI_int31                             
0000ffe2  __TI_int32                             
0000ffe4  __TI_int33                             
0000ffe6  __TI_int34                             
0000ffe8  __TI_int35                             
0000ffea  __TI_int36                             
0000ffec  __TI_int37                             
0000ffee  __TI_int38                             
0000fff0  __TI_int39                             
0000fff2  __TI_int40                             
0000fff4  __TI_int41                             
0000fff6  __TI_int42                             
0000fff8  __TI_int43                             
0000fffa  __TI_int44                             
0000fffc  __TI_int45                             
ffffffff  __TI_pprof_out_hndl                    
ffffffff  __TI_prof_data_size                    
ffffffff  __TI_prof_data_start                   
000094e4  __TI_zero_init                         
ffffffff  __c_args__                             
000094a4  __memcpy_far                           
00000001  __mpu_enable                           
00009522  __mpu_init                             
000098b4  __mspabi_mpyi_f5hw                     
000099f6  _c_int00_noargs_mpu                    
0000fffe  _reset_vector                          
00003f60  _stack                                 
000099f4  _system_post_cinit                     
000099f0  _system_pre_init                       
000099d8  abort                                  
00008000  fram_rw_start                          
00008000  fram_rx_start                          
00000001  info_fram_protection                   
0000959a  main                                   
000099a6  memcpy                                 
0000997e  memset                                 
00000001  program_fram_protection                
000092d4  pvPortMalloc                           
00002898  pxCurrentTCB                           
00009876  pxPortInitialiseStack                  
00000000  start_protection_offset_address        
00009968  taskBlinkLight                         
000028c2  usCriticalNesting                      
00009676  uxListRemove                           
000099c6  vApplicationIdleHook                   
00009806  vApplicationSetupTimerInterrupt        
0000982c  vListInitialise                        
000099de  vListInitialiseItem                    
00009324  vListInsert                            
00009852  vListInsertEnd                         
00008882  vPortCooperativeTickISR                
000099b8  vPortFree                              
00008852  vPortPreemptiveTickISR                 
00009806  vPortSetupTimerInterrupt               
000088ae  vPortYield                             
00009374  vQueueWaitForMessageRestricted         
00009642  vTaskDelay                             
00009992  vTaskInternalSetTimeOutState           
000099e4  vTaskMissedYield                       
00009730  vTaskPlaceOnEventList                  
0000960a  vTaskPlaceOnEventListRestricted        
0000922c  vTaskStartScheduler                    
000099ea  vTaskSuspendAll                        
000090f4  vTaskSwitchContext                     
00009a16  vTickISREntry                          
000088de  xPortStartScheduler                    
00009412  xQueueGenericCreate                    
00008b6e  xQueueGenericReset                     
00008062  xQueueGenericSend                      
00008da0  xQueueGenericSendFromISR               
000081f8  xQueueReceive                          
00008a34  xTaskCheckForTimeOut                   
00008ea2  xTaskCreate                            
000098cc  xTaskGetSchedulerState                 
000097de  xTaskGetTickCount                      
000084b2  xTaskIncrementTick                     
00008e22  xTaskRemoveFromEventList               
000086b2  xTaskResumeAll                         
00009460  xTimerCreateTimerTask                  
00008c0a  xTimerGenericCommand                   


GLOBAL SYMBOLS: SORTED BY Symbol Address 

address   name                                   
-------   ----                                   
00000000  start_protection_offset_address        
00000001  __mpu_enable                           
00000001  info_fram_protection                   
00000001  program_fram_protection                
000000a0  __STACK_SIZE                           
00000100  SFRIE1                                 
00000100  SFRIE1_L                               
00000101  SFRIE1_H                               
00000102  SFRIFG1                                
00000102  SFRIFG1_L                              
00000103  SFRIFG1_H                              
00000104  SFRRPCR                                
00000104  SFRRPCR_L                              
00000105  SFRRPCR_H                              
00000120  PMMCTL0                                
00000120  PMMCTL0_L                              
00000121  PMMCTL0_H                              
00000122  PMMCTL1                                
00000122  PMMCTL1_L                              
00000123  PMMCTL1_H                              
00000124  PMMCTL2                                
00000124  PMMCTL2_L                              
00000125  PMMCTL2_H                              
0000012a  PMMIFG                                 
0000012a  PMMIFG_L                               
0000012b  PMMIFG_H                               
00000130  PM5CTL0                                
00000130  PM5CTL0_L                              
00000131  PM5CTL0_H                              
00000140  SYSCTL                                 
00000140  SYSCTL_L                               
00000141  SYSCTL_H                               
00000142  SYSBSLC                                
00000142  SYSBSLC_L                              
00000143  SYSBSLC_H                              
00000146  SYSJMBC                                
00000146  SYSJMBC_L                              
00000147  SYSJMBC_H                              
00000148  SYSJMBI0                               
00000148  SYSJMBI0_L                             
00000149  SYSJMBI0_H                             
0000014a  SYSJMBI1                               
0000014a  SYSJMBI1_L                             
0000014b  SYSJMBI1_H                             
0000014c  SYSJMBO0                               
0000014c  SYSJMBO0_L                             
0000014d  SYSJMBO0_H                             
0000014e  SYSJMBO1                               
0000014e  SYSJMBO1_L                             
0000014f  SYSJMBO1_H                             
0000015a  SYSUNIV                                
0000015a  SYSUNIV_L                              
0000015b  SYSUNIV_H                              
0000015c  SYSSNIV                                
0000015c  SYSSNIV_L                              
0000015d  SYSSNIV_H                              
0000015e  SYSRSTIV                               
0000015e  SYSRSTIV_L                             
0000015f  SYSRSTIV_H                             
00000160  SYSCFG0                                
00000160  SYSCFG0_L                              
00000161  SYSCFG0_H                              
00000162  SYSCFG1                                
00000162  SYSCFG1_L                              
00000163  SYSCFG1_H                              
00000164  SYSCFG2                                
00000164  SYSCFG2_L                              
00000165  SYSCFG2_H                              
[...]
000004dc  MACS32L                                
000004dc  MACS32L_L                              
000004dd  MACS32L_H                              
000004de  MACS32H                                
000004de  MACS32H_L                              
000004df  MACS32H_H                              
000004e0  OP2L                                   
000004e0  OP2L_L                                 
000004e1  OP2L_H                                 
000004e2  OP2H                                   
000004e2  OP2H_L                                 
000004e3  OP2H_H                                 
000004e4  RES0                                   
000004e4  RES0_L                                 
000004e5  RES0_H                                 
000004e6  RES1                                   
000004e6  RES1_L                                 
000004e7  RES1_H                                 
000004e8  RES2                                   
000004e8  RES2_L                                 
000004e9  RES2_H                                 
000004ea  RES3                                   
000004ea  RES3_L                                 
000004eb  RES3_H                                 
000004ec  MPY32CTL0                              
000004ec  MPY32CTL0_L                            
000004ed  MPY32CTL0_H                            
00000500  UCA0CTLW0                              
00000500  UCA0CTLW0_L                            
00000501  UCA0CTLW0_H                            
00000502  UCA0CTLW1                              
00000502  UCA0CTLW1_L                            
00000503  UCA0CTLW1_H                            
00000506  UCA0BRW                                
00000506  UCA0BRW_L                              
00000507  UCA0BRW_H                              
00000508  UCA0MCTLW                              
00000508  UCA0MCTLW_L                            
00000509  UCA0MCTLW_H                            
0000050a  UCA0STATW                              
0000050a  UCA0STATW_L                            
0000050b  UCA0STATW_H                            
0000050c  UCA0RXBUF                              
0000050c  UCA0RXBUF_L                            
0000050d  UCA0RXBUF_H                            
0000050e  UCA0TXBUF                              
0000050e  UCA0TXBUF_L                            
0000050f  UCA0TXBUF_H                            
00000510  UCA0ABCTL                              
00000510  UCA0ABCTL_L                            
00000511  UCA0ABCTL_H                            
00000512  UCA0IRCTL                              
00000512  UCA0IRCTL_L                            
00000513  UCA0IRCTL_H                            
0000051a  UCA0IE                                 
0000051a  UCA0IE_L                               
0000051b  UCA0IE_H                               
0000051c  UCA0IFG                                
0000051c  UCA0IFG_L                              
0000051d  UCA0IFG_H                              
0000051e  UCA0IV                                 
0000051e  UCA0IV_L                               
0000051f  UCA0IV_H                               
00000520  UCA1CTLW0                              
00000520  UCA1CTLW0_L                            
00000521  UCA1CTLW0_H                            
00000522  UCA1CTLW1                              
00000522  UCA1CTLW1_L                            
00000523  UCA1CTLW1_H                            
00000526  UCA1BRW                                
00000526  UCA1BRW_L                              
00000527  UCA1BRW_H                              
00000528  UCA1MCTLW                              
00000528  UCA1MCTLW_L                            
00000529  UCA1MCTLW_H                            
0000052a  UCA1STATW                              
0000052a  UCA1STATW_L                            
0000052b  UCA1STATW_H                            
0000052c  UCA1RXBUF                              
0000052c  UCA1RXBUF_L                            
0000052d  UCA1RXBUF_H                            
0000052e  UCA1TXBUF                              
0000052e  UCA1TXBUF_L                            
0000052f  UCA1TXBUF_H                            
00000530  UCA1ABCTL                              
00000530  UCA1ABCTL_L                            
00000531  UCA1ABCTL_H                            
00000532  UCA1IRCTL                              
00000532  UCA1IRCTL_L                            
00000533  UCA1IRCTL_H                            
0000053a  UCA1IE                                 
0000053a  UCA1IE_L                               
0000053b  UCA1IE_H                               
0000053c  UCA1IFG                                
0000053c  UCA1IFG_L                              
0000053d  UCA1IFG_H                              
0000053e  UCA1IV                                 
0000053e  UCA1IV_L                               
0000053f  UCA1IV_H                               
00000540  UCB0CTLW0                              
00000540  UCB0CTLW0_L                            
00000541  UCB0CTLW0_H                            
00000542  UCB0CTLW1                              
00000542  UCB0CTLW1_L                            
00000543  UCB0CTLW1_H                            
00000546  UCB0BRW                                
00000546  UCB0BRW_L                              
00000547  UCB0BRW_H                              
00000548  UCB0STATW                              
00000548  UCB0STATW_L                            
00000549  UCB0STATW_H                            
0000054a  UCB0TBCNT                              
0000054a  UCB0TBCNT_L                            
0000054b  UCB0TBCNT_H                            
0000054c  UCB0RXBUF                              
0000054c  UCB0RXBUF_L                            
0000054d  UCB0RXBUF_H                            
0000054e  UCB0TXBUF                              
0000054e  UCB0TXBUF_L                            
0000054f  UCB0TXBUF_H                            
00000554  UCB0I2COA0                             
00000554  UCB0I2COA0_L                           
00000555  UCB0I2COA0_H                           
00000556  UCB0I2COA1                             
00000556  UCB0I2COA1_L                           
00000557  UCB0I2COA1_H                           
00000558  UCB0I2COA2                             
00000558  UCB0I2COA2_L                           
00000559  UCB0I2COA2_H                           
0000055a  UCB0I2COA3                             
0000055a  UCB0I2COA3_L                           
0000055b  UCB0I2COA3_H                           
0000055c  UCB0ADDRX                              
0000055c  UCB0ADDRX_L                            
0000055d  UCB0ADDRX_H                            
0000055e  UCB0ADDMASK                            
0000055e  UCB0ADDMASK_L                          
0000055f  UCB0ADDMASK_H                          
00000560  UCB0I2CSA                              
00000560  UCB0I2CSA_L                            
00000561  UCB0I2CSA_H                            
0000056a  UCB0IE                                 
0000056a  UCB0IE_L                               
0000056b  UCB0IE_H                               
0000056c  UCB0IFG                                
0000056c  UCB0IFG_L                              
0000056d  UCB0IFG_H                              
0000056e  UCB0IV                                 
0000056e  UCB0IV_L                               
0000056f  UCB0IV_H                               
00000580  UCB1CTLW0                              
00000580  UCB1CTLW0_L                            
00000581  UCB1CTLW0_H                            
00000582  UCB1CTLW1                              
00000582  UCB1CTLW1_L                            
00000583  UCB1CTLW1_H                            
00000586  UCB1BRW                                
00000586  UCB1BRW_L                              
00000587  UCB1BRW_H                              
00000588  UCB1STATW                              
00000588  UCB1STATW_L                            
00000589  UCB1STATW_H                            
0000058a  UCB1TBCNT                              
0000058a  UCB1TBCNT_L                            
0000058b  UCB1TBCNT_H                            
0000058c  UCB1RXBUF                              
0000058c  UCB1RXBUF_L                            
0000058d  UCB1RXBUF_H                            
0000058e  UCB1TXBUF                              
0000058e  UCB1TXBUF_L                            
0000058f  UCB1TXBUF_H                            
00000594  UCB1I2COA0                             
00000594  UCB1I2COA0_L                           
00000595  UCB1I2COA0_H                           
00000596  UCB1I2COA1                             
00000596  UCB1I2COA1_L                           
00000597  UCB1I2COA1_H                           
00000598  UCB1I2COA2                             
00000598  UCB1I2COA2_L                           
00000599  UCB1I2COA2_H                           
0000059a  UCB1I2COA3                             
0000059a  UCB1I2COA3_L                           
0000059b  UCB1I2COA3_H                           
0000059c  UCB1ADDRX                              
0000059c  UCB1ADDRX_L                            
0000059d  UCB1ADDRX_H                            
0000059e  UCB1ADDMASK                            
0000059e  UCB1ADDMASK_L                          
0000059f  UCB1ADDMASK_H                          
000005a0  UCB1I2CSA                              
000005a0  UCB1I2CSA_L                            
000005a1  UCB1I2CSA_H                            
000005aa  UCB1IE                                 
000005aa  UCB1IE_L                               
000005ab  UCB1IE_H                               
000005ac  UCB1IFG                                
000005ac  UCB1IFG_L                              
000005ad  UCB1IFG_H                              
000005ae  UCB1IV                                 
000005ae  UCB1IV_L                               
000005af  UCB1IV_H                               
00000660  BAKMEM0                                
00000660  BAKMEM0_L                              
00000661  BAKMEM0_H                              
00000662  BAKMEM1                                
00000662  BAKMEM1_L                              
00000663  BAKMEM1_H                              
00000664  BAKMEM2                                
00000664  BAKMEM2_L                              
00000665  BAKMEM2_H                              
00000666  BAKMEM3                                
00000666  BAKMEM3_L                              
00000667  BAKMEM3_H                              
00000668  BAKMEM4                                
00000668  BAKMEM4_L                              
00000669  BAKMEM4_H                              
0000066a  BAKMEM5                                
0000066a  BAKMEM5_L                              
0000066b  BAKMEM5_H                              
0000066c  BAKMEM6                                
0000066c  BAKMEM6_L                              
0000066d  BAKMEM6_H                              
0000066e  BAKMEM7                                
0000066e  BAKMEM7_L                              
0000066f  BAKMEM7_H                              
00000670  BAKMEM8                                
00000670  BAKMEM8_L                              
00000671  BAKMEM8_H                              
00000672  BAKMEM9                                
00000672  BAKMEM9_L                              
00000673  BAKMEM9_H                              
00000674  BAKMEM10                               
00000674  BAKMEM10_L                             
00000675  BAKMEM10_H                             
00000676  BAKMEM11                               
00000676  BAKMEM11_L                             
00000677  BAKMEM11_H                             
00000678  BAKMEM12                               
00000678  BAKMEM12_L                             
00000679  BAKMEM12_H                             
0000067a  BAKMEM13                               
0000067a  BAKMEM13_L                             
0000067b  BAKMEM13_H                             
0000067c  BAKMEM14                               
0000067c  BAKMEM14_L                             
0000067d  BAKMEM14_H                             
0000067e  BAKMEM15                               
0000067e  BAKMEM15_L                             
0000067f  BAKMEM15_H                             
00000700  ADCCTL0                                
00000700  ADCCTL0_L                              
00000701  ADCCTL0_H                              
00000702  ADCCTL1                                
00000702  ADCCTL1_L                              
00000703  ADCCTL1_H                              
00000704  ADCCTL2                                
00000704  ADCCTL2_L                              
00000705  ADCCTL2_H                              
00000706  ADCLO                                  
00000706  ADCLO_L                                
00000707  ADCLO_H                                
00000708  ADCHI                                  
00000708  ADCHI_L                                
00000709  ADCHI_H                                
0000070a  ADCMCTL0                               
0000070a  ADCMCTL0_L                             
0000070b  ADCMCTL0_H                             
00000712  ADCMEM0                                
00000712  ADCMEM0_L                              
00000713  ADCMEM0_H                              
0000071a  ADCIE                                  
0000071a  ADCIE_L                                
0000071b  ADCIE_H                                
0000071c  ADCIFG                                 
0000071c  ADCIFG_L                               
0000071d  ADCIFG_H                               
0000071e  ADCIV                                  
0000071e  ADCIV_L                                
0000071f  ADCIV_H                                
000008e0  CP0CTL0                                
000008e0  CP0CTL0_L                              
000008e1  CP0CTL0_H                              
000008e2  CP0CTL1                                
000008e2  CP0CTL1_L                              
000008e3  CP0CTL1_H                              
000008e6  CP0INT                                 
000008e6  CP0INT_L                               
000008e7  CP0INT_H                               
000008e8  CP0IV                                  
000008e8  CP0IV_L                                
000008e9  CP0IV_H                                
000008f0  CP0DACCTL                              
000008f0  CP0DACCTL_L                            
000008f1  CP0DACCTL_H                            
000008f2  CP0DACDATA                             
000008f2  CP0DACDATA_L                           
000008f3  CP0DACDATA_H                           
00002898  pxCurrentTCB                           
000028c2  usCriticalNesting                      
00003f60  _stack                                 
00004000  __STACK_END                            
00008000  __TI_Handler_Table_Base                
00008000  fram_rw_start                          
00008000  fram_rx_start                          
0000800c  __TI_Handler_Table_Limit               
0000801c  __TI_CINIT_Base                        
0000802c  __TI_CINIT_Limit                       
00008062  xQueueGenericSend                      
000081f8  xQueueReceive                          
000084b2  xTaskIncrementTick                     
000085c4  __TI_decompress_lzss                   
000086b2  xTaskResumeAll                         
00008852  vPortPreemptiveTickISR                 
00008882  vPortCooperativeTickISR                
000088ae  vPortYield                             
000088de  xPortStartScheduler                    
00008a34  xTaskCheckForTimeOut                   
00008b6e  xQueueGenericReset                     
00008c0a  xTimerGenericCommand                   
00008da0  xQueueGenericSendFromISR               
00008e22  xTaskRemoveFromEventList               
00008ea2  xTaskCreate                            
000090f4  vTaskSwitchContext                     
00009164  __TI_auto_init_nobinit_nopinit_hold_wdt
0000922c  vTaskStartScheduler                    
000092d4  pvPortMalloc                           
00009324  vListInsert                            
00009374  vQueueWaitForMessageRestricted         
00009412  xQueueGenericCreate                    
00009460  xTimerCreateTimerTask                  
000094a4  __memcpy_far                           
000094e4  __TI_zero_init                         
00009522  __mpu_init                             
0000955e  __TI_decompress_none                   
0000959a  main                                   
0000960a  vTaskPlaceOnEventListRestricted        
00009642  vTaskDelay                             
00009676  uxListRemove                           
00009730  vTaskPlaceOnEventList                  
000097de  xTaskGetTickCount                      
00009806  vApplicationSetupTimerInterrupt        
00009806  vPortSetupTimerInterrupt               
0000982c  vListInitialise                        
00009852  vListInsertEnd                         
00009876  pxPortInitialiseStack                  
00009896  GPIO_setAsOutputPin                    
000098b4  __mspabi_mpyi_f5hw                     
000098cc  xTaskGetSchedulerState                 
000098e4  GPIO_setOutputLowOnPin                 
000098fa  GPIO_toggleOutputOnPin                 
00009910  WDT_A_hold                             
00009968  taskBlinkLight                         
0000997e  memset                                 
00009992  vTaskInternalSetTimeOutState           
000099a6  memcpy                                 
000099b8  vPortFree                              
000099c6  vApplicationIdleHook                   
000099d2  PMM_unlockLPM5                         
000099d8  C$$EXIT                                
000099d8  abort                                  
000099de  vListInitialiseItem                    
000099e4  vTaskMissedYield                       
000099ea  vTaskSuspendAll                        
000099f0  _system_pre_init                       
000099f4  _system_post_cinit                     
000099f6  _c_int00_noargs_mpu                    
00009a16  vTickISREntry                          
00009a26  __TI_ISR_TRAP                          
0000ffca  __TI_int20                             
0000ffcc  __TI_int21                             
0000ffce  __TI_int22                             
0000ffd0  __TI_int23                             
0000ffd2  __TI_int24                             
0000ffd4  __TI_int25                             
0000ffd6  __TI_int26                             
0000ffd8  __TI_int27                             
0000ffda  __TI_int28                             
0000ffdc  __TI_int29                             
0000ffde  __TI_int30                             
0000ffe0  __TI_int31                             
0000ffe2  __TI_int32                             
0000ffe4  __TI_int33                             
0000ffe6  __TI_int34                             
0000ffe8  __TI_int35                             
0000ffea  __TI_int36                             
0000ffec  __TI_int37                             
0000ffee  __TI_int38                             
0000fff0  __TI_int39                             
0000fff2  __TI_int40                             
0000fff4  __TI_int41                             
0000fff6  __TI_int42                             
0000fff8  __TI_int43                             
0000fffa  __TI_int44                             
0000fffc  __TI_int45                             
0000fffe  _reset_vector                          
ffffffff  __TI_pprof_out_hndl                    
ffffffff  __TI_prof_data_size                    
ffffffff  __TI_prof_data_start                   
ffffffff  __c_args__                             

[1038 symbols]
